Startpoint: _7082_ (rising edge-triggered flip-flop clocked by clk)
Endpoint: _7082_ (rising edge-triggered flip-flop clocked by clk)
Path Group: clk
Path Type: min

  Delay    Time   Description
---------------------------------------------------------
   0.00    0.00   clock clk (rise edge)
   0.00    0.00   clock network delay (ideal)
   0.00    0.00 ^ _7082_/CLK (sky130_fd_sc_hd__dfxtp_4)
   0.26    0.26 v _7082_/Q (sky130_fd_sc_hd__dfxtp_4)
   0.07    0.33 ^ _2833_/Y (sky130_fd_sc_hd__nor2_2)
   0.03    0.36 v _2835_/Y (sky130_fd_sc_hd__nor3_2)
   0.00    0.36 v _7082_/D (sky130_fd_sc_hd__dfxtp_4)
           0.36   data arrival time

   0.00    0.00   clock clk (rise edge)
   0.00    0.00   clock network delay (ideal)
   0.00    0.00   clock reconvergence pessimism
           0.00 ^ _7082_/CLK (sky130_fd_sc_hd__dfxtp_4)
   0.01    0.01   library hold time
           0.01   data required time
---------------------------------------------------------
           0.01   data required time
          -0.36   data arrival time
---------------------------------------------------------
           0.35   slack (MET)


Startpoint: B0[0] (input port clocked by clk)
Endpoint: _7081_ (rising edge-triggered flip-flop clocked by clk)
Path Group: clk
Path Type: max

  Delay    Time   Description
---------------------------------------------------------
   0.00    0.00   clock clk (rise edge)
   0.00    0.00   clock network delay (ideal)
  50.00   50.00 ^ input external delay
   0.06   50.06 ^ B0[0] (in)
   0.07   50.14 v _4773_/Y (sky130_fd_sc_hd__inv_8)
   1.05   51.19 v macmulnegator.B0_adder.adder_chain[0].adder/COUT (sky130_fd_sc_hd__fa_4)
   0.95   52.14 v macmulnegator.B0_adder.adder_chain[1].adder/COUT (sky130_fd_sc_hd__fa_4)
   0.95   53.09 v macmulnegator.B0_adder.adder_chain[2].adder/COUT (sky130_fd_sc_hd__fa_4)
   0.95   54.04 v macmulnegator.B0_adder.adder_chain[3].adder/COUT (sky130_fd_sc_hd__fa_4)
   0.95   54.99 v macmulnegator.B0_adder.adder_chain[4].adder/COUT (sky130_fd_sc_hd__fa_4)
   0.95   55.94 v macmulnegator.B0_adder.adder_chain[5].adder/COUT (sky130_fd_sc_hd__fa_4)
   0.96   56.90 v macmulnegator.B0_adder.adder_chain[6].adder/COUT (sky130_fd_sc_hd__fa_4)
   0.92   57.82 v macmulnegator.B0_adder.adder_chain[7].adder/COUT (sky130_fd_sc_hd__fa_4)
   0.75   58.57 v _4686_/X (sky130_fd_sc_hd__or2_2)
   0.95   59.52 v macmulnegator.B1_adder.adder_chain[0].adder/COUT (sky130_fd_sc_hd__fa_4)
   0.95   60.46 v macmulnegator.B1_adder.adder_chain[1].adder/COUT (sky130_fd_sc_hd__fa_4)
   0.95   61.41 v macmulnegator.B1_adder.adder_chain[2].adder/COUT (sky130_fd_sc_hd__fa_4)
   0.95   62.36 v macmulnegator.B1_adder.adder_chain[3].adder/COUT (sky130_fd_sc_hd__fa_4)
   0.94   63.30 v macmulnegator.B1_adder.adder_chain[4].adder/COUT (sky130_fd_sc_hd__fa_4)
   0.94   64.24 v macmulnegator.B1_adder.adder_chain[5].adder/COUT (sky130_fd_sc_hd__fa_4)
   0.95   65.19 v macmulnegator.B1_adder.adder_chain[6].adder/COUT (sky130_fd_sc_hd__fa_4)
   0.99   66.18 v macmulnegator.B1_adder.adder_chain[7].adder/COUT (sky130_fd_sc_hd__fa_4)
   0.75   66.93 v _4685_/X (sky130_fd_sc_hd__or2_2)
   0.93   67.85 v macmulnegator.B2_adder.adder_chain[0].adder/COUT (sky130_fd_sc_hd__fa_4)
   0.94   68.80 v macmulnegator.B2_adder.adder_chain[1].adder/COUT (sky130_fd_sc_hd__fa_4)
   0.95   69.75 v macmulnegator.B2_adder.adder_chain[2].adder/COUT (sky130_fd_sc_hd__fa_4)
   0.95   70.70 v macmulnegator.B2_adder.adder_chain[3].adder/COUT (sky130_fd_sc_hd__fa_4)
   0.95   71.65 v macmulnegator.B2_adder.adder_chain[4].adder/COUT (sky130_fd_sc_hd__fa_4)
   0.96   72.61 v macmulnegator.B2_adder.adder_chain[5].adder/COUT (sky130_fd_sc_hd__fa_4)
   0.95   73.56 v macmulnegator.B2_adder.adder_chain[6].adder/COUT (sky130_fd_sc_hd__fa_4)
   0.96   74.52 v macmulnegator.B2_adder.adder_chain[7].adder/COUT (sky130_fd_sc_hd__fa_4)
   0.73   75.25 v _4684_/X (sky130_fd_sc_hd__or2_2)
   0.96   76.21 v macmulnegator.B3_adder.adder_chain[0].adder/COUT (sky130_fd_sc_hd__fa_4)
   0.95   77.16 v macmulnegator.B3_adder.adder_chain[1].adder/COUT (sky130_fd_sc_hd__fa_4)
   0.97   78.13 v macmulnegator.B3_adder.adder_chain[2].adder/COUT (sky130_fd_sc_hd__fa_4)
   1.30   79.43 v macmulnegator.B3_adder.adder_chain[3].adder/SUM (sky130_fd_sc_hd__fa_4)
   0.13   79.56 ^ _5719_/Y (sky130_fd_sc_hd__nand2_2)
   0.42   79.97 ^ _5720_/X (sky130_fd_sc_hd__and2_2)
   0.84   80.82 ^ _5886_/X (sky130_fd_sc_hd__buf_1)
   0.30   81.12 v _5894_/Y (sky130_fd_sc_hd__nor2_2)
   1.38   82.50 v macmul3.A0B3_mul_block.array_multiplier.horizontal[3].vertical[0].multiplier_cell.adder/SUM (sky130_fd_sc_hd__fa_4)
   1.11   83.61 v macmul3.A0B3_mul_block.array_multiplier.horizontal[2].vertical[1].multiplier_cell.adder/COUT (sky130_fd_sc_hd__fa_4)
   1.32   84.93 v macmul3.A0B3_mul_block.array_multiplier.horizontal[3].vertical[1].multiplier_cell.adder/SUM (sky130_fd_sc_hd__fa_4)
   1.12   86.05 v macmul3.A0B3_mul_block.array_multiplier.horizontal[2].vertical[2].multiplier_cell.adder/COUT (sky130_fd_sc_hd__fa_4)
   0.95   87.00 v macmul3.A0B3_mul_block.array_multiplier.horizontal[3].vertical[2].multiplier_cell.adder/COUT (sky130_fd_sc_hd__fa_4)
   0.95   87.95 v macmul3.A0B3_mul_block.array_multiplier.horizontal[4].vertical[2].multiplier_cell.adder/COUT (sky130_fd_sc_hd__fa_4)
   1.57   89.52 ^ macmul3.A0B3_mul_block.array_multiplier.horizontal[5].vertical[2].multiplier_cell.adder/SUM (sky130_fd_sc_hd__fa_4)
   1.31   90.83 v macmul3.A0B3_mul_block.array_multiplier.horizontal[4].vertical[3].multiplier_cell.adder/SUM (sky130_fd_sc_hd__fa_4)
   1.11   91.95 v macmul3.A0B3_mul_block.array_multiplier.horizontal[3].vertical[4].multiplier_cell.adder/COUT (sky130_fd_sc_hd__fa_4)
   1.57   93.52 ^ macmul3.A0B3_mul_block.array_multiplier.horizontal[4].vertical[4].multiplier_cell.adder/SUM (sky130_fd_sc_hd__fa_4)
   1.31   94.82 v macmul3.A0B3_mul_block.array_multiplier.horizontal[3].vertical[5].multiplier_cell.adder/SUM (sky130_fd_sc_hd__fa_4)
   1.11   95.93 v macmul3.A0B3_mul_block.array_multiplier.horizontal[2].vertical[6].multiplier_cell.adder/COUT (sky130_fd_sc_hd__fa_4)
   0.95   96.88 v macmul3.A0B3_mul_block.array_multiplier.horizontal[3].vertical[6].multiplier_cell.adder/COUT (sky130_fd_sc_hd__fa_4)
   1.57   98.44 ^ macmul3.A0B3_mul_block.array_multiplier.horizontal[4].vertical[6].multiplier_cell.adder/SUM (sky130_fd_sc_hd__fa_4)
   1.30   99.74 v macmul3.A0B3_mul_block.array_multiplier.horizontal[3].vertical[7].multiplier_cell.adder/SUM (sky130_fd_sc_hd__fa_4)
   1.11  100.86 v macmul3.block_1_adder.adder_chain[2].adder/COUT (sky130_fd_sc_hd__fa_4)
   0.95  101.81 v macmul3.block_1_adder.adder_chain[3].adder/COUT (sky130_fd_sc_hd__fa_4)
   0.95  102.76 v macmul3.block_1_adder.adder_chain[4].adder/COUT (sky130_fd_sc_hd__fa_4)
   0.95  103.72 v macmul3.block_1_adder.adder_chain[5].adder/COUT (sky130_fd_sc_hd__fa_4)
   0.95  104.67 v macmul3.block_1_adder.adder_chain[6].adder/COUT (sky130_fd_sc_hd__fa_4)
   0.98  105.65 v macmul3.block_1_adder.adder_chain[7].adder/COUT (sky130_fd_sc_hd__fa_4)
   0.95  106.60 v macmul3.block_2_adder.adder_chain[0].adder/COUT (sky130_fd_sc_hd__fa_4)
   0.94  107.54 v macmul3.block_2_adder.adder_chain[1].adder/COUT (sky130_fd_sc_hd__fa_4)
   0.94  108.48 v macmul3.block_2_adder.adder_chain[2].adder/COUT (sky130_fd_sc_hd__fa_4)
   0.94  109.42 v macmul3.block_2_adder.adder_chain[3].adder/COUT (sky130_fd_sc_hd__fa_4)
   0.94  110.36 v macmul3.block_2_adder.adder_chain[4].adder/COUT (sky130_fd_sc_hd__fa_4)
   0.95  111.31 v macmul3.block_2_adder.adder_chain[5].adder/COUT (sky130_fd_sc_hd__fa_4)
   0.95  112.26 v macmul3.block_2_adder.adder_chain[6].adder/COUT (sky130_fd_sc_hd__fa_4)
   0.92  113.18 v macmul3.block_2_adder.adder_chain[7].adder/COUT (sky130_fd_sc_hd__fa_4)
   0.50  113.68 v _6006_/X (sky130_fd_sc_hd__and3_2)
   0.91  114.59 v macmul3.block_3_adder.adder_chain[0].adder/COUT (sky130_fd_sc_hd__fa_4)
   0.95  115.53 v macmul3.block_3_adder.adder_chain[1].adder/COUT (sky130_fd_sc_hd__fa_4)
   1.38  116.91 v macmul3.block_3_adder.adder_chain[2].adder/SUM (sky130_fd_sc_hd__fa_4)
   0.27  117.18 ^ _3828_/Y (sky130_fd_sc_hd__nor2_2)
   0.12  117.30 v _3829_/Y (sky130_fd_sc_hd__nor3_2)
   0.73  118.03 v _3830_/X (sky130_fd_sc_hd__or2_2)
   1.03  119.06 v maccombiner.partial2_upper_partial3_full_adder.adder_chain[10].adder/COUT (sky130_fd_sc_hd__fa_4)
   0.94  120.00 v maccombiner.partial2_upper_partial3_full_adder.adder_chain[11].adder/COUT (sky130_fd_sc_hd__fa_4)
   1.41  121.41 v maccombiner.partial2_upper_partial3_full_adder.adder_chain[12].adder/SUM (sky130_fd_sc_hd__fa_4)
   1.09  122.51 v maccombiner.quad_full_adder.adder_chain[20].adder/COUT (sky130_fd_sc_hd__fa_4)
   0.94  123.45 v maccombiner.quad_full_adder.adder_chain[21].adder/COUT (sky130_fd_sc_hd__fa_4)
   0.95  124.40 v maccombiner.quad_full_adder.adder_chain[22].adder/COUT (sky130_fd_sc_hd__fa_4)
   0.95  125.34 v maccombiner.quad_full_adder.adder_chain[23].adder/COUT (sky130_fd_sc_hd__fa_4)
   0.95  126.29 v maccombiner.quad_full_adder.adder_chain[24].adder/COUT (sky130_fd_sc_hd__fa_4)
   0.95  127.24 v maccombiner.quad_full_adder.adder_chain[25].adder/COUT (sky130_fd_sc_hd__fa_4)
   0.95  128.19 v maccombiner.quad_full_adder.adder_chain[26].adder/COUT (sky130_fd_sc_hd__fa_4)
   0.95  129.14 v maccombiner.quad_full_adder.adder_chain[27].adder/COUT (sky130_fd_sc_hd__fa_4)
   0.95  130.08 v maccombiner.quad_full_adder.adder_chain[28].adder/COUT (sky130_fd_sc_hd__fa_4)
   0.94  131.03 v maccombiner.quad_full_adder.adder_chain[29].adder/COUT (sky130_fd_sc_hd__fa_4)
   0.94  131.97 v maccombiner.quad_full_adder.adder_chain[30].adder/COUT (sky130_fd_sc_hd__fa_4)
   0.95  132.92 v maccombiner.quad_full_adder.adder_chain[31].adder/COUT (sky130_fd_sc_hd__fa_4)
   1.55  134.47 ^ maccombiner.quad_full_adder.adder_chain[32].adder/SUM (sky130_fd_sc_hd__fa_4)
   0.09  134.56 v _4266_/Y (sky130_fd_sc_hd__nor2_2)
   1.24  135.81 v _4268_/X (sky130_fd_sc_hd__or3_2)
   1.14  136.94 v macaccnegator.C1_adder.adder_chain[16].adder/COUT (sky130_fd_sc_hd__fa_4)
   0.95  137.90 v macaccnegator.C1_adder.adder_chain[17].adder/COUT (sky130_fd_sc_hd__fa_4)
   0.95  138.85 v macaccnegator.C1_adder.adder_chain[18].adder/COUT (sky130_fd_sc_hd__fa_4)
   0.95  139.80 v macaccnegator.C1_adder.adder_chain[19].adder/COUT (sky130_fd_sc_hd__fa_4)
   0.95  140.74 v macaccnegator.C1_adder.adder_chain[20].adder/COUT (sky130_fd_sc_hd__fa_4)
   0.94  141.69 v macaccnegator.C1_adder.adder_chain[21].adder/COUT (sky130_fd_sc_hd__fa_4)
   0.95  142.64 v macaccnegator.C1_adder.adder_chain[22].adder/COUT (sky130_fd_sc_hd__fa_4)
   0.95  143.59 v macaccnegator.C1_adder.adder_chain[23].adder/COUT (sky130_fd_sc_hd__fa_4)
   0.95  144.54 v macaccnegator.C1_adder.adder_chain[24].adder/COUT (sky130_fd_sc_hd__fa_4)
   0.94  145.49 v macaccnegator.C1_adder.adder_chain[25].adder/COUT (sky130_fd_sc_hd__fa_4)
   0.95  146.44 v macaccnegator.C1_adder.adder_chain[26].adder/COUT (sky130_fd_sc_hd__fa_4)
   0.95  147.39 v macaccnegator.C1_adder.adder_chain[27].adder/COUT (sky130_fd_sc_hd__fa_4)
   0.95  148.34 v macaccnegator.C1_adder.adder_chain[28].adder/COUT (sky130_fd_sc_hd__fa_4)
   0.95  149.29 v macaccnegator.C1_adder.adder_chain[29].adder/COUT (sky130_fd_sc_hd__fa_4)
   0.95  150.24 v macaccnegator.C1_adder.adder_chain[30].adder/COUT (sky130_fd_sc_hd__fa_4)
   1.00  151.24 v macaccnegator.C1_adder.adder_chain[31].adder/COUT (sky130_fd_sc_hd__fa_4)
   0.75  151.99 v _4518_/X (sky130_fd_sc_hd__or2_2)
   0.93  152.92 v macaccnegator.C2_adder.adder_chain[0].adder/COUT (sky130_fd_sc_hd__fa_4)
   0.95  153.87 v macaccnegator.C2_adder.adder_chain[1].adder/COUT (sky130_fd_sc_hd__fa_4)
   0.95  154.82 v macaccnegator.C2_adder.adder_chain[2].adder/COUT (sky130_fd_sc_hd__fa_4)
   0.94  155.76 v macaccnegator.C2_adder.adder_chain[3].adder/COUT (sky130_fd_sc_hd__fa_4)
   0.94  156.70 v macaccnegator.C2_adder.adder_chain[4].adder/COUT (sky130_fd_sc_hd__fa_4)
   0.95  157.65 v macaccnegator.C2_adder.adder_chain[5].adder/COUT (sky130_fd_sc_hd__fa_4)
   0.95  158.59 v macaccnegator.C2_adder.adder_chain[6].adder/COUT (sky130_fd_sc_hd__fa_4)
   0.95  159.54 v macaccnegator.C2_adder.adder_chain[7].adder/COUT (sky130_fd_sc_hd__fa_4)
   0.94  160.48 v macaccnegator.C2_adder.adder_chain[8].adder/COUT (sky130_fd_sc_hd__fa_4)
   0.95  161.43 v macaccnegator.C2_adder.adder_chain[9].adder/COUT (sky130_fd_sc_hd__fa_4)
   0.94  162.37 v macaccnegator.C2_adder.adder_chain[10].adder/COUT (sky130_fd_sc_hd__fa_4)
   0.95  163.32 v macaccnegator.C2_adder.adder_chain[11].adder/COUT (sky130_fd_sc_hd__fa_4)
   0.96  164.27 v macaccnegator.C2_adder.adder_chain[12].adder/COUT (sky130_fd_sc_hd__fa_4)
   0.95  165.22 v macaccnegator.C2_adder.adder_chain[13].adder/COUT (sky130_fd_sc_hd__fa_4)
   0.95  166.17 v macaccnegator.C2_adder.adder_chain[14].adder/COUT (sky130_fd_sc_hd__fa_4)
   0.95  167.12 v macaccnegator.C2_adder.adder_chain[15].adder/COUT (sky130_fd_sc_hd__fa_4)
   0.95  168.07 v macaccnegator.C2_adder.adder_chain[16].adder/COUT (sky130_fd_sc_hd__fa_4)
   0.95  169.02 v macaccnegator.C2_adder.adder_chain[17].adder/COUT (sky130_fd_sc_hd__fa_4)
   0.95  169.97 v macaccnegator.C2_adder.adder_chain[18].adder/COUT (sky130_fd_sc_hd__fa_4)
   0.95  170.93 v macaccnegator.C2_adder.adder_chain[19].adder/COUT (sky130_fd_sc_hd__fa_4)
   0.94  171.87 v macaccnegator.C2_adder.adder_chain[20].adder/COUT (sky130_fd_sc_hd__fa_4)
   0.95  172.82 v macaccnegator.C2_adder.adder_chain[21].adder/COUT (sky130_fd_sc_hd__fa_4)
   0.95  173.76 v macaccnegator.C2_adder.adder_chain[22].adder/COUT (sky130_fd_sc_hd__fa_4)
   0.94  174.71 v macaccnegator.C2_adder.adder_chain[23].adder/COUT (sky130_fd_sc_hd__fa_4)
   0.94  175.65 v macaccnegator.C2_adder.adder_chain[24].adder/COUT (sky130_fd_sc_hd__fa_4)
   0.95  176.60 v macaccnegator.C2_adder.adder_chain[25].adder/COUT (sky130_fd_sc_hd__fa_4)
   0.95  177.55 v macaccnegator.C2_adder.adder_chain[26].adder/COUT (sky130_fd_sc_hd__fa_4)
   0.95  178.51 v macaccnegator.C2_adder.adder_chain[27].adder/COUT (sky130_fd_sc_hd__fa_4)
   0.95  179.45 v macaccnegator.C2_adder.adder_chain[28].adder/COUT (sky130_fd_sc_hd__fa_4)
   0.94  180.39 v macaccnegator.C2_adder.adder_chain[29].adder/COUT (sky130_fd_sc_hd__fa_4)
   0.95  181.35 v macaccnegator.C2_adder.adder_chain[30].adder/COUT (sky130_fd_sc_hd__fa_4)
   0.91  182.26 v macaccnegator.C2_adder.adder_chain[31].adder/COUT (sky130_fd_sc_hd__fa_4)
   0.77  183.03 v _4517_/X (sky130_fd_sc_hd__or2_2)
   0.94  183.97 v macaccnegator.C3_adder.adder_chain[0].adder/COUT (sky130_fd_sc_hd__fa_4)
   0.96  184.93 v macaccnegator.C3_adder.adder_chain[1].adder/COUT (sky130_fd_sc_hd__fa_4)
   0.94  185.87 v macaccnegator.C3_adder.adder_chain[2].adder/COUT (sky130_fd_sc_hd__fa_4)
   0.94  186.81 v macaccnegator.C3_adder.adder_chain[3].adder/COUT (sky130_fd_sc_hd__fa_4)
   0.95  187.75 v macaccnegator.C3_adder.adder_chain[4].adder/COUT (sky130_fd_sc_hd__fa_4)
   0.95  188.70 v macaccnegator.C3_adder.adder_chain[5].adder/COUT (sky130_fd_sc_hd__fa_4)
   0.95  189.66 v macaccnegator.C3_adder.adder_chain[6].adder/COUT (sky130_fd_sc_hd__fa_4)
   0.96  190.61 v macaccnegator.C3_adder.adder_chain[7].adder/COUT (sky130_fd_sc_hd__fa_4)
   0.94  191.56 v macaccnegator.C3_adder.adder_chain[8].adder/COUT (sky130_fd_sc_hd__fa_4)
   0.95  192.51 v macaccnegator.C3_adder.adder_chain[9].adder/COUT (sky130_fd_sc_hd__fa_4)
   0.96  193.46 v macaccnegator.C3_adder.adder_chain[10].adder/COUT (sky130_fd_sc_hd__fa_4)
   0.96  194.42 v macaccnegator.C3_adder.adder_chain[11].adder/COUT (sky130_fd_sc_hd__fa_4)
   0.95  195.37 v macaccnegator.C3_adder.adder_chain[12].adder/COUT (sky130_fd_sc_hd__fa_4)
   0.95  196.32 v macaccnegator.C3_adder.adder_chain[13].adder/COUT (sky130_fd_sc_hd__fa_4)
   0.95  197.27 v macaccnegator.C3_adder.adder_chain[14].adder/COUT (sky130_fd_sc_hd__fa_4)
   0.95  198.23 v macaccnegator.C3_adder.adder_chain[15].adder/COUT (sky130_fd_sc_hd__fa_4)
   1.26  199.48 v macaccnegator.C3_adder.adder_chain[16].adder/SUM (sky130_fd_sc_hd__fa_4)
   0.71  200.20 v _3985_/X (sky130_fd_sc_hd__or2_2)
   0.48  200.67 v _3986_/X (sky130_fd_sc_hd__and2_2)
   1.02  201.69 v macacc.acc3.accumlate_adder.adder_chain[16].adder/COUT (sky130_fd_sc_hd__fa_4)
   0.95  202.64 v macacc.acc3.accumlate_adder.adder_chain[17].adder/COUT (sky130_fd_sc_hd__fa_4)
   0.94  203.59 v macacc.acc3.accumlate_adder.adder_chain[18].adder/COUT (sky130_fd_sc_hd__fa_4)
   0.97  204.56 v macacc.acc3.accumlate_adder.adder_chain[19].adder/COUT (sky130_fd_sc_hd__fa_4)
   0.96  205.52 v macacc.acc3.accumlate_adder.adder_chain[20].adder/COUT (sky130_fd_sc_hd__fa_4)
   0.94  206.46 v macacc.acc3.accumlate_adder.adder_chain[21].adder/COUT (sky130_fd_sc_hd__fa_4)
   0.96  207.42 v macacc.acc3.accumlate_adder.adder_chain[22].adder/COUT (sky130_fd_sc_hd__fa_4)
   0.95  208.37 v macacc.acc3.accumlate_adder.adder_chain[23].adder/COUT (sky130_fd_sc_hd__fa_4)
   0.95  209.33 v macacc.acc3.accumlate_adder.adder_chain[24].adder/COUT (sky130_fd_sc_hd__fa_4)
   0.94  210.27 v macacc.acc3.accumlate_adder.adder_chain[25].adder/COUT (sky130_fd_sc_hd__fa_4)
   0.94  211.21 v macacc.acc3.accumlate_adder.adder_chain[26].adder/COUT (sky130_fd_sc_hd__fa_4)
   0.95  212.16 v macacc.acc3.accumlate_adder.adder_chain[27].adder/COUT (sky130_fd_sc_hd__fa_4)
   0.95  213.12 v macacc.acc3.accumlate_adder.adder_chain[28].adder/COUT (sky130_fd_sc_hd__fa_4)
   0.95  214.06 v macacc.acc3.accumlate_adder.adder_chain[29].adder/COUT (sky130_fd_sc_hd__fa_4)
   0.96  215.02 v macacc.acc3.accumlate_adder.adder_chain[30].adder/COUT (sky130_fd_sc_hd__fa_4)
   1.56  216.58 ^ macacc.acc3.accumlate_adder.adder_chain[31].adder/SUM (sky130_fd_sc_hd__fa_4)
   0.09  216.67 v _2838_/Y (sky130_fd_sc_hd__nor2_2)
   0.27  216.94 ^ _2839_/Y (sky130_fd_sc_hd__nor3_2)
   0.14  217.08 v _2840_/Y (sky130_fd_sc_hd__nor2_2)
   0.13  217.21 ^ _2841_/Y (sky130_fd_sc_hd__nor2_2)
   0.00  217.21 ^ _7081_/D (sky130_fd_sc_hd__dfxtp_4)
         217.21   data arrival time

 250.00  250.00   clock clk (rise edge)
   0.00  250.00   clock network delay (ideal)
   0.00  250.00   clock reconvergence pessimism
         250.00 ^ _7081_/CLK (sky130_fd_sc_hd__dfxtp_4)
  -0.12  249.88   library setup time
         249.88   data required time
---------------------------------------------------------
         249.88   data required time
        -217.21   data arrival time
---------------------------------------------------------
          32.68   slack (MET)


