Startpoint: _8814_ (rising edge-triggered flip-flop clocked by clk)
Endpoint: _8762_ (rising edge-triggered flip-flop clocked by clk)
Path Group: clk
Path Type: min

  Delay    Time   Description
---------------------------------------------------------
   0.00    0.00   clock clk (rise edge)
   0.00    0.00   clock network delay (ideal)
   0.00    0.00 ^ _8814_/CLK (sky130_fd_sc_hd__dfxtp_4)
   0.22    0.22 v _8814_/Q (sky130_fd_sc_hd__dfxtp_4)
   0.03    0.24 ^ _6216_/Y (sky130_fd_sc_hd__inv_8)
   0.02    0.26 v _6217_/Y (sky130_fd_sc_hd__nor2_2)
   0.00    0.26 v _8762_/D (sky130_fd_sc_hd__dfxtp_4)
           0.26   data arrival time

   0.00    0.00   clock clk (rise edge)
   0.00    0.00   clock network delay (ideal)
   0.00    0.00   clock reconvergence pessimism
           0.00 ^ _8762_/CLK (sky130_fd_sc_hd__dfxtp_4)
  -0.03   -0.03   library hold time
          -0.03   data required time
---------------------------------------------------------
          -0.03   data required time
          -0.26   data arrival time
---------------------------------------------------------
           0.29   slack (MET)


Startpoint: _9042_ (rising edge-triggered flip-flop clocked by clk)
Endpoint: _9041_ (rising edge-triggered flip-flop clocked by clk)
Path Group: clk
Path Type: max

  Delay    Time   Description
---------------------------------------------------------
   0.00    0.00   clock clk (rise edge)
   0.00    0.00   clock network delay (ideal)
   0.00    0.00 ^ _9042_/CLK (sky130_fd_sc_hd__dfxtp_4)
   0.71    0.71 ^ _9042_/Q (sky130_fd_sc_hd__dfxtp_4)
   0.42    1.13 ^ _4829_/X (sky130_fd_sc_hd__buf_1)
   0.31    1.44 ^ _5528_/X (sky130_fd_sc_hd__or2_2)
   0.69    2.14 ^ _5529_/X (sky130_fd_sc_hd__buf_1)
   0.64    2.77 ^ _6984_/X (sky130_fd_sc_hd__and3_2)
   0.07    2.84 v _6985_/Y (sky130_fd_sc_hd__nor3_2)
   0.69    3.53 v _6986_/X (sky130_fd_sc_hd__or2_2)
   0.38    3.91 v _6987_/X (sky130_fd_sc_hd__buf_1)
   0.17    4.09 ^ _6988_/Y (sky130_fd_sc_hd__inv_8)
   0.38    4.46 ^ _6989_/X (sky130_fd_sc_hd__buf_1)
   0.32    4.78 ^ _6990_/X (sky130_fd_sc_hd__or2_2)
   0.19    4.97 v _6994_/Y (sky130_fd_sc_hd__nand2_2)
   1.10    6.07 v macacc.acc0.accumlate_adder.adder_chain[0].adder/COUT (sky130_fd_sc_hd__fa_4)
   0.96    7.03 v macacc.acc0.accumlate_adder.adder_chain[1].adder/COUT (sky130_fd_sc_hd__fa_4)
   0.94    7.96 v macacc.acc0.accumlate_adder.adder_chain[2].adder/COUT (sky130_fd_sc_hd__fa_4)
   0.94    8.91 v macacc.acc0.accumlate_adder.adder_chain[3].adder/COUT (sky130_fd_sc_hd__fa_4)
   0.94    9.85 v macacc.acc0.accumlate_adder.adder_chain[4].adder/COUT (sky130_fd_sc_hd__fa_4)
   0.94   10.79 v macacc.acc0.accumlate_adder.adder_chain[5].adder/COUT (sky130_fd_sc_hd__fa_4)
   0.96   11.74 v macacc.acc0.accumlate_adder.adder_chain[6].adder/COUT (sky130_fd_sc_hd__fa_4)
   0.95   12.69 v macacc.acc0.accumlate_adder.adder_chain[7].adder/COUT (sky130_fd_sc_hd__fa_4)
   0.95   13.64 v macacc.acc0.accumlate_adder.adder_chain[8].adder/COUT (sky130_fd_sc_hd__fa_4)
   0.94   14.58 v macacc.acc0.accumlate_adder.adder_chain[9].adder/COUT (sky130_fd_sc_hd__fa_4)
   0.95   15.53 v macacc.acc0.accumlate_adder.adder_chain[10].adder/COUT (sky130_fd_sc_hd__fa_4)
   0.94   16.46 v macacc.acc0.accumlate_adder.adder_chain[11].adder/COUT (sky130_fd_sc_hd__fa_4)
   0.94   17.40 v macacc.acc0.accumlate_adder.adder_chain[12].adder/COUT (sky130_fd_sc_hd__fa_4)
   0.94   18.34 v macacc.acc0.accumlate_adder.adder_chain[13].adder/COUT (sky130_fd_sc_hd__fa_4)
   0.93   19.27 v macacc.acc0.accumlate_adder.adder_chain[14].adder/COUT (sky130_fd_sc_hd__fa_4)
   0.95   20.22 v macacc.acc0.accumlate_adder.adder_chain[15].adder/COUT (sky130_fd_sc_hd__fa_4)
   0.94   21.16 v macacc.acc0.accumlate_adder.adder_chain[16].adder/COUT (sky130_fd_sc_hd__fa_4)
   0.94   22.10 v macacc.acc0.accumlate_adder.adder_chain[17].adder/COUT (sky130_fd_sc_hd__fa_4)
   0.94   23.03 v macacc.acc0.accumlate_adder.adder_chain[18].adder/COUT (sky130_fd_sc_hd__fa_4)
   0.93   23.97 v macacc.acc0.accumlate_adder.adder_chain[19].adder/COUT (sky130_fd_sc_hd__fa_4)
   0.93   24.90 v macacc.acc0.accumlate_adder.adder_chain[20].adder/COUT (sky130_fd_sc_hd__fa_4)
   0.94   25.84 v macacc.acc0.accumlate_adder.adder_chain[21].adder/COUT (sky130_fd_sc_hd__fa_4)
   0.93   26.77 v macacc.acc0.accumlate_adder.adder_chain[22].adder/COUT (sky130_fd_sc_hd__fa_4)
   0.94   27.71 v macacc.acc0.accumlate_adder.adder_chain[23].adder/COUT (sky130_fd_sc_hd__fa_4)
   0.93   28.64 v macacc.acc0.accumlate_adder.adder_chain[24].adder/COUT (sky130_fd_sc_hd__fa_4)
   0.94   29.58 v macacc.acc0.accumlate_adder.adder_chain[25].adder/COUT (sky130_fd_sc_hd__fa_4)
   0.93   30.51 v macacc.acc0.accumlate_adder.adder_chain[26].adder/COUT (sky130_fd_sc_hd__fa_4)
   0.93   31.44 v macacc.acc0.accumlate_adder.adder_chain[27].adder/COUT (sky130_fd_sc_hd__fa_4)
   0.96   32.40 v macacc.acc0.accumlate_adder.adder_chain[28].adder/COUT (sky130_fd_sc_hd__fa_4)
   0.97   33.37 v macacc.acc0.accumlate_adder.adder_chain[29].adder/COUT (sky130_fd_sc_hd__fa_4)
   0.96   34.33 v macacc.acc0.accumlate_adder.adder_chain[30].adder/COUT (sky130_fd_sc_hd__fa_4)
   0.95   35.28 v macacc.acc0.accumlate_adder.adder_chain[31].adder/COUT (sky130_fd_sc_hd__fa_4)
   0.42   35.70 v _4582_/X (sky130_fd_sc_hd__and2_2)
   0.91   36.61 v macacc.acc1.accumlate_adder.adder_chain[0].adder/COUT (sky130_fd_sc_hd__fa_4)
   0.93   37.55 v macacc.acc1.accumlate_adder.adder_chain[1].adder/COUT (sky130_fd_sc_hd__fa_4)
   0.95   38.49 v macacc.acc1.accumlate_adder.adder_chain[2].adder/COUT (sky130_fd_sc_hd__fa_4)
   0.94   39.43 v macacc.acc1.accumlate_adder.adder_chain[3].adder/COUT (sky130_fd_sc_hd__fa_4)
   0.94   40.37 v macacc.acc1.accumlate_adder.adder_chain[4].adder/COUT (sky130_fd_sc_hd__fa_4)
   0.95   41.32 v macacc.acc1.accumlate_adder.adder_chain[5].adder/COUT (sky130_fd_sc_hd__fa_4)
   0.94   42.27 v macacc.acc1.accumlate_adder.adder_chain[6].adder/COUT (sky130_fd_sc_hd__fa_4)
   0.95   43.22 v macacc.acc1.accumlate_adder.adder_chain[7].adder/COUT (sky130_fd_sc_hd__fa_4)
   0.94   44.15 v macacc.acc1.accumlate_adder.adder_chain[8].adder/COUT (sky130_fd_sc_hd__fa_4)
   0.97   45.13 v macacc.acc1.accumlate_adder.adder_chain[9].adder/COUT (sky130_fd_sc_hd__fa_4)
   0.95   46.07 v macacc.acc1.accumlate_adder.adder_chain[10].adder/COUT (sky130_fd_sc_hd__fa_4)
   0.95   47.02 v macacc.acc1.accumlate_adder.adder_chain[11].adder/COUT (sky130_fd_sc_hd__fa_4)
   0.94   47.96 v macacc.acc1.accumlate_adder.adder_chain[12].adder/COUT (sky130_fd_sc_hd__fa_4)
   0.94   48.90 v macacc.acc1.accumlate_adder.adder_chain[13].adder/COUT (sky130_fd_sc_hd__fa_4)
   0.94   49.84 v macacc.acc1.accumlate_adder.adder_chain[14].adder/COUT (sky130_fd_sc_hd__fa_4)
   0.94   50.79 v macacc.acc1.accumlate_adder.adder_chain[15].adder/COUT (sky130_fd_sc_hd__fa_4)
   0.97   51.76 v macacc.acc1.accumlate_adder.adder_chain[16].adder/COUT (sky130_fd_sc_hd__fa_4)
   0.95   52.72 v macacc.acc1.accumlate_adder.adder_chain[17].adder/COUT (sky130_fd_sc_hd__fa_4)
   0.93   53.65 v macacc.acc1.accumlate_adder.adder_chain[18].adder/COUT (sky130_fd_sc_hd__fa_4)
   0.94   54.59 v macacc.acc1.accumlate_adder.adder_chain[19].adder/COUT (sky130_fd_sc_hd__fa_4)
   0.94   55.53 v macacc.acc1.accumlate_adder.adder_chain[20].adder/COUT (sky130_fd_sc_hd__fa_4)
   0.93   56.47 v macacc.acc1.accumlate_adder.adder_chain[21].adder/COUT (sky130_fd_sc_hd__fa_4)
   0.94   57.41 v macacc.acc1.accumlate_adder.adder_chain[22].adder/COUT (sky130_fd_sc_hd__fa_4)
   0.96   58.37 v macacc.acc1.accumlate_adder.adder_chain[23].adder/COUT (sky130_fd_sc_hd__fa_4)
   0.94   59.31 v macacc.acc1.accumlate_adder.adder_chain[24].adder/COUT (sky130_fd_sc_hd__fa_4)
   0.93   60.24 v macacc.acc1.accumlate_adder.adder_chain[25].adder/COUT (sky130_fd_sc_hd__fa_4)
   0.95   61.19 v macacc.acc1.accumlate_adder.adder_chain[26].adder/COUT (sky130_fd_sc_hd__fa_4)
   0.94   62.13 v macacc.acc1.accumlate_adder.adder_chain[27].adder/COUT (sky130_fd_sc_hd__fa_4)
   0.94   63.07 v macacc.acc1.accumlate_adder.adder_chain[28].adder/COUT (sky130_fd_sc_hd__fa_4)
   0.93   64.00 v macacc.acc1.accumlate_adder.adder_chain[29].adder/COUT (sky130_fd_sc_hd__fa_4)
   0.95   64.95 v macacc.acc1.accumlate_adder.adder_chain[30].adder/COUT (sky130_fd_sc_hd__fa_4)
   0.93   65.88 v macacc.acc1.accumlate_adder.adder_chain[31].adder/COUT (sky130_fd_sc_hd__fa_4)
   0.50   66.38 v _4581_/X (sky130_fd_sc_hd__and3_2)
   0.92   67.30 v macacc.acc2.accumlate_adder.adder_chain[0].adder/COUT (sky130_fd_sc_hd__fa_4)
   0.94   68.23 v macacc.acc2.accumlate_adder.adder_chain[1].adder/COUT (sky130_fd_sc_hd__fa_4)
   0.93   69.16 v macacc.acc2.accumlate_adder.adder_chain[2].adder/COUT (sky130_fd_sc_hd__fa_4)
   0.93   70.10 v macacc.acc2.accumlate_adder.adder_chain[3].adder/COUT (sky130_fd_sc_hd__fa_4)
   0.93   71.03 v macacc.acc2.accumlate_adder.adder_chain[4].adder/COUT (sky130_fd_sc_hd__fa_4)
   0.93   71.96 v macacc.acc2.accumlate_adder.adder_chain[5].adder/COUT (sky130_fd_sc_hd__fa_4)
   0.95   72.91 v macacc.acc2.accumlate_adder.adder_chain[6].adder/COUT (sky130_fd_sc_hd__fa_4)
   0.94   73.85 v macacc.acc2.accumlate_adder.adder_chain[7].adder/COUT (sky130_fd_sc_hd__fa_4)
   0.94   74.79 v macacc.acc2.accumlate_adder.adder_chain[8].adder/COUT (sky130_fd_sc_hd__fa_4)
   0.95   75.73 v macacc.acc2.accumlate_adder.adder_chain[9].adder/COUT (sky130_fd_sc_hd__fa_4)
   0.95   76.68 v macacc.acc2.accumlate_adder.adder_chain[10].adder/COUT (sky130_fd_sc_hd__fa_4)
   0.94   77.61 v macacc.acc2.accumlate_adder.adder_chain[11].adder/COUT (sky130_fd_sc_hd__fa_4)
   0.95   78.57 v macacc.acc2.accumlate_adder.adder_chain[12].adder/COUT (sky130_fd_sc_hd__fa_4)
   0.94   79.50 v macacc.acc2.accumlate_adder.adder_chain[13].adder/COUT (sky130_fd_sc_hd__fa_4)
   0.94   80.44 v macacc.acc2.accumlate_adder.adder_chain[14].adder/COUT (sky130_fd_sc_hd__fa_4)
   0.94   81.38 v macacc.acc2.accumlate_adder.adder_chain[15].adder/COUT (sky130_fd_sc_hd__fa_4)
   0.94   82.32 v macacc.acc2.accumlate_adder.adder_chain[16].adder/COUT (sky130_fd_sc_hd__fa_4)
   0.94   83.27 v macacc.acc2.accumlate_adder.adder_chain[17].adder/COUT (sky130_fd_sc_hd__fa_4)
   0.94   84.21 v macacc.acc2.accumlate_adder.adder_chain[18].adder/COUT (sky130_fd_sc_hd__fa_4)
   0.94   85.15 v macacc.acc2.accumlate_adder.adder_chain[19].adder/COUT (sky130_fd_sc_hd__fa_4)
   0.95   86.09 v macacc.acc2.accumlate_adder.adder_chain[20].adder/COUT (sky130_fd_sc_hd__fa_4)
   0.94   87.03 v macacc.acc2.accumlate_adder.adder_chain[21].adder/COUT (sky130_fd_sc_hd__fa_4)
   0.94   87.96 v macacc.acc2.accumlate_adder.adder_chain[22].adder/COUT (sky130_fd_sc_hd__fa_4)
   0.94   88.90 v macacc.acc2.accumlate_adder.adder_chain[23].adder/COUT (sky130_fd_sc_hd__fa_4)
   0.94   89.84 v macacc.acc2.accumlate_adder.adder_chain[24].adder/COUT (sky130_fd_sc_hd__fa_4)
   0.93   90.77 v macacc.acc2.accumlate_adder.adder_chain[25].adder/COUT (sky130_fd_sc_hd__fa_4)
   0.93   91.71 v macacc.acc2.accumlate_adder.adder_chain[26].adder/COUT (sky130_fd_sc_hd__fa_4)
   0.94   92.65 v macacc.acc2.accumlate_adder.adder_chain[27].adder/COUT (sky130_fd_sc_hd__fa_4)
   0.93   93.58 v macacc.acc2.accumlate_adder.adder_chain[28].adder/COUT (sky130_fd_sc_hd__fa_4)
   0.93   94.52 v macacc.acc2.accumlate_adder.adder_chain[29].adder/COUT (sky130_fd_sc_hd__fa_4)
   0.94   95.46 v macacc.acc2.accumlate_adder.adder_chain[30].adder/COUT (sky130_fd_sc_hd__fa_4)
   0.96   96.42 v macacc.acc2.accumlate_adder.adder_chain[31].adder/COUT (sky130_fd_sc_hd__fa_4)
   0.44   96.85 v _4580_/X (sky130_fd_sc_hd__and2_2)
   0.92   97.77 v macacc.acc3.accumlate_adder.adder_chain[0].adder/COUT (sky130_fd_sc_hd__fa_4)
   0.95   98.72 v macacc.acc3.accumlate_adder.adder_chain[1].adder/COUT (sky130_fd_sc_hd__fa_4)
   0.94   99.65 v macacc.acc3.accumlate_adder.adder_chain[2].adder/COUT (sky130_fd_sc_hd__fa_4)
   0.94  100.59 v macacc.acc3.accumlate_adder.adder_chain[3].adder/COUT (sky130_fd_sc_hd__fa_4)
   0.94  101.53 v macacc.acc3.accumlate_adder.adder_chain[4].adder/COUT (sky130_fd_sc_hd__fa_4)
   0.95  102.48 v macacc.acc3.accumlate_adder.adder_chain[5].adder/COUT (sky130_fd_sc_hd__fa_4)
   1.00  103.49 v macacc.acc3.accumlate_adder.adder_chain[6].adder/COUT (sky130_fd_sc_hd__fa_4)
   0.96  104.44 v macacc.acc3.accumlate_adder.adder_chain[7].adder/COUT (sky130_fd_sc_hd__fa_4)
   0.94  105.39 v macacc.acc3.accumlate_adder.adder_chain[8].adder/COUT (sky130_fd_sc_hd__fa_4)
   0.95  106.33 v macacc.acc3.accumlate_adder.adder_chain[9].adder/COUT (sky130_fd_sc_hd__fa_4)
   0.93  107.27 v macacc.acc3.accumlate_adder.adder_chain[10].adder/COUT (sky130_fd_sc_hd__fa_4)
   0.94  108.21 v macacc.acc3.accumlate_adder.adder_chain[11].adder/COUT (sky130_fd_sc_hd__fa_4)
   0.95  109.16 v macacc.acc3.accumlate_adder.adder_chain[12].adder/COUT (sky130_fd_sc_hd__fa_4)
   0.94  110.10 v macacc.acc3.accumlate_adder.adder_chain[13].adder/COUT (sky130_fd_sc_hd__fa_4)
   0.93  111.03 v macacc.acc3.accumlate_adder.adder_chain[14].adder/COUT (sky130_fd_sc_hd__fa_4)
   0.94  111.97 v macacc.acc3.accumlate_adder.adder_chain[15].adder/COUT (sky130_fd_sc_hd__fa_4)
   0.94  112.91 v macacc.acc3.accumlate_adder.adder_chain[16].adder/COUT (sky130_fd_sc_hd__fa_4)
   0.94  113.85 v macacc.acc3.accumlate_adder.adder_chain[17].adder/COUT (sky130_fd_sc_hd__fa_4)
   0.93  114.78 v macacc.acc3.accumlate_adder.adder_chain[18].adder/COUT (sky130_fd_sc_hd__fa_4)
   0.94  115.72 v macacc.acc3.accumlate_adder.adder_chain[19].adder/COUT (sky130_fd_sc_hd__fa_4)
   0.96  116.68 v macacc.acc3.accumlate_adder.adder_chain[20].adder/COUT (sky130_fd_sc_hd__fa_4)
   0.94  117.62 v macacc.acc3.accumlate_adder.adder_chain[21].adder/COUT (sky130_fd_sc_hd__fa_4)
   0.94  118.56 v macacc.acc3.accumlate_adder.adder_chain[22].adder/COUT (sky130_fd_sc_hd__fa_4)
   0.95  119.51 v macacc.acc3.accumlate_adder.adder_chain[23].adder/COUT (sky130_fd_sc_hd__fa_4)
   0.95  120.45 v macacc.acc3.accumlate_adder.adder_chain[24].adder/COUT (sky130_fd_sc_hd__fa_4)
   0.94  121.39 v macacc.acc3.accumlate_adder.adder_chain[25].adder/COUT (sky130_fd_sc_hd__fa_4)
   0.93  122.32 v macacc.acc3.accumlate_adder.adder_chain[26].adder/COUT (sky130_fd_sc_hd__fa_4)
   0.96  123.28 v macacc.acc3.accumlate_adder.adder_chain[27].adder/COUT (sky130_fd_sc_hd__fa_4)
   0.95  124.23 v macacc.acc3.accumlate_adder.adder_chain[28].adder/COUT (sky130_fd_sc_hd__fa_4)
   0.94  125.17 v macacc.acc3.accumlate_adder.adder_chain[29].adder/COUT (sky130_fd_sc_hd__fa_4)
   0.93  126.10 v macacc.acc3.accumlate_adder.adder_chain[30].adder/COUT (sky130_fd_sc_hd__fa_4)
   1.54  127.64 ^ macacc.acc3.accumlate_adder.adder_chain[31].adder/SUM (sky130_fd_sc_hd__fa_4)
   0.08  127.72 v _4836_/Y (sky130_fd_sc_hd__nor2_2)
   0.22  127.95 ^ _4837_/Y (sky130_fd_sc_hd__nor3_2)
   0.12  128.07 v _4838_/Y (sky130_fd_sc_hd__nor2_2)
   0.10  128.17 ^ _4839_/Y (sky130_fd_sc_hd__nor2_2)
   0.00  128.17 ^ _9041_/D (sky130_fd_sc_hd__dfxtp_4)
         128.17   data arrival time

 129.20  129.20   clock clk (rise edge)
   0.00  129.20   clock network delay (ideal)
   0.00  129.20   clock reconvergence pessimism
         129.20 ^ _9041_/CLK (sky130_fd_sc_hd__dfxtp_4)
  -0.16  129.04   library setup time
         129.04   data required time
---------------------------------------------------------
         129.04   data required time
        -128.17   data arrival time
---------------------------------------------------------
           0.86   slack (MET)


