Startpoint: _8814_ (rising edge-triggered flip-flop clocked by clk)
Endpoint: _8762_ (rising edge-triggered flip-flop clocked by clk)
Path Group: clk
Path Type: min

  Delay    Time   Description
---------------------------------------------------------
   0.00    0.00   clock clk (rise edge)
   0.00    0.00   clock network delay (ideal)
   0.00    0.00 ^ _8814_/CLK (sky130_fd_sc_hd__dfxtp_4)
   0.22    0.22 v _8814_/Q (sky130_fd_sc_hd__dfxtp_4)
   0.03    0.24 ^ _6216_/Y (sky130_fd_sc_hd__inv_8)
   0.02    0.26 v _6217_/Y (sky130_fd_sc_hd__nor2_2)
   0.00    0.26 v _8762_/D (sky130_fd_sc_hd__dfxtp_4)
           0.26   data arrival time

   0.00    0.00   clock clk (rise edge)
   0.00    0.00   clock network delay (ideal)
   0.00    0.00   clock reconvergence pessimism
           0.00 ^ _8762_/CLK (sky130_fd_sc_hd__dfxtp_4)
  -0.03   -0.03   library hold time
          -0.03   data required time
---------------------------------------------------------
          -0.03   data required time
          -0.26   data arrival time
---------------------------------------------------------
           0.29   slack (MET)


Startpoint: _9042_ (rising edge-triggered flip-flop clocked by clk)
Endpoint: _9041_ (rising edge-triggered flip-flop clocked by clk)
Path Group: clk
Path Type: max

  Delay    Time   Description
---------------------------------------------------------
   0.00    0.00   clock clk (rise edge)
   0.00    0.00   clock network delay (ideal)
   0.00    0.00 ^ _9042_/CLK (sky130_fd_sc_hd__dfxtp_4)
   0.65    0.65 v _9042_/Q (sky130_fd_sc_hd__dfxtp_4)
   0.25    0.90 v _4829_/X (sky130_fd_sc_hd__buf_1)
   0.64    1.54 v _5528_/X (sky130_fd_sc_hd__or2_2)
   0.43    1.97 v _5529_/X (sky130_fd_sc_hd__buf_1)
   0.52    2.49 v _6984_/X (sky130_fd_sc_hd__and3_2)
   0.14    2.63 ^ _6985_/Y (sky130_fd_sc_hd__nor3_2)
   0.21    2.84 ^ _6986_/X (sky130_fd_sc_hd__or2_2)
   0.43    3.27 ^ _6987_/X (sky130_fd_sc_hd__buf_1)
   0.14    3.41 v _6988_/Y (sky130_fd_sc_hd__inv_8)
   0.23    3.64 v _6991_/X (sky130_fd_sc_hd__buf_1)
   0.40    4.04 v _6992_/X (sky130_fd_sc_hd__buf_1)
   0.22    4.26 ^ _6993_/Y (sky130_fd_sc_hd__nand2_2)
   0.14    4.39 v _6994_/Y (sky130_fd_sc_hd__nand2_2)
   0.98    5.37 v macacc.acc0.accumlate_adder.adder_chain[0].adder/COUT (sky130_fd_sc_hd__fa_4)
   0.93    6.30 v macacc.acc0.accumlate_adder.adder_chain[1].adder/COUT (sky130_fd_sc_hd__fa_4)
   0.93    7.23 v macacc.acc0.accumlate_adder.adder_chain[2].adder/COUT (sky130_fd_sc_hd__fa_4)
   0.93    8.15 v macacc.acc0.accumlate_adder.adder_chain[3].adder/COUT (sky130_fd_sc_hd__fa_4)
   0.93    9.08 v macacc.acc0.accumlate_adder.adder_chain[4].adder/COUT (sky130_fd_sc_hd__fa_4)
   0.93   10.01 v macacc.acc0.accumlate_adder.adder_chain[5].adder/COUT (sky130_fd_sc_hd__fa_4)
   0.93   10.94 v macacc.acc0.accumlate_adder.adder_chain[6].adder/COUT (sky130_fd_sc_hd__fa_4)
   0.93   11.86 v macacc.acc0.accumlate_adder.adder_chain[7].adder/COUT (sky130_fd_sc_hd__fa_4)
   0.93   12.79 v macacc.acc0.accumlate_adder.adder_chain[8].adder/COUT (sky130_fd_sc_hd__fa_4)
   0.93   13.72 v macacc.acc0.accumlate_adder.adder_chain[9].adder/COUT (sky130_fd_sc_hd__fa_4)
   0.93   14.64 v macacc.acc0.accumlate_adder.adder_chain[10].adder/COUT (sky130_fd_sc_hd__fa_4)
   0.93   15.57 v macacc.acc0.accumlate_adder.adder_chain[11].adder/COUT (sky130_fd_sc_hd__fa_4)
   0.93   16.50 v macacc.acc0.accumlate_adder.adder_chain[12].adder/COUT (sky130_fd_sc_hd__fa_4)
   0.93   17.43 v macacc.acc0.accumlate_adder.adder_chain[13].adder/COUT (sky130_fd_sc_hd__fa_4)
   0.93   18.35 v macacc.acc0.accumlate_adder.adder_chain[14].adder/COUT (sky130_fd_sc_hd__fa_4)
   0.93   19.28 v macacc.acc0.accumlate_adder.adder_chain[15].adder/COUT (sky130_fd_sc_hd__fa_4)
   0.93   20.21 v macacc.acc0.accumlate_adder.adder_chain[16].adder/COUT (sky130_fd_sc_hd__fa_4)
   0.93   21.14 v macacc.acc0.accumlate_adder.adder_chain[17].adder/COUT (sky130_fd_sc_hd__fa_4)
   0.93   22.06 v macacc.acc0.accumlate_adder.adder_chain[18].adder/COUT (sky130_fd_sc_hd__fa_4)
   0.93   22.99 v macacc.acc0.accumlate_adder.adder_chain[19].adder/COUT (sky130_fd_sc_hd__fa_4)
   0.93   23.92 v macacc.acc0.accumlate_adder.adder_chain[20].adder/COUT (sky130_fd_sc_hd__fa_4)
   0.93   24.84 v macacc.acc0.accumlate_adder.adder_chain[21].adder/COUT (sky130_fd_sc_hd__fa_4)
   0.93   25.77 v macacc.acc0.accumlate_adder.adder_chain[22].adder/COUT (sky130_fd_sc_hd__fa_4)
   0.93   26.70 v macacc.acc0.accumlate_adder.adder_chain[23].adder/COUT (sky130_fd_sc_hd__fa_4)
   0.93   27.63 v macacc.acc0.accumlate_adder.adder_chain[24].adder/COUT (sky130_fd_sc_hd__fa_4)
   0.93   28.55 v macacc.acc0.accumlate_adder.adder_chain[25].adder/COUT (sky130_fd_sc_hd__fa_4)
   0.93   29.48 v macacc.acc0.accumlate_adder.adder_chain[26].adder/COUT (sky130_fd_sc_hd__fa_4)
   0.93   30.41 v macacc.acc0.accumlate_adder.adder_chain[27].adder/COUT (sky130_fd_sc_hd__fa_4)
   0.93   31.34 v macacc.acc0.accumlate_adder.adder_chain[28].adder/COUT (sky130_fd_sc_hd__fa_4)
   0.93   32.26 v macacc.acc0.accumlate_adder.adder_chain[29].adder/COUT (sky130_fd_sc_hd__fa_4)
   0.93   33.19 v macacc.acc0.accumlate_adder.adder_chain[30].adder/COUT (sky130_fd_sc_hd__fa_4)
   0.89   34.08 v macacc.acc0.accumlate_adder.adder_chain[31].adder/COUT (sky130_fd_sc_hd__fa_4)
   0.40   34.48 v _4582_/X (sky130_fd_sc_hd__and2_2)
   0.90   35.37 v macacc.acc1.accumlate_adder.adder_chain[0].adder/COUT (sky130_fd_sc_hd__fa_4)
   0.93   36.30 v macacc.acc1.accumlate_adder.adder_chain[1].adder/COUT (sky130_fd_sc_hd__fa_4)
   0.93   37.23 v macacc.acc1.accumlate_adder.adder_chain[2].adder/COUT (sky130_fd_sc_hd__fa_4)
   0.93   38.15 v macacc.acc1.accumlate_adder.adder_chain[3].adder/COUT (sky130_fd_sc_hd__fa_4)
   0.93   39.08 v macacc.acc1.accumlate_adder.adder_chain[4].adder/COUT (sky130_fd_sc_hd__fa_4)
   0.93   40.01 v macacc.acc1.accumlate_adder.adder_chain[5].adder/COUT (sky130_fd_sc_hd__fa_4)
   0.93   40.94 v macacc.acc1.accumlate_adder.adder_chain[6].adder/COUT (sky130_fd_sc_hd__fa_4)
   0.93   41.86 v macacc.acc1.accumlate_adder.adder_chain[7].adder/COUT (sky130_fd_sc_hd__fa_4)
   0.93   42.79 v macacc.acc1.accumlate_adder.adder_chain[8].adder/COUT (sky130_fd_sc_hd__fa_4)
   0.93   43.72 v macacc.acc1.accumlate_adder.adder_chain[9].adder/COUT (sky130_fd_sc_hd__fa_4)
   0.93   44.65 v macacc.acc1.accumlate_adder.adder_chain[10].adder/COUT (sky130_fd_sc_hd__fa_4)
   0.93   45.57 v macacc.acc1.accumlate_adder.adder_chain[11].adder/COUT (sky130_fd_sc_hd__fa_4)
   0.93   46.50 v macacc.acc1.accumlate_adder.adder_chain[12].adder/COUT (sky130_fd_sc_hd__fa_4)
   0.93   47.43 v macacc.acc1.accumlate_adder.adder_chain[13].adder/COUT (sky130_fd_sc_hd__fa_4)
   0.93   48.35 v macacc.acc1.accumlate_adder.adder_chain[14].adder/COUT (sky130_fd_sc_hd__fa_4)
   0.93   49.28 v macacc.acc1.accumlate_adder.adder_chain[15].adder/COUT (sky130_fd_sc_hd__fa_4)
   0.93   50.21 v macacc.acc1.accumlate_adder.adder_chain[16].adder/COUT (sky130_fd_sc_hd__fa_4)
   0.93   51.14 v macacc.acc1.accumlate_adder.adder_chain[17].adder/COUT (sky130_fd_sc_hd__fa_4)
   0.93   52.06 v macacc.acc1.accumlate_adder.adder_chain[18].adder/COUT (sky130_fd_sc_hd__fa_4)
   0.93   52.99 v macacc.acc1.accumlate_adder.adder_chain[19].adder/COUT (sky130_fd_sc_hd__fa_4)
   0.93   53.92 v macacc.acc1.accumlate_adder.adder_chain[20].adder/COUT (sky130_fd_sc_hd__fa_4)
   0.93   54.85 v macacc.acc1.accumlate_adder.adder_chain[21].adder/COUT (sky130_fd_sc_hd__fa_4)
   0.93   55.77 v macacc.acc1.accumlate_adder.adder_chain[22].adder/COUT (sky130_fd_sc_hd__fa_4)
   0.93   56.70 v macacc.acc1.accumlate_adder.adder_chain[23].adder/COUT (sky130_fd_sc_hd__fa_4)
   0.93   57.63 v macacc.acc1.accumlate_adder.adder_chain[24].adder/COUT (sky130_fd_sc_hd__fa_4)
   0.93   58.55 v macacc.acc1.accumlate_adder.adder_chain[25].adder/COUT (sky130_fd_sc_hd__fa_4)
   0.93   59.48 v macacc.acc1.accumlate_adder.adder_chain[26].adder/COUT (sky130_fd_sc_hd__fa_4)
   0.93   60.41 v macacc.acc1.accumlate_adder.adder_chain[27].adder/COUT (sky130_fd_sc_hd__fa_4)
   0.93   61.34 v macacc.acc1.accumlate_adder.adder_chain[28].adder/COUT (sky130_fd_sc_hd__fa_4)
   0.93   62.26 v macacc.acc1.accumlate_adder.adder_chain[29].adder/COUT (sky130_fd_sc_hd__fa_4)
   0.93   63.19 v macacc.acc1.accumlate_adder.adder_chain[30].adder/COUT (sky130_fd_sc_hd__fa_4)
   0.89   64.08 v macacc.acc1.accumlate_adder.adder_chain[31].adder/COUT (sky130_fd_sc_hd__fa_4)
   0.48   64.56 v _4581_/X (sky130_fd_sc_hd__and3_2)
   0.90   65.46 v macacc.acc2.accumlate_adder.adder_chain[0].adder/COUT (sky130_fd_sc_hd__fa_4)
   0.93   66.39 v macacc.acc2.accumlate_adder.adder_chain[1].adder/COUT (sky130_fd_sc_hd__fa_4)
   0.93   67.31 v macacc.acc2.accumlate_adder.adder_chain[2].adder/COUT (sky130_fd_sc_hd__fa_4)
   0.93   68.24 v macacc.acc2.accumlate_adder.adder_chain[3].adder/COUT (sky130_fd_sc_hd__fa_4)
   0.93   69.17 v macacc.acc2.accumlate_adder.adder_chain[4].adder/COUT (sky130_fd_sc_hd__fa_4)
   0.93   70.10 v macacc.acc2.accumlate_adder.adder_chain[5].adder/COUT (sky130_fd_sc_hd__fa_4)
   0.93   71.02 v macacc.acc2.accumlate_adder.adder_chain[6].adder/COUT (sky130_fd_sc_hd__fa_4)
   0.93   71.95 v macacc.acc2.accumlate_adder.adder_chain[7].adder/COUT (sky130_fd_sc_hd__fa_4)
   0.93   72.88 v macacc.acc2.accumlate_adder.adder_chain[8].adder/COUT (sky130_fd_sc_hd__fa_4)
   0.93   73.81 v macacc.acc2.accumlate_adder.adder_chain[9].adder/COUT (sky130_fd_sc_hd__fa_4)
   0.93   74.73 v macacc.acc2.accumlate_adder.adder_chain[10].adder/COUT (sky130_fd_sc_hd__fa_4)
   0.93   75.66 v macacc.acc2.accumlate_adder.adder_chain[11].adder/COUT (sky130_fd_sc_hd__fa_4)
   0.93   76.59 v macacc.acc2.accumlate_adder.adder_chain[12].adder/COUT (sky130_fd_sc_hd__fa_4)
   0.93   77.51 v macacc.acc2.accumlate_adder.adder_chain[13].adder/COUT (sky130_fd_sc_hd__fa_4)
   0.93   78.44 v macacc.acc2.accumlate_adder.adder_chain[14].adder/COUT (sky130_fd_sc_hd__fa_4)
   0.93   79.37 v macacc.acc2.accumlate_adder.adder_chain[15].adder/COUT (sky130_fd_sc_hd__fa_4)
   0.93   80.30 v macacc.acc2.accumlate_adder.adder_chain[16].adder/COUT (sky130_fd_sc_hd__fa_4)
   0.93   81.22 v macacc.acc2.accumlate_adder.adder_chain[17].adder/COUT (sky130_fd_sc_hd__fa_4)
   0.93   82.15 v macacc.acc2.accumlate_adder.adder_chain[18].adder/COUT (sky130_fd_sc_hd__fa_4)
   0.93   83.08 v macacc.acc2.accumlate_adder.adder_chain[19].adder/COUT (sky130_fd_sc_hd__fa_4)
   0.93   84.01 v macacc.acc2.accumlate_adder.adder_chain[20].adder/COUT (sky130_fd_sc_hd__fa_4)
   0.93   84.93 v macacc.acc2.accumlate_adder.adder_chain[21].adder/COUT (sky130_fd_sc_hd__fa_4)
   0.93   85.86 v macacc.acc2.accumlate_adder.adder_chain[22].adder/COUT (sky130_fd_sc_hd__fa_4)
   0.93   86.79 v macacc.acc2.accumlate_adder.adder_chain[23].adder/COUT (sky130_fd_sc_hd__fa_4)
   0.93   87.71 v macacc.acc2.accumlate_adder.adder_chain[24].adder/COUT (sky130_fd_sc_hd__fa_4)
   0.93   88.64 v macacc.acc2.accumlate_adder.adder_chain[25].adder/COUT (sky130_fd_sc_hd__fa_4)
   0.93   89.57 v macacc.acc2.accumlate_adder.adder_chain[26].adder/COUT (sky130_fd_sc_hd__fa_4)
   0.93   90.50 v macacc.acc2.accumlate_adder.adder_chain[27].adder/COUT (sky130_fd_sc_hd__fa_4)
   0.93   91.42 v macacc.acc2.accumlate_adder.adder_chain[28].adder/COUT (sky130_fd_sc_hd__fa_4)
   0.93   92.35 v macacc.acc2.accumlate_adder.adder_chain[29].adder/COUT (sky130_fd_sc_hd__fa_4)
   0.93   93.28 v macacc.acc2.accumlate_adder.adder_chain[30].adder/COUT (sky130_fd_sc_hd__fa_4)
   0.89   94.17 v macacc.acc2.accumlate_adder.adder_chain[31].adder/COUT (sky130_fd_sc_hd__fa_4)
   0.40   94.57 v _4580_/X (sky130_fd_sc_hd__and2_2)
   0.90   95.46 v macacc.acc3.accumlate_adder.adder_chain[0].adder/COUT (sky130_fd_sc_hd__fa_4)
   0.93   96.39 v macacc.acc3.accumlate_adder.adder_chain[1].adder/COUT (sky130_fd_sc_hd__fa_4)
   0.93   97.32 v macacc.acc3.accumlate_adder.adder_chain[2].adder/COUT (sky130_fd_sc_hd__fa_4)
   0.93   98.24 v macacc.acc3.accumlate_adder.adder_chain[3].adder/COUT (sky130_fd_sc_hd__fa_4)
   0.93   99.17 v macacc.acc3.accumlate_adder.adder_chain[4].adder/COUT (sky130_fd_sc_hd__fa_4)
   0.93  100.10 v macacc.acc3.accumlate_adder.adder_chain[5].adder/COUT (sky130_fd_sc_hd__fa_4)
   0.93  101.02 v macacc.acc3.accumlate_adder.adder_chain[6].adder/COUT (sky130_fd_sc_hd__fa_4)
   0.93  101.95 v macacc.acc3.accumlate_adder.adder_chain[7].adder/COUT (sky130_fd_sc_hd__fa_4)
   0.93  102.88 v macacc.acc3.accumlate_adder.adder_chain[8].adder/COUT (sky130_fd_sc_hd__fa_4)
   0.93  103.81 v macacc.acc3.accumlate_adder.adder_chain[9].adder/COUT (sky130_fd_sc_hd__fa_4)
   0.93  104.73 v macacc.acc3.accumlate_adder.adder_chain[10].adder/COUT (sky130_fd_sc_hd__fa_4)
   0.93  105.66 v macacc.acc3.accumlate_adder.adder_chain[11].adder/COUT (sky130_fd_sc_hd__fa_4)
   0.93  106.59 v macacc.acc3.accumlate_adder.adder_chain[12].adder/COUT (sky130_fd_sc_hd__fa_4)
   0.93  107.52 v macacc.acc3.accumlate_adder.adder_chain[13].adder/COUT (sky130_fd_sc_hd__fa_4)
   0.93  108.44 v macacc.acc3.accumlate_adder.adder_chain[14].adder/COUT (sky130_fd_sc_hd__fa_4)
   0.93  109.37 v macacc.acc3.accumlate_adder.adder_chain[15].adder/COUT (sky130_fd_sc_hd__fa_4)
   0.93  110.30 v macacc.acc3.accumlate_adder.adder_chain[16].adder/COUT (sky130_fd_sc_hd__fa_4)
   0.93  111.22 v macacc.acc3.accumlate_adder.adder_chain[17].adder/COUT (sky130_fd_sc_hd__fa_4)
   0.93  112.15 v macacc.acc3.accumlate_adder.adder_chain[18].adder/COUT (sky130_fd_sc_hd__fa_4)
   0.93  113.08 v macacc.acc3.accumlate_adder.adder_chain[19].adder/COUT (sky130_fd_sc_hd__fa_4)
   0.93  114.01 v macacc.acc3.accumlate_adder.adder_chain[20].adder/COUT (sky130_fd_sc_hd__fa_4)
   0.93  114.93 v macacc.acc3.accumlate_adder.adder_chain[21].adder/COUT (sky130_fd_sc_hd__fa_4)
   0.93  115.86 v macacc.acc3.accumlate_adder.adder_chain[22].adder/COUT (sky130_fd_sc_hd__fa_4)
   0.93  116.79 v macacc.acc3.accumlate_adder.adder_chain[23].adder/COUT (sky130_fd_sc_hd__fa_4)
   0.93  117.71 v macacc.acc3.accumlate_adder.adder_chain[24].adder/COUT (sky130_fd_sc_hd__fa_4)
   0.93  118.64 v macacc.acc3.accumlate_adder.adder_chain[25].adder/COUT (sky130_fd_sc_hd__fa_4)
   0.93  119.57 v macacc.acc3.accumlate_adder.adder_chain[26].adder/COUT (sky130_fd_sc_hd__fa_4)
   0.93  120.50 v macacc.acc3.accumlate_adder.adder_chain[27].adder/COUT (sky130_fd_sc_hd__fa_4)
   0.93  121.42 v macacc.acc3.accumlate_adder.adder_chain[28].adder/COUT (sky130_fd_sc_hd__fa_4)
   0.93  122.35 v macacc.acc3.accumlate_adder.adder_chain[29].adder/COUT (sky130_fd_sc_hd__fa_4)
   0.93  123.28 v macacc.acc3.accumlate_adder.adder_chain[30].adder/COUT (sky130_fd_sc_hd__fa_4)
   1.53  124.81 ^ macacc.acc3.accumlate_adder.adder_chain[31].adder/SUM (sky130_fd_sc_hd__fa_4)
   0.08  124.89 v _4836_/Y (sky130_fd_sc_hd__nor2_2)
   0.21  125.11 ^ _4837_/Y (sky130_fd_sc_hd__nor3_2)
   0.12  125.23 v _4838_/Y (sky130_fd_sc_hd__nor2_2)
   0.10  125.32 ^ _4839_/Y (sky130_fd_sc_hd__nor2_2)
   0.00  125.32 ^ _9041_/D (sky130_fd_sc_hd__dfxtp_4)
         125.32   data arrival time

 129.20  129.20   clock clk (rise edge)
   0.00  129.20   clock network delay (ideal)
   0.00  129.20   clock reconvergence pessimism
         129.20 ^ _9041_/CLK (sky130_fd_sc_hd__dfxtp_4)
  -0.16  129.04   library setup time
         129.04   data required time
---------------------------------------------------------
         129.04   data required time
        -125.32   data arrival time
---------------------------------------------------------
           3.72   slack (MET)


