Startpoint: _10601_ (rising edge-triggered flip-flop clocked by clk)
Endpoint: _10836_ (rising edge-triggered flip-flop clocked by clk)
Path Group: clk
Path Type: max

  Delay    Time   Description
---------------------------------------------------------
   0.00    0.00   clock clk (rise edge)
   0.00    0.00   clock network delay (ideal)
   0.00    0.00 ^ _10601_/CLK (sky130_fd_sc_hd__dfxtp_4)
   0.65    0.65 v _10601_/Q (sky130_fd_sc_hd__dfxtp_4)
   1.04    1.69 v maccombiner.partial0_upper_partial1_full_adder.adder_chain[0].adder/COUT (sky130_fd_sc_hd__fa_4)
   0.94    2.63 v maccombiner.partial0_upper_partial1_full_adder.adder_chain[1].adder/COUT (sky130_fd_sc_hd__fa_4)
   0.93    3.56 v maccombiner.partial0_upper_partial1_full_adder.adder_chain[2].adder/COUT (sky130_fd_sc_hd__fa_4)
   0.94    4.50 v maccombiner.partial0_upper_partial1_full_adder.adder_chain[3].adder/COUT (sky130_fd_sc_hd__fa_4)
   0.93    5.43 v maccombiner.partial0_upper_partial1_full_adder.adder_chain[4].adder/COUT (sky130_fd_sc_hd__fa_4)
   0.94    6.38 v maccombiner.partial0_upper_partial1_full_adder.adder_chain[5].adder/COUT (sky130_fd_sc_hd__fa_4)
   0.93    7.31 v maccombiner.partial0_upper_partial1_full_adder.adder_chain[6].adder/COUT (sky130_fd_sc_hd__fa_4)
   0.93    8.24 v maccombiner.partial0_upper_partial1_full_adder.adder_chain[7].adder/COUT (sky130_fd_sc_hd__fa_4)
   1.36    9.60 v maccombiner.partial0_upper_partial1_full_adder.adder_chain[8].adder/SUM (sky130_fd_sc_hd__fa_4)
   1.11   10.72 v maccombiner.quad_full_adder.adder_chain[0].adder/COUT (sky130_fd_sc_hd__fa_4)
   0.93   11.65 v maccombiner.quad_full_adder.adder_chain[1].adder/COUT (sky130_fd_sc_hd__fa_4)
   0.94   12.59 v maccombiner.quad_full_adder.adder_chain[2].adder/COUT (sky130_fd_sc_hd__fa_4)
   0.93   13.52 v maccombiner.quad_full_adder.adder_chain[3].adder/COUT (sky130_fd_sc_hd__fa_4)
   0.93   14.46 v maccombiner.quad_full_adder.adder_chain[4].adder/COUT (sky130_fd_sc_hd__fa_4)
   0.93   15.39 v maccombiner.quad_full_adder.adder_chain[5].adder/COUT (sky130_fd_sc_hd__fa_4)
   0.93   16.32 v maccombiner.quad_full_adder.adder_chain[6].adder/COUT (sky130_fd_sc_hd__fa_4)
   0.94   17.26 v maccombiner.quad_full_adder.adder_chain[7].adder/COUT (sky130_fd_sc_hd__fa_4)
   0.94   18.20 v maccombiner.quad_full_adder.adder_chain[8].adder/COUT (sky130_fd_sc_hd__fa_4)
   0.93   19.13 v maccombiner.quad_full_adder.adder_chain[9].adder/COUT (sky130_fd_sc_hd__fa_4)
   0.93   20.06 v maccombiner.quad_full_adder.adder_chain[10].adder/COUT (sky130_fd_sc_hd__fa_4)
   0.93   21.00 v maccombiner.quad_full_adder.adder_chain[11].adder/COUT (sky130_fd_sc_hd__fa_4)
   0.93   21.93 v maccombiner.quad_full_adder.adder_chain[12].adder/COUT (sky130_fd_sc_hd__fa_4)
   0.94   22.87 v maccombiner.quad_full_adder.adder_chain[13].adder/COUT (sky130_fd_sc_hd__fa_4)
   0.93   23.80 v maccombiner.quad_full_adder.adder_chain[14].adder/COUT (sky130_fd_sc_hd__fa_4)
   0.93   24.73 v maccombiner.quad_full_adder.adder_chain[15].adder/COUT (sky130_fd_sc_hd__fa_4)
   0.93   25.66 v maccombiner.quad_full_adder.adder_chain[16].adder/COUT (sky130_fd_sc_hd__fa_4)
   0.93   26.60 v maccombiner.quad_full_adder.adder_chain[17].adder/COUT (sky130_fd_sc_hd__fa_4)
   0.93   27.53 v maccombiner.quad_full_adder.adder_chain[18].adder/COUT (sky130_fd_sc_hd__fa_4)
   0.94   28.47 v maccombiner.quad_full_adder.adder_chain[19].adder/COUT (sky130_fd_sc_hd__fa_4)
   0.94   29.41 v maccombiner.quad_full_adder.adder_chain[20].adder/COUT (sky130_fd_sc_hd__fa_4)
   0.93   30.34 v maccombiner.quad_full_adder.adder_chain[21].adder/COUT (sky130_fd_sc_hd__fa_4)
   0.93   31.27 v maccombiner.quad_full_adder.adder_chain[22].adder/COUT (sky130_fd_sc_hd__fa_4)
   0.93   32.20 v maccombiner.quad_full_adder.adder_chain[23].adder/COUT (sky130_fd_sc_hd__fa_4)
   0.93   33.13 v maccombiner.quad_full_adder.adder_chain[24].adder/COUT (sky130_fd_sc_hd__fa_4)
   0.93   34.06 v maccombiner.quad_full_adder.adder_chain[25].adder/COUT (sky130_fd_sc_hd__fa_4)
   0.93   34.99 v maccombiner.quad_full_adder.adder_chain[26].adder/COUT (sky130_fd_sc_hd__fa_4)
   0.93   35.93 v maccombiner.quad_full_adder.adder_chain[27].adder/COUT (sky130_fd_sc_hd__fa_4)
   0.94   36.86 v maccombiner.quad_full_adder.adder_chain[28].adder/COUT (sky130_fd_sc_hd__fa_4)
   0.94   37.80 v maccombiner.quad_full_adder.adder_chain[29].adder/COUT (sky130_fd_sc_hd__fa_4)
   0.94   38.74 v maccombiner.quad_full_adder.adder_chain[30].adder/COUT (sky130_fd_sc_hd__fa_4)
   0.93   39.67 v maccombiner.quad_full_adder.adder_chain[31].adder/COUT (sky130_fd_sc_hd__fa_4)
   0.96   40.63 v maccombiner.quad_full_adder.adder_chain[32].adder/COUT (sky130_fd_sc_hd__fa_4)
   0.94   41.57 v maccombiner.quad_full_adder.adder_chain[33].adder/COUT (sky130_fd_sc_hd__fa_4)
   0.93   42.50 v maccombiner.quad_full_adder.adder_chain[34].adder/COUT (sky130_fd_sc_hd__fa_4)
   0.93   43.43 v maccombiner.quad_full_adder.adder_chain[35].adder/COUT (sky130_fd_sc_hd__fa_4)
   0.93   44.36 v maccombiner.quad_full_adder.adder_chain[36].adder/COUT (sky130_fd_sc_hd__fa_4)
   0.93   45.29 v maccombiner.quad_full_adder.adder_chain[37].adder/COUT (sky130_fd_sc_hd__fa_4)
   0.94   46.23 v maccombiner.quad_full_adder.adder_chain[38].adder/COUT (sky130_fd_sc_hd__fa_4)
   0.93   47.16 v maccombiner.quad_full_adder.adder_chain[39].adder/COUT (sky130_fd_sc_hd__fa_4)
   0.93   48.09 v maccombiner.quad_full_adder.adder_chain[40].adder/COUT (sky130_fd_sc_hd__fa_4)
   0.93   49.02 v maccombiner.quad_full_adder.adder_chain[41].adder/COUT (sky130_fd_sc_hd__fa_4)
   0.95   49.97 v maccombiner.quad_full_adder.adder_chain[42].adder/COUT (sky130_fd_sc_hd__fa_4)
   0.94   50.91 v maccombiner.quad_full_adder.adder_chain[43].adder/COUT (sky130_fd_sc_hd__fa_4)
   0.94   51.85 v maccombiner.quad_full_adder.adder_chain[44].adder/COUT (sky130_fd_sc_hd__fa_4)
   0.93   52.79 v maccombiner.quad_full_adder.adder_chain[45].adder/COUT (sky130_fd_sc_hd__fa_4)
   0.94   53.72 v maccombiner.quad_full_adder.adder_chain[46].adder/COUT (sky130_fd_sc_hd__fa_4)
   1.31   55.03 v maccombiner.quad_full_adder.adder_chain[47].adder/SUM (sky130_fd_sc_hd__fa_4)
   0.18   55.21 ^ _06432_/Y (sky130_fd_sc_hd__nand2_2)
   0.29   55.50 v _06433_/Y (sky130_fd_sc_hd__nand2_2)
   0.72   56.22 v _07078_/X (sky130_fd_sc_hd__or2_2)
   0.48   56.70 ^ _07089_/Y (sky130_fd_sc_hd__nor4_2)
   0.36   57.06 ^ _07090_/X (sky130_fd_sc_hd__or2_2)
   0.44   57.51 ^ _07091_/X (sky130_fd_sc_hd__buf_1)
   0.13   57.64 v _07092_/Y (sky130_fd_sc_hd__inv_8)
   1.53   59.17 v _07093_/X (sky130_fd_sc_hd__or4_2)
   1.37   60.54 v _07101_/X (sky130_fd_sc_hd__or4_2)
   0.56   61.09 v _07102_/X (sky130_fd_sc_hd__buf_1)
   1.11   62.20 v _07103_/X (sky130_fd_sc_hd__or3_2)
   0.38   62.59 v _07104_/X (sky130_fd_sc_hd__buf_1)
   0.27   62.85 ^ _07105_/Y (sky130_fd_sc_hd__nor4_2)
   0.34   63.19 ^ _07106_/X (sky130_fd_sc_hd__or2_2)
   0.46   63.65 ^ _07107_/X (sky130_fd_sc_hd__buf_1)
   0.11   63.76 v _08725_/Y (sky130_fd_sc_hd__inv_8)
   1.28   65.04 v _08726_/X (sky130_fd_sc_hd__or4_2)
   0.52   65.56 v _08727_/X (sky130_fd_sc_hd__buf_1)
   1.08   66.64 v _08728_/X (sky130_fd_sc_hd__or3_2)
   0.35   66.99 v _08729_/X (sky130_fd_sc_hd__buf_1)
   1.57   68.55 v _08730_/X (sky130_fd_sc_hd__or4_2)
   0.73   69.29 v _08732_/X (sky130_fd_sc_hd__or2_2)
   0.35   69.64 v _08733_/X (sky130_fd_sc_hd__buf_1)
   1.22   70.86 v _08734_/X (sky130_fd_sc_hd__or3_2)
   0.82   71.68 v _08735_/X (sky130_fd_sc_hd__or2_2)
   0.66   72.34 v _08738_/X (sky130_fd_sc_hd__or2_2)
   0.36   72.70 v _08739_/X (sky130_fd_sc_hd__buf_1)
   1.36   74.06 v _08740_/X (sky130_fd_sc_hd__or4_2)
   0.42   74.48 v _08741_/X (sky130_fd_sc_hd__buf_1)
   1.03   75.51 v _08752_/X (sky130_fd_sc_hd__or3_2)
   0.36   75.87 v _08753_/X (sky130_fd_sc_hd__buf_1)
   0.13   76.00 ^ _08754_/Y (sky130_fd_sc_hd__inv_8)
   1.28   77.28 v macaccnegator.C3_adder.adder.adders[1].adder.adders[2].adder.adders[2].adder/SUM (sky130_fd_sc_hd__fa_4)
   0.53   77.81 v _06790_/X (sky130_fd_sc_hd__o22a_4)
   0.13   77.94 ^ _09446_/Y (sky130_fd_sc_hd__nor2_2)
   0.29   78.23 ^ _09447_/X (sky130_fd_sc_hd__or2_2)
   0.08   78.31 v _09448_/Y (sky130_fd_sc_hd__inv_8)
   0.06   78.37 ^ _09452_/Y (sky130_fd_sc_hd__nand2_2)
   0.31   78.67 ^ _09453_/X (sky130_fd_sc_hd__and2_2)
   0.07   78.74 v _09454_/Y (sky130_fd_sc_hd__nor2_2)
   1.56   80.30 v _09495_/X (sky130_fd_sc_hd__or4_2)
   0.30   80.60 v _09496_/X (sky130_fd_sc_hd__buf_1)
   0.23   80.83 ^ _09508_/Y (sky130_fd_sc_hd__nand2_2)
   0.12   80.95 v _09509_/Y (sky130_fd_sc_hd__nor2_2)
   1.01   81.95 v _09510_/X (sky130_fd_sc_hd__or3_2)
   1.55   83.50 ^ macacc.acc3.accumlate_adder.adder.adders[1].adder.adders[3].adder.adders[3].adder/SUM (sky130_fd_sc_hd__fa_4)
   0.08   83.59 v _09773_/Y (sky130_fd_sc_hd__nor2_2)
   0.22   83.81 ^ _09774_/Y (sky130_fd_sc_hd__nor3_2)
   0.13   83.94 v _09775_/Y (sky130_fd_sc_hd__nor2_2)
   0.10   84.04 ^ _09776_/Y (sky130_fd_sc_hd__nor2_2)
   0.00   84.04 ^ _10836_/D (sky130_fd_sc_hd__dfxtp_4)
          84.04   data arrival time

  83.00   83.00   clock clk (rise edge)
   0.00   83.00   clock network delay (ideal)
   0.00   83.00   clock reconvergence pessimism
          83.00 ^ _10836_/CLK (sky130_fd_sc_hd__dfxtp_4)
  -0.17   82.83   library setup time
          82.83   data required time
---------------------------------------------------------
          82.83   data required time
         -84.04   data arrival time
---------------------------------------------------------
          -1.21   slack (VIOLATED)


Startpoint: _10601_ (rising edge-triggered flip-flop clocked by clk)
Endpoint: _10834_ (rising edge-triggered flip-flop clocked by clk)
Path Group: clk
Path Type: max

  Delay    Time   Description
---------------------------------------------------------
   0.00    0.00   clock clk (rise edge)
   0.00    0.00   clock network delay (ideal)
   0.00    0.00 ^ _10601_/CLK (sky130_fd_sc_hd__dfxtp_4)
   0.65    0.65 v _10601_/Q (sky130_fd_sc_hd__dfxtp_4)
   1.04    1.69 v maccombiner.partial0_upper_partial1_full_adder.adder_chain[0].adder/COUT (sky130_fd_sc_hd__fa_4)
   0.94    2.63 v maccombiner.partial0_upper_partial1_full_adder.adder_chain[1].adder/COUT (sky130_fd_sc_hd__fa_4)
   0.93    3.56 v maccombiner.partial0_upper_partial1_full_adder.adder_chain[2].adder/COUT (sky130_fd_sc_hd__fa_4)
   0.94    4.50 v maccombiner.partial0_upper_partial1_full_adder.adder_chain[3].adder/COUT (sky130_fd_sc_hd__fa_4)
   0.93    5.43 v maccombiner.partial0_upper_partial1_full_adder.adder_chain[4].adder/COUT (sky130_fd_sc_hd__fa_4)
   0.94    6.38 v maccombiner.partial0_upper_partial1_full_adder.adder_chain[5].adder/COUT (sky130_fd_sc_hd__fa_4)
   0.93    7.31 v maccombiner.partial0_upper_partial1_full_adder.adder_chain[6].adder/COUT (sky130_fd_sc_hd__fa_4)
   0.93    8.24 v maccombiner.partial0_upper_partial1_full_adder.adder_chain[7].adder/COUT (sky130_fd_sc_hd__fa_4)
   1.36    9.60 v maccombiner.partial0_upper_partial1_full_adder.adder_chain[8].adder/SUM (sky130_fd_sc_hd__fa_4)
   1.11   10.72 v maccombiner.quad_full_adder.adder_chain[0].adder/COUT (sky130_fd_sc_hd__fa_4)
   0.93   11.65 v maccombiner.quad_full_adder.adder_chain[1].adder/COUT (sky130_fd_sc_hd__fa_4)
   0.94   12.59 v maccombiner.quad_full_adder.adder_chain[2].adder/COUT (sky130_fd_sc_hd__fa_4)
   0.93   13.52 v maccombiner.quad_full_adder.adder_chain[3].adder/COUT (sky130_fd_sc_hd__fa_4)
   0.93   14.46 v maccombiner.quad_full_adder.adder_chain[4].adder/COUT (sky130_fd_sc_hd__fa_4)
   0.93   15.39 v maccombiner.quad_full_adder.adder_chain[5].adder/COUT (sky130_fd_sc_hd__fa_4)
   0.93   16.32 v maccombiner.quad_full_adder.adder_chain[6].adder/COUT (sky130_fd_sc_hd__fa_4)
   0.94   17.26 v maccombiner.quad_full_adder.adder_chain[7].adder/COUT (sky130_fd_sc_hd__fa_4)
   0.94   18.20 v maccombiner.quad_full_adder.adder_chain[8].adder/COUT (sky130_fd_sc_hd__fa_4)
   0.93   19.13 v maccombiner.quad_full_adder.adder_chain[9].adder/COUT (sky130_fd_sc_hd__fa_4)
   0.93   20.06 v maccombiner.quad_full_adder.adder_chain[10].adder/COUT (sky130_fd_sc_hd__fa_4)
   0.93   21.00 v maccombiner.quad_full_adder.adder_chain[11].adder/COUT (sky130_fd_sc_hd__fa_4)
   0.93   21.93 v maccombiner.quad_full_adder.adder_chain[12].adder/COUT (sky130_fd_sc_hd__fa_4)
   0.94   22.87 v maccombiner.quad_full_adder.adder_chain[13].adder/COUT (sky130_fd_sc_hd__fa_4)
   0.93   23.80 v maccombiner.quad_full_adder.adder_chain[14].adder/COUT (sky130_fd_sc_hd__fa_4)
   0.93   24.73 v maccombiner.quad_full_adder.adder_chain[15].adder/COUT (sky130_fd_sc_hd__fa_4)
   0.93   25.66 v maccombiner.quad_full_adder.adder_chain[16].adder/COUT (sky130_fd_sc_hd__fa_4)
   0.93   26.60 v maccombiner.quad_full_adder.adder_chain[17].adder/COUT (sky130_fd_sc_hd__fa_4)
   0.93   27.53 v maccombiner.quad_full_adder.adder_chain[18].adder/COUT (sky130_fd_sc_hd__fa_4)
   0.94   28.47 v maccombiner.quad_full_adder.adder_chain[19].adder/COUT (sky130_fd_sc_hd__fa_4)
   0.94   29.41 v maccombiner.quad_full_adder.adder_chain[20].adder/COUT (sky130_fd_sc_hd__fa_4)
   0.93   30.34 v maccombiner.quad_full_adder.adder_chain[21].adder/COUT (sky130_fd_sc_hd__fa_4)
   0.93   31.27 v maccombiner.quad_full_adder.adder_chain[22].adder/COUT (sky130_fd_sc_hd__fa_4)
   0.93   32.20 v maccombiner.quad_full_adder.adder_chain[23].adder/COUT (sky130_fd_sc_hd__fa_4)
   0.93   33.13 v maccombiner.quad_full_adder.adder_chain[24].adder/COUT (sky130_fd_sc_hd__fa_4)
   0.93   34.06 v maccombiner.quad_full_adder.adder_chain[25].adder/COUT (sky130_fd_sc_hd__fa_4)
   0.93   34.99 v maccombiner.quad_full_adder.adder_chain[26].adder/COUT (sky130_fd_sc_hd__fa_4)
   0.93   35.93 v maccombiner.quad_full_adder.adder_chain[27].adder/COUT (sky130_fd_sc_hd__fa_4)
   0.94   36.86 v maccombiner.quad_full_adder.adder_chain[28].adder/COUT (sky130_fd_sc_hd__fa_4)
   0.94   37.80 v maccombiner.quad_full_adder.adder_chain[29].adder/COUT (sky130_fd_sc_hd__fa_4)
   0.94   38.74 v maccombiner.quad_full_adder.adder_chain[30].adder/COUT (sky130_fd_sc_hd__fa_4)
   0.93   39.67 v maccombiner.quad_full_adder.adder_chain[31].adder/COUT (sky130_fd_sc_hd__fa_4)
   0.96   40.63 v maccombiner.quad_full_adder.adder_chain[32].adder/COUT (sky130_fd_sc_hd__fa_4)
   0.94   41.57 v maccombiner.quad_full_adder.adder_chain[33].adder/COUT (sky130_fd_sc_hd__fa_4)
   0.93   42.50 v maccombiner.quad_full_adder.adder_chain[34].adder/COUT (sky130_fd_sc_hd__fa_4)
   0.93   43.43 v maccombiner.quad_full_adder.adder_chain[35].adder/COUT (sky130_fd_sc_hd__fa_4)
   0.93   44.36 v maccombiner.quad_full_adder.adder_chain[36].adder/COUT (sky130_fd_sc_hd__fa_4)
   0.93   45.29 v maccombiner.quad_full_adder.adder_chain[37].adder/COUT (sky130_fd_sc_hd__fa_4)
   0.94   46.23 v maccombiner.quad_full_adder.adder_chain[38].adder/COUT (sky130_fd_sc_hd__fa_4)
   0.93   47.16 v maccombiner.quad_full_adder.adder_chain[39].adder/COUT (sky130_fd_sc_hd__fa_4)
   0.93   48.09 v maccombiner.quad_full_adder.adder_chain[40].adder/COUT (sky130_fd_sc_hd__fa_4)
   0.93   49.02 v maccombiner.quad_full_adder.adder_chain[41].adder/COUT (sky130_fd_sc_hd__fa_4)
   0.95   49.97 v maccombiner.quad_full_adder.adder_chain[42].adder/COUT (sky130_fd_sc_hd__fa_4)
   0.94   50.91 v maccombiner.quad_full_adder.adder_chain[43].adder/COUT (sky130_fd_sc_hd__fa_4)
   0.94   51.85 v maccombiner.quad_full_adder.adder_chain[44].adder/COUT (sky130_fd_sc_hd__fa_4)
   0.93   52.79 v maccombiner.quad_full_adder.adder_chain[45].adder/COUT (sky130_fd_sc_hd__fa_4)
   0.94   53.72 v maccombiner.quad_full_adder.adder_chain[46].adder/COUT (sky130_fd_sc_hd__fa_4)
   1.31   55.03 v maccombiner.quad_full_adder.adder_chain[47].adder/SUM (sky130_fd_sc_hd__fa_4)
   0.18   55.21 ^ _06432_/Y (sky130_fd_sc_hd__nand2_2)
   0.29   55.50 v _06433_/Y (sky130_fd_sc_hd__nand2_2)
   0.72   56.22 v _07078_/X (sky130_fd_sc_hd__or2_2)
   0.48   56.70 ^ _07089_/Y (sky130_fd_sc_hd__nor4_2)
   0.36   57.06 ^ _07090_/X (sky130_fd_sc_hd__or2_2)
   0.44   57.51 ^ _07091_/X (sky130_fd_sc_hd__buf_1)
   0.13   57.64 v _07092_/Y (sky130_fd_sc_hd__inv_8)
   1.53   59.17 v _07093_/X (sky130_fd_sc_hd__or4_2)
   1.37   60.54 v _07101_/X (sky130_fd_sc_hd__or4_2)
   0.56   61.09 v _07102_/X (sky130_fd_sc_hd__buf_1)
   1.11   62.20 v _07103_/X (sky130_fd_sc_hd__or3_2)
   0.38   62.59 v _07104_/X (sky130_fd_sc_hd__buf_1)
   0.27   62.85 ^ _07105_/Y (sky130_fd_sc_hd__nor4_2)
   0.34   63.19 ^ _07106_/X (sky130_fd_sc_hd__or2_2)
   0.46   63.65 ^ _07107_/X (sky130_fd_sc_hd__buf_1)
   0.11   63.76 v _08725_/Y (sky130_fd_sc_hd__inv_8)
   1.28   65.04 v _08726_/X (sky130_fd_sc_hd__or4_2)
   0.52   65.56 v _08727_/X (sky130_fd_sc_hd__buf_1)
   1.08   66.64 v _08728_/X (sky130_fd_sc_hd__or3_2)
   0.35   66.99 v _08729_/X (sky130_fd_sc_hd__buf_1)
   1.57   68.55 v _08730_/X (sky130_fd_sc_hd__or4_2)
   0.73   69.29 v _08732_/X (sky130_fd_sc_hd__or2_2)
   0.35   69.64 v _08733_/X (sky130_fd_sc_hd__buf_1)
   1.22   70.86 v _08734_/X (sky130_fd_sc_hd__or3_2)
   0.82   71.68 v _08735_/X (sky130_fd_sc_hd__or2_2)
   0.66   72.34 v _08738_/X (sky130_fd_sc_hd__or2_2)
   0.36   72.70 v _08739_/X (sky130_fd_sc_hd__buf_1)
   1.36   74.06 v _08740_/X (sky130_fd_sc_hd__or4_2)
   0.42   74.48 v _08741_/X (sky130_fd_sc_hd__buf_1)
   1.03   75.51 v _08752_/X (sky130_fd_sc_hd__or3_2)
   0.36   75.87 v _08753_/X (sky130_fd_sc_hd__buf_1)
   0.13   76.00 ^ _08754_/Y (sky130_fd_sc_hd__inv_8)
   1.28   77.28 v macaccnegator.C3_adder.adder.adders[1].adder.adders[2].adder.adders[2].adder/SUM (sky130_fd_sc_hd__fa_4)
   0.53   77.81 v _06790_/X (sky130_fd_sc_hd__o22a_4)
   0.13   77.94 ^ _09446_/Y (sky130_fd_sc_hd__nor2_2)
   0.29   78.23 ^ _09447_/X (sky130_fd_sc_hd__or2_2)
   0.08   78.31 v _09448_/Y (sky130_fd_sc_hd__inv_8)
   0.06   78.37 ^ _09452_/Y (sky130_fd_sc_hd__nand2_2)
   0.31   78.67 ^ _09453_/X (sky130_fd_sc_hd__and2_2)
   0.07   78.74 v _09454_/Y (sky130_fd_sc_hd__nor2_2)
   1.56   80.30 v _09495_/X (sky130_fd_sc_hd__or4_2)
   0.30   80.60 v _09496_/X (sky130_fd_sc_hd__buf_1)
   0.23   80.83 ^ _09508_/Y (sky130_fd_sc_hd__nand2_2)
   0.09   80.91 v _09511_/Y (sky130_fd_sc_hd__inv_8)
   0.68   81.59 v _09514_/X (sky130_fd_sc_hd__or2_2)
   1.53   83.12 ^ macacc.acc3.accumlate_adder.adder.adders[1].adder.adders[3].adder.adders[1].adder/SUM (sky130_fd_sc_hd__fa_4)
   0.08   83.20 v _09786_/Y (sky130_fd_sc_hd__nor2_2)
   0.23   83.43 ^ _09787_/Y (sky130_fd_sc_hd__nor3_2)
   0.12   83.55 v _09788_/Y (sky130_fd_sc_hd__nor2_2)
   0.10   83.65 ^ _09789_/Y (sky130_fd_sc_hd__nor2_2)
   0.00   83.65 ^ _10834_/D (sky130_fd_sc_hd__dfxtp_4)
          83.65   data arrival time

  83.00   83.00   clock clk (rise edge)
   0.00   83.00   clock network delay (ideal)
   0.00   83.00   clock reconvergence pessimism
          83.00 ^ _10834_/CLK (sky130_fd_sc_hd__dfxtp_4)
  -0.17   82.83   library setup time
          82.83   data required time
---------------------------------------------------------
          82.83   data required time
         -83.65   data arrival time
---------------------------------------------------------
          -0.82   slack (VIOLATED)


Startpoint: _10601_ (rising edge-triggered flip-flop clocked by clk)
Endpoint: _10835_ (rising edge-triggered flip-flop clocked by clk)
Path Group: clk
Path Type: max

  Delay    Time   Description
---------------------------------------------------------
   0.00    0.00   clock clk (rise edge)
   0.00    0.00   clock network delay (ideal)
   0.00    0.00 ^ _10601_/CLK (sky130_fd_sc_hd__dfxtp_4)
   0.65    0.65 v _10601_/Q (sky130_fd_sc_hd__dfxtp_4)
   1.04    1.69 v maccombiner.partial0_upper_partial1_full_adder.adder_chain[0].adder/COUT (sky130_fd_sc_hd__fa_4)
   0.94    2.63 v maccombiner.partial0_upper_partial1_full_adder.adder_chain[1].adder/COUT (sky130_fd_sc_hd__fa_4)
   0.93    3.56 v maccombiner.partial0_upper_partial1_full_adder.adder_chain[2].adder/COUT (sky130_fd_sc_hd__fa_4)
   0.94    4.50 v maccombiner.partial0_upper_partial1_full_adder.adder_chain[3].adder/COUT (sky130_fd_sc_hd__fa_4)
   0.93    5.43 v maccombiner.partial0_upper_partial1_full_adder.adder_chain[4].adder/COUT (sky130_fd_sc_hd__fa_4)
   0.94    6.38 v maccombiner.partial0_upper_partial1_full_adder.adder_chain[5].adder/COUT (sky130_fd_sc_hd__fa_4)
   0.93    7.31 v maccombiner.partial0_upper_partial1_full_adder.adder_chain[6].adder/COUT (sky130_fd_sc_hd__fa_4)
   0.93    8.24 v maccombiner.partial0_upper_partial1_full_adder.adder_chain[7].adder/COUT (sky130_fd_sc_hd__fa_4)
   1.36    9.60 v maccombiner.partial0_upper_partial1_full_adder.adder_chain[8].adder/SUM (sky130_fd_sc_hd__fa_4)
   1.11   10.72 v maccombiner.quad_full_adder.adder_chain[0].adder/COUT (sky130_fd_sc_hd__fa_4)
   0.93   11.65 v maccombiner.quad_full_adder.adder_chain[1].adder/COUT (sky130_fd_sc_hd__fa_4)
   0.94   12.59 v maccombiner.quad_full_adder.adder_chain[2].adder/COUT (sky130_fd_sc_hd__fa_4)
   0.93   13.52 v maccombiner.quad_full_adder.adder_chain[3].adder/COUT (sky130_fd_sc_hd__fa_4)
   0.93   14.46 v maccombiner.quad_full_adder.adder_chain[4].adder/COUT (sky130_fd_sc_hd__fa_4)
   0.93   15.39 v maccombiner.quad_full_adder.adder_chain[5].adder/COUT (sky130_fd_sc_hd__fa_4)
   0.93   16.32 v maccombiner.quad_full_adder.adder_chain[6].adder/COUT (sky130_fd_sc_hd__fa_4)
   0.94   17.26 v maccombiner.quad_full_adder.adder_chain[7].adder/COUT (sky130_fd_sc_hd__fa_4)
   0.94   18.20 v maccombiner.quad_full_adder.adder_chain[8].adder/COUT (sky130_fd_sc_hd__fa_4)
   0.93   19.13 v maccombiner.quad_full_adder.adder_chain[9].adder/COUT (sky130_fd_sc_hd__fa_4)
   0.93   20.06 v maccombiner.quad_full_adder.adder_chain[10].adder/COUT (sky130_fd_sc_hd__fa_4)
   0.93   21.00 v maccombiner.quad_full_adder.adder_chain[11].adder/COUT (sky130_fd_sc_hd__fa_4)
   0.93   21.93 v maccombiner.quad_full_adder.adder_chain[12].adder/COUT (sky130_fd_sc_hd__fa_4)
   0.94   22.87 v maccombiner.quad_full_adder.adder_chain[13].adder/COUT (sky130_fd_sc_hd__fa_4)
   0.93   23.80 v maccombiner.quad_full_adder.adder_chain[14].adder/COUT (sky130_fd_sc_hd__fa_4)
   0.93   24.73 v maccombiner.quad_full_adder.adder_chain[15].adder/COUT (sky130_fd_sc_hd__fa_4)
   0.93   25.66 v maccombiner.quad_full_adder.adder_chain[16].adder/COUT (sky130_fd_sc_hd__fa_4)
   0.93   26.60 v maccombiner.quad_full_adder.adder_chain[17].adder/COUT (sky130_fd_sc_hd__fa_4)
   0.93   27.53 v maccombiner.quad_full_adder.adder_chain[18].adder/COUT (sky130_fd_sc_hd__fa_4)
   0.94   28.47 v maccombiner.quad_full_adder.adder_chain[19].adder/COUT (sky130_fd_sc_hd__fa_4)
   0.94   29.41 v maccombiner.quad_full_adder.adder_chain[20].adder/COUT (sky130_fd_sc_hd__fa_4)
   0.93   30.34 v maccombiner.quad_full_adder.adder_chain[21].adder/COUT (sky130_fd_sc_hd__fa_4)
   0.93   31.27 v maccombiner.quad_full_adder.adder_chain[22].adder/COUT (sky130_fd_sc_hd__fa_4)
   0.93   32.20 v maccombiner.quad_full_adder.adder_chain[23].adder/COUT (sky130_fd_sc_hd__fa_4)
   0.93   33.13 v maccombiner.quad_full_adder.adder_chain[24].adder/COUT (sky130_fd_sc_hd__fa_4)
   0.93   34.06 v maccombiner.quad_full_adder.adder_chain[25].adder/COUT (sky130_fd_sc_hd__fa_4)
   0.93   34.99 v maccombiner.quad_full_adder.adder_chain[26].adder/COUT (sky130_fd_sc_hd__fa_4)
   0.93   35.93 v maccombiner.quad_full_adder.adder_chain[27].adder/COUT (sky130_fd_sc_hd__fa_4)
   0.94   36.86 v maccombiner.quad_full_adder.adder_chain[28].adder/COUT (sky130_fd_sc_hd__fa_4)
   0.94   37.80 v maccombiner.quad_full_adder.adder_chain[29].adder/COUT (sky130_fd_sc_hd__fa_4)
   0.94   38.74 v maccombiner.quad_full_adder.adder_chain[30].adder/COUT (sky130_fd_sc_hd__fa_4)
   0.93   39.67 v maccombiner.quad_full_adder.adder_chain[31].adder/COUT (sky130_fd_sc_hd__fa_4)
   0.96   40.63 v maccombiner.quad_full_adder.adder_chain[32].adder/COUT (sky130_fd_sc_hd__fa_4)
   0.94   41.57 v maccombiner.quad_full_adder.adder_chain[33].adder/COUT (sky130_fd_sc_hd__fa_4)
   0.93   42.50 v maccombiner.quad_full_adder.adder_chain[34].adder/COUT (sky130_fd_sc_hd__fa_4)
   0.93   43.43 v maccombiner.quad_full_adder.adder_chain[35].adder/COUT (sky130_fd_sc_hd__fa_4)
   0.93   44.36 v maccombiner.quad_full_adder.adder_chain[36].adder/COUT (sky130_fd_sc_hd__fa_4)
   0.93   45.29 v maccombiner.quad_full_adder.adder_chain[37].adder/COUT (sky130_fd_sc_hd__fa_4)
   0.94   46.23 v maccombiner.quad_full_adder.adder_chain[38].adder/COUT (sky130_fd_sc_hd__fa_4)
   0.93   47.16 v maccombiner.quad_full_adder.adder_chain[39].adder/COUT (sky130_fd_sc_hd__fa_4)
   0.93   48.09 v maccombiner.quad_full_adder.adder_chain[40].adder/COUT (sky130_fd_sc_hd__fa_4)
   0.93   49.02 v maccombiner.quad_full_adder.adder_chain[41].adder/COUT (sky130_fd_sc_hd__fa_4)
   0.95   49.97 v maccombiner.quad_full_adder.adder_chain[42].adder/COUT (sky130_fd_sc_hd__fa_4)
   0.94   50.91 v maccombiner.quad_full_adder.adder_chain[43].adder/COUT (sky130_fd_sc_hd__fa_4)
   0.94   51.85 v maccombiner.quad_full_adder.adder_chain[44].adder/COUT (sky130_fd_sc_hd__fa_4)
   0.93   52.79 v maccombiner.quad_full_adder.adder_chain[45].adder/COUT (sky130_fd_sc_hd__fa_4)
   0.94   53.72 v maccombiner.quad_full_adder.adder_chain[46].adder/COUT (sky130_fd_sc_hd__fa_4)
   1.31   55.03 v maccombiner.quad_full_adder.adder_chain[47].adder/SUM (sky130_fd_sc_hd__fa_4)
   0.18   55.21 ^ _06432_/Y (sky130_fd_sc_hd__nand2_2)
   0.29   55.50 v _06433_/Y (sky130_fd_sc_hd__nand2_2)
   0.72   56.22 v _07078_/X (sky130_fd_sc_hd__or2_2)
   0.48   56.70 ^ _07089_/Y (sky130_fd_sc_hd__nor4_2)
   0.36   57.06 ^ _07090_/X (sky130_fd_sc_hd__or2_2)
   0.44   57.51 ^ _07091_/X (sky130_fd_sc_hd__buf_1)
   0.13   57.64 v _07092_/Y (sky130_fd_sc_hd__inv_8)
   1.53   59.17 v _07093_/X (sky130_fd_sc_hd__or4_2)
   1.37   60.54 v _07101_/X (sky130_fd_sc_hd__or4_2)
   0.56   61.09 v _07102_/X (sky130_fd_sc_hd__buf_1)
   1.11   62.20 v _07103_/X (sky130_fd_sc_hd__or3_2)
   0.38   62.59 v _07104_/X (sky130_fd_sc_hd__buf_1)
   0.27   62.85 ^ _07105_/Y (sky130_fd_sc_hd__nor4_2)
   0.34   63.19 ^ _07106_/X (sky130_fd_sc_hd__or2_2)
   0.46   63.65 ^ _07107_/X (sky130_fd_sc_hd__buf_1)
   0.11   63.76 v _08725_/Y (sky130_fd_sc_hd__inv_8)
   1.28   65.04 v _08726_/X (sky130_fd_sc_hd__or4_2)
   0.52   65.56 v _08727_/X (sky130_fd_sc_hd__buf_1)
   1.08   66.64 v _08728_/X (sky130_fd_sc_hd__or3_2)
   0.35   66.99 v _08729_/X (sky130_fd_sc_hd__buf_1)
   1.57   68.55 v _08730_/X (sky130_fd_sc_hd__or4_2)
   0.73   69.29 v _08732_/X (sky130_fd_sc_hd__or2_2)
   0.35   69.64 v _08733_/X (sky130_fd_sc_hd__buf_1)
   1.22   70.86 v _08734_/X (sky130_fd_sc_hd__or3_2)
   0.82   71.68 v _08735_/X (sky130_fd_sc_hd__or2_2)
   0.66   72.34 v _08738_/X (sky130_fd_sc_hd__or2_2)
   0.36   72.70 v _08739_/X (sky130_fd_sc_hd__buf_1)
   1.36   74.06 v _08740_/X (sky130_fd_sc_hd__or4_2)
   0.42   74.48 v _08741_/X (sky130_fd_sc_hd__buf_1)
   1.03   75.51 v _08752_/X (sky130_fd_sc_hd__or3_2)
   0.36   75.87 v _08753_/X (sky130_fd_sc_hd__buf_1)
   0.13   76.00 ^ _08754_/Y (sky130_fd_sc_hd__inv_8)
   1.28   77.28 v macaccnegator.C3_adder.adder.adders[1].adder.adders[2].adder.adders[2].adder/SUM (sky130_fd_sc_hd__fa_4)
   0.53   77.81 v _06790_/X (sky130_fd_sc_hd__o22a_4)
   0.13   77.94 ^ _09446_/Y (sky130_fd_sc_hd__nor2_2)
   0.29   78.23 ^ _09447_/X (sky130_fd_sc_hd__or2_2)
   0.08   78.31 v _09448_/Y (sky130_fd_sc_hd__inv_8)
   0.06   78.37 ^ _09452_/Y (sky130_fd_sc_hd__nand2_2)
   0.31   78.67 ^ _09453_/X (sky130_fd_sc_hd__and2_2)
   0.07   78.74 v _09454_/Y (sky130_fd_sc_hd__nor2_2)
   1.56   80.30 v _09495_/X (sky130_fd_sc_hd__or4_2)
   0.30   80.60 v _09496_/X (sky130_fd_sc_hd__buf_1)
   0.23   80.83 ^ _09508_/Y (sky130_fd_sc_hd__nand2_2)
   0.09   80.91 v _09511_/Y (sky130_fd_sc_hd__inv_8)
   0.18   81.09 ^ _09512_/Y (sky130_fd_sc_hd__nor2_2)
   0.10   81.19 v _09513_/Y (sky130_fd_sc_hd__nor2_2)
   1.50   82.69 ^ macacc.acc3.accumlate_adder.adder.adders[1].adder.adders[3].adder.adders[2].adder/SUM (sky130_fd_sc_hd__fa_4)
   0.08   82.77 v _09779_/Y (sky130_fd_sc_hd__nor2_2)
   0.24   83.01 ^ _09780_/Y (sky130_fd_sc_hd__nor3_2)
   0.13   83.14 v _09781_/Y (sky130_fd_sc_hd__nor2_2)
   0.10   83.24 ^ _09782_/Y (sky130_fd_sc_hd__nor2_2)
   0.00   83.24 ^ _10835_/D (sky130_fd_sc_hd__dfxtp_4)
          83.24   data arrival time

  83.00   83.00   clock clk (rise edge)
   0.00   83.00   clock network delay (ideal)
   0.00   83.00   clock reconvergence pessimism
          83.00 ^ _10835_/CLK (sky130_fd_sc_hd__dfxtp_4)
  -0.17   82.83   library setup time
          82.83   data required time
---------------------------------------------------------
          82.83   data required time
         -83.24   data arrival time
---------------------------------------------------------
          -0.41   slack (VIOLATED)


