Startpoint: _10799_ (rising edge-triggered flip-flop clocked by clk)
Endpoint: _10799_ (rising edge-triggered flip-flop clocked by clk)
Path Group: clk
Path Type: min

  Delay    Time   Description
---------------------------------------------------------
   0.00    0.00   clock clk (rise edge)
   0.00    0.00   clock network delay (ideal)
   0.00    0.00 ^ _10799_/CLK (sky130_fd_sc_hd__dfxtp_4)
   0.21    0.21 ^ _10799_/Q (sky130_fd_sc_hd__dfxtp_4)
   0.09    0.30 ^ _07830_/X (sky130_fd_sc_hd__a21bo_4)
   0.07    0.36 ^ _07833_/X (sky130_fd_sc_hd__o21a_4)
   0.00    0.36 ^ _10799_/D (sky130_fd_sc_hd__dfxtp_4)
           0.36   data arrival time

   0.00    0.00   clock clk (rise edge)
   0.00    0.00   clock network delay (ideal)
   0.00    0.00   clock reconvergence pessimism
           0.00 ^ _10799_/CLK (sky130_fd_sc_hd__dfxtp_4)
  -0.02   -0.02   library hold time
          -0.02   data required time
---------------------------------------------------------
          -0.02   data required time
          -0.36   data arrival time
---------------------------------------------------------
           0.38   slack (MET)


Startpoint: cfg[1] (input port clocked by clk)
Endpoint: _10812_ (rising edge-triggered flip-flop clocked by clk)
Path Group: clk
Path Type: max

  Delay    Time   Description
---------------------------------------------------------
   0.00    0.00   clock clk (rise edge)
   0.00    0.00   clock network delay (ideal)
  50.00   50.00 v input external delay
   0.02   50.02 v cfg[1] (in)
   0.07   50.09 ^ _04698_/Y (sky130_fd_sc_hd__inv_8)
   0.18   50.27 ^ _04699_/X (sky130_fd_sc_hd__or2_4)
   0.54   50.81 ^ _04700_/X (sky130_fd_sc_hd__buf_1)
   0.69   51.50 ^ _04701_/X (sky130_fd_sc_hd__buf_1)
   0.68   52.18 ^ _04702_/X (sky130_fd_sc_hd__buf_1)
   0.59   52.77 ^ _04703_/X (sky130_fd_sc_hd__buf_1)
   0.64   53.41 ^ _04704_/X (sky130_fd_sc_hd__buf_1)
   0.70   54.11 ^ _04705_/X (sky130_fd_sc_hd__buf_1)
   0.77   54.88 ^ _04706_/X (sky130_fd_sc_hd__buf_1)
   0.64   55.53 ^ _04707_/X (sky130_fd_sc_hd__buf_1)
   0.61   56.13 ^ _04708_/X (sky130_fd_sc_hd__buf_1)
   0.58   56.71 ^ _04762_/X (sky130_fd_sc_hd__buf_1)
   0.56   57.27 ^ _04763_/X (sky130_fd_sc_hd__buf_1)
   0.55   57.82 ^ _04764_/X (sky130_fd_sc_hd__buf_1)
   0.64   58.45 ^ _04765_/X (sky130_fd_sc_hd__buf_1)
   0.75   59.21 ^ _04766_/X (sky130_fd_sc_hd__buf_1)
   0.92   60.13 ^ _04767_/X (sky130_fd_sc_hd__buf_1)
   0.85   60.97 ^ _04768_/X (sky130_fd_sc_hd__buf_1)
   0.62   61.60 ^ _04769_/X (sky130_fd_sc_hd__buf_1)
   0.50   62.09 ^ _04770_/X (sky130_fd_sc_hd__buf_1)
   0.50   62.59 ^ _07865_/X (sky130_fd_sc_hd__buf_1)
   0.37   62.96 ^ _08787_/X (sky130_fd_sc_hd__o22a_4)
   0.21   63.17 ^ _08788_/X (sky130_fd_sc_hd__o21a_4)
   0.17   63.34 ^ _08789_/X (sky130_fd_sc_hd__or2_4)
   0.61   63.95 ^ _08790_/X (sky130_fd_sc_hd__buf_1)
   0.19   64.14 v _08792_/Y (sky130_fd_sc_hd__inv_8)
   0.25   64.38 ^ _08816_/Y (sky130_fd_sc_hd__a22oi_4)
   0.52   64.90 ^ _08879_/X (sky130_fd_sc_hd__buf_1)
   0.96   65.86 ^ _10025_/X (sky130_fd_sc_hd__buf_1)
   0.27   66.14 v _10062_/Y (sky130_fd_sc_hd__nor2_4)
   1.35   67.49 v macmul0.A0B0_mul_block.array_multiplier.horizontal[1].vertical[0].multiplier_cell.adder/SUM (sky130_fd_sc_hd__fa_4)
   1.09   68.58 v macmul0.A0B0_mul_block.array_multiplier.horizontal[0].vertical[1].multiplier_cell.adder/COUT (sky130_fd_sc_hd__fa_4)
   0.93   69.51 v macmul0.A0B0_mul_block.array_multiplier.horizontal[1].vertical[1].multiplier_cell.adder/COUT (sky130_fd_sc_hd__fa_4)
   1.55   71.06 ^ macmul0.A0B0_mul_block.array_multiplier.horizontal[2].vertical[1].multiplier_cell.adder/SUM (sky130_fd_sc_hd__fa_4)
   1.29   72.35 v macmul0.A0B0_mul_block.array_multiplier.horizontal[1].vertical[2].multiplier_cell.adder/SUM (sky130_fd_sc_hd__fa_4)
   1.09   73.44 v macmul0.A0B0_mul_block.array_multiplier.horizontal[0].vertical[3].multiplier_cell.adder/COUT (sky130_fd_sc_hd__fa_4)
   0.93   74.37 v macmul0.A0B0_mul_block.array_multiplier.horizontal[1].vertical[3].multiplier_cell.adder/COUT (sky130_fd_sc_hd__fa_4)
   1.55   75.93 ^ macmul0.A0B0_mul_block.array_multiplier.horizontal[2].vertical[3].multiplier_cell.adder/SUM (sky130_fd_sc_hd__fa_4)
   1.29   77.22 v macmul0.A0B0_mul_block.array_multiplier.horizontal[1].vertical[4].multiplier_cell.adder/SUM (sky130_fd_sc_hd__fa_4)
   1.09   78.31 v macmul0.A0B0_mul_block.array_multiplier.horizontal[0].vertical[5].multiplier_cell.adder/COUT (sky130_fd_sc_hd__fa_4)
   0.93   79.24 v macmul0.A0B0_mul_block.array_multiplier.horizontal[1].vertical[5].multiplier_cell.adder/COUT (sky130_fd_sc_hd__fa_4)
   1.55   80.79 ^ macmul0.A0B0_mul_block.array_multiplier.horizontal[2].vertical[5].multiplier_cell.adder/SUM (sky130_fd_sc_hd__fa_4)
   1.29   82.08 v macmul0.A0B0_mul_block.array_multiplier.horizontal[1].vertical[6].multiplier_cell.adder/SUM (sky130_fd_sc_hd__fa_4)
   1.09   83.17 v macmul0.A0B0_mul_block.array_multiplier.horizontal[0].vertical[7].multiplier_cell.adder/COUT (sky130_fd_sc_hd__fa_4)
   0.93   84.10 v macmul0.A0B0_mul_block.array_multiplier.horizontal[1].vertical[7].multiplier_cell.adder/COUT (sky130_fd_sc_hd__fa_4)
   0.93   85.03 v macmul0.A0B0_mul_block.array_multiplier.horizontal[2].vertical[7].multiplier_cell.adder/COUT (sky130_fd_sc_hd__fa_4)
   0.93   85.95 v macmul0.A0B0_mul_block.array_multiplier.horizontal[3].vertical[7].multiplier_cell.adder/COUT (sky130_fd_sc_hd__fa_4)
   0.93   86.88 v macmul0.A0B0_mul_block.array_multiplier.horizontal[4].vertical[7].multiplier_cell.adder/COUT (sky130_fd_sc_hd__fa_4)
   0.93   87.81 v macmul0.A0B0_mul_block.array_multiplier.horizontal[5].vertical[7].multiplier_cell.adder/COUT (sky130_fd_sc_hd__fa_4)
   0.93   88.74 v macmul0.A0B0_mul_block.array_multiplier.horizontal[6].vertical[7].multiplier_cell.adder/COUT (sky130_fd_sc_hd__fa_4)
   1.68   90.41 ^ macmul0.A0B0_mul_block.array_multiplier.horizontal[7].vertical[7].multiplier_cell.adder/SUM (sky130_fd_sc_hd__fa_4)
   0.10   90.52 v _06236_/Y (sky130_fd_sc_hd__inv_8)
   0.39   90.90 v _06237_/X (sky130_fd_sc_hd__a2bb2o_4)
   0.49   91.39 v _06238_/X (sky130_fd_sc_hd__or2_4)
   0.37   91.76 ^ _06265_/Y (sky130_fd_sc_hd__nor3_4)
   0.15   91.91 v _06266_/Y (sky130_fd_sc_hd__a2111oi_4)
   0.35   92.26 ^ _06267_/Y (sky130_fd_sc_hd__nor3_4)
   0.37   92.63 ^ _06268_/X (sky130_fd_sc_hd__and2_4)
   0.44   93.08 ^ _06269_/X (sky130_fd_sc_hd__buf_1)
   0.41   93.49 ^ _06270_/X (sky130_fd_sc_hd__and2_4)
   0.48   93.97 ^ _06271_/X (sky130_fd_sc_hd__buf_1)
   0.12   94.09 v _06316_/Y (sky130_fd_sc_hd__inv_8)
   0.24   94.32 v _06317_/X (sky130_fd_sc_hd__o21a_4)
   0.42   94.75 v _06327_/X (sky130_fd_sc_hd__or2_4)
   0.35   95.10 ^ _06328_/X (sky130_fd_sc_hd__a21bo_4)
   0.43   95.53 v _06329_/X (sky130_fd_sc_hd__a2bb2o_4)
   0.50   96.03 v _06342_/X (sky130_fd_sc_hd__or2_4)
   0.55   96.59 v _06583_/X (sky130_fd_sc_hd__a32o_4)
   0.30   96.89 v _06584_/X (sky130_fd_sc_hd__and2_4)
   0.50   97.40 v _06586_/X (sky130_fd_sc_hd__or2_4)
   0.44   97.83 v _06970_/X (sky130_fd_sc_hd__a2bb2o_4)
   0.52   98.35 v _06972_/X (sky130_fd_sc_hd__or2_4)
   0.36   98.71 ^ _06974_/X (sky130_fd_sc_hd__a21bo_4)
   0.27   98.98 ^ _06978_/X (sky130_fd_sc_hd__a2bb2o_4)
   0.22   99.19 ^ _06993_/X (sky130_fd_sc_hd__or2_4)
   0.30   99.49 ^ _07522_/X (sky130_fd_sc_hd__and2_4)
   0.09   99.58 v _07523_/Y (sky130_fd_sc_hd__a2bb2oi_4)
   0.41   99.99 v _07524_/X (sky130_fd_sc_hd__or2_4)
   0.24  100.23 v _07525_/X (sky130_fd_sc_hd__buf_1)
   1.06  101.29 v macaccnegator.C0_adder.adder_chain[19].adder/COUT (sky130_fd_sc_hd__fa_4)
   0.93  102.22 v macaccnegator.C0_adder.adder_chain[20].adder/COUT (sky130_fd_sc_hd__fa_4)
   0.93  103.14 v macaccnegator.C0_adder.adder_chain[21].adder/COUT (sky130_fd_sc_hd__fa_4)
   0.93  104.07 v macaccnegator.C0_adder.adder_chain[22].adder/COUT (sky130_fd_sc_hd__fa_4)
   0.93  105.00 v macaccnegator.C0_adder.adder_chain[23].adder/COUT (sky130_fd_sc_hd__fa_4)
   0.93  105.92 v macaccnegator.C0_adder.adder_chain[24].adder/COUT (sky130_fd_sc_hd__fa_4)
   0.93  106.85 v macaccnegator.C0_adder.adder_chain[25].adder/COUT (sky130_fd_sc_hd__fa_4)
   0.93  107.78 v macaccnegator.C0_adder.adder_chain[26].adder/COUT (sky130_fd_sc_hd__fa_4)
   0.93  108.70 v macaccnegator.C0_adder.adder_chain[27].adder/COUT (sky130_fd_sc_hd__fa_4)
   0.93  109.63 v macaccnegator.C0_adder.adder_chain[28].adder/COUT (sky130_fd_sc_hd__fa_4)
   0.93  110.56 v macaccnegator.C0_adder.adder_chain[29].adder/COUT (sky130_fd_sc_hd__fa_4)
   0.93  111.48 v macaccnegator.C0_adder.adder_chain[30].adder/COUT (sky130_fd_sc_hd__fa_4)
   0.90  112.38 v macaccnegator.C0_adder.adder_chain[31].adder/COUT (sky130_fd_sc_hd__fa_4)
   0.50  112.88 v _07867_/X (sky130_fd_sc_hd__or2_4)
   0.90  113.78 v macaccnegator.C1_adder.adder_chain[0].adder/COUT (sky130_fd_sc_hd__fa_4)
   0.93  114.71 v macaccnegator.C1_adder.adder_chain[1].adder/COUT (sky130_fd_sc_hd__fa_4)
   0.93  115.63 v macaccnegator.C1_adder.adder_chain[2].adder/COUT (sky130_fd_sc_hd__fa_4)
   0.93  116.56 v macaccnegator.C1_adder.adder_chain[3].adder/COUT (sky130_fd_sc_hd__fa_4)
   0.93  117.49 v macaccnegator.C1_adder.adder_chain[4].adder/COUT (sky130_fd_sc_hd__fa_4)
   0.93  118.42 v macaccnegator.C1_adder.adder_chain[5].adder/COUT (sky130_fd_sc_hd__fa_4)
   0.93  119.34 v macaccnegator.C1_adder.adder_chain[6].adder/COUT (sky130_fd_sc_hd__fa_4)
   0.93  120.27 v macaccnegator.C1_adder.adder_chain[7].adder/COUT (sky130_fd_sc_hd__fa_4)
   0.93  121.20 v macaccnegator.C1_adder.adder_chain[8].adder/COUT (sky130_fd_sc_hd__fa_4)
   0.93  122.12 v macaccnegator.C1_adder.adder_chain[9].adder/COUT (sky130_fd_sc_hd__fa_4)
   0.93  123.05 v macaccnegator.C1_adder.adder_chain[10].adder/COUT (sky130_fd_sc_hd__fa_4)
   0.93  123.98 v macaccnegator.C1_adder.adder_chain[11].adder/COUT (sky130_fd_sc_hd__fa_4)
   0.93  124.91 v macaccnegator.C1_adder.adder_chain[12].adder/COUT (sky130_fd_sc_hd__fa_4)
   0.93  125.83 v macaccnegator.C1_adder.adder_chain[13].adder/COUT (sky130_fd_sc_hd__fa_4)
   0.93  126.76 v macaccnegator.C1_adder.adder_chain[14].adder/COUT (sky130_fd_sc_hd__fa_4)
   0.93  127.69 v macaccnegator.C1_adder.adder_chain[15].adder/COUT (sky130_fd_sc_hd__fa_4)
   0.93  128.61 v macaccnegator.C1_adder.adder_chain[16].adder/COUT (sky130_fd_sc_hd__fa_4)
   0.93  129.54 v macaccnegator.C1_adder.adder_chain[17].adder/COUT (sky130_fd_sc_hd__fa_4)
   0.93  130.47 v macaccnegator.C1_adder.adder_chain[18].adder/COUT (sky130_fd_sc_hd__fa_4)
   0.93  131.40 v macaccnegator.C1_adder.adder_chain[19].adder/COUT (sky130_fd_sc_hd__fa_4)
   0.93  132.32 v macaccnegator.C1_adder.adder_chain[20].adder/COUT (sky130_fd_sc_hd__fa_4)
   0.93  133.25 v macaccnegator.C1_adder.adder_chain[21].adder/COUT (sky130_fd_sc_hd__fa_4)
   0.93  134.18 v macaccnegator.C1_adder.adder_chain[22].adder/COUT (sky130_fd_sc_hd__fa_4)
   0.93  135.10 v macaccnegator.C1_adder.adder_chain[23].adder/COUT (sky130_fd_sc_hd__fa_4)
   0.93  136.03 v macaccnegator.C1_adder.adder_chain[24].adder/COUT (sky130_fd_sc_hd__fa_4)
   0.93  136.96 v macaccnegator.C1_adder.adder_chain[25].adder/COUT (sky130_fd_sc_hd__fa_4)
   0.93  137.88 v macaccnegator.C1_adder.adder_chain[26].adder/COUT (sky130_fd_sc_hd__fa_4)
   0.93  138.81 v macaccnegator.C1_adder.adder_chain[27].adder/COUT (sky130_fd_sc_hd__fa_4)
   0.93  139.74 v macaccnegator.C1_adder.adder_chain[28].adder/COUT (sky130_fd_sc_hd__fa_4)
   0.93  140.67 v macaccnegator.C1_adder.adder_chain[29].adder/COUT (sky130_fd_sc_hd__fa_4)
   0.93  141.59 v macaccnegator.C1_adder.adder_chain[30].adder/COUT (sky130_fd_sc_hd__fa_4)
   0.90  142.49 v macaccnegator.C1_adder.adder_chain[31].adder/COUT (sky130_fd_sc_hd__fa_4)
   0.50  142.99 v _07866_/X (sky130_fd_sc_hd__or2_4)
   0.90  143.89 v macaccnegator.C2_adder.adder_chain[0].adder/COUT (sky130_fd_sc_hd__fa_4)
   0.93  144.82 v macaccnegator.C2_adder.adder_chain[1].adder/COUT (sky130_fd_sc_hd__fa_4)
   0.93  145.74 v macaccnegator.C2_adder.adder_chain[2].adder/COUT (sky130_fd_sc_hd__fa_4)
   0.93  146.67 v macaccnegator.C2_adder.adder_chain[3].adder/COUT (sky130_fd_sc_hd__fa_4)
   0.93  147.60 v macaccnegator.C2_adder.adder_chain[4].adder/COUT (sky130_fd_sc_hd__fa_4)
   0.93  148.52 v macaccnegator.C2_adder.adder_chain[5].adder/COUT (sky130_fd_sc_hd__fa_4)
   0.93  149.45 v macaccnegator.C2_adder.adder_chain[6].adder/COUT (sky130_fd_sc_hd__fa_4)
   0.93  150.38 v macaccnegator.C2_adder.adder_chain[7].adder/COUT (sky130_fd_sc_hd__fa_4)
   0.93  151.31 v macaccnegator.C2_adder.adder_chain[8].adder/COUT (sky130_fd_sc_hd__fa_4)
   0.93  152.23 v macaccnegator.C2_adder.adder_chain[9].adder/COUT (sky130_fd_sc_hd__fa_4)
   0.93  153.16 v macaccnegator.C2_adder.adder_chain[10].adder/COUT (sky130_fd_sc_hd__fa_4)
   0.93  154.09 v macaccnegator.C2_adder.adder_chain[11].adder/COUT (sky130_fd_sc_hd__fa_4)
   0.93  155.01 v macaccnegator.C2_adder.adder_chain[12].adder/COUT (sky130_fd_sc_hd__fa_4)
   0.93  155.94 v macaccnegator.C2_adder.adder_chain[13].adder/COUT (sky130_fd_sc_hd__fa_4)
   0.93  156.87 v macaccnegator.C2_adder.adder_chain[14].adder/COUT (sky130_fd_sc_hd__fa_4)
   0.93  157.79 v macaccnegator.C2_adder.adder_chain[15].adder/COUT (sky130_fd_sc_hd__fa_4)
   0.93  158.72 v macaccnegator.C2_adder.adder_chain[16].adder/COUT (sky130_fd_sc_hd__fa_4)
   0.93  159.65 v macaccnegator.C2_adder.adder_chain[17].adder/COUT (sky130_fd_sc_hd__fa_4)
   0.93  160.58 v macaccnegator.C2_adder.adder_chain[18].adder/COUT (sky130_fd_sc_hd__fa_4)
   0.93  161.50 v macaccnegator.C2_adder.adder_chain[19].adder/COUT (sky130_fd_sc_hd__fa_4)
   0.93  162.43 v macaccnegator.C2_adder.adder_chain[20].adder/COUT (sky130_fd_sc_hd__fa_4)
   0.93  163.36 v macaccnegator.C2_adder.adder_chain[21].adder/COUT (sky130_fd_sc_hd__fa_4)
   0.93  164.28 v macaccnegator.C2_adder.adder_chain[22].adder/COUT (sky130_fd_sc_hd__fa_4)
   0.93  165.21 v macaccnegator.C2_adder.adder_chain[23].adder/COUT (sky130_fd_sc_hd__fa_4)
   0.93  166.14 v macaccnegator.C2_adder.adder_chain[24].adder/COUT (sky130_fd_sc_hd__fa_4)
   0.93  167.06 v macaccnegator.C2_adder.adder_chain[25].adder/COUT (sky130_fd_sc_hd__fa_4)
   0.93  167.99 v macaccnegator.C2_adder.adder_chain[26].adder/COUT (sky130_fd_sc_hd__fa_4)
   0.93  168.92 v macaccnegator.C2_adder.adder_chain[27].adder/COUT (sky130_fd_sc_hd__fa_4)
   0.93  169.85 v macaccnegator.C2_adder.adder_chain[28].adder/COUT (sky130_fd_sc_hd__fa_4)
   0.93  170.77 v macaccnegator.C2_adder.adder_chain[29].adder/COUT (sky130_fd_sc_hd__fa_4)
   0.93  171.70 v macaccnegator.C2_adder.adder_chain[30].adder/COUT (sky130_fd_sc_hd__fa_4)
   0.90  172.60 v macaccnegator.C2_adder.adder_chain[31].adder/COUT (sky130_fd_sc_hd__fa_4)
   0.50  173.10 v _07864_/X (sky130_fd_sc_hd__or2_4)
   0.90  174.00 v macaccnegator.C3_adder.adder_chain[0].adder/COUT (sky130_fd_sc_hd__fa_4)
   0.93  174.92 v macaccnegator.C3_adder.adder_chain[1].adder/COUT (sky130_fd_sc_hd__fa_4)
   0.93  175.85 v macaccnegator.C3_adder.adder_chain[2].adder/COUT (sky130_fd_sc_hd__fa_4)
   0.93  176.78 v macaccnegator.C3_adder.adder_chain[3].adder/COUT (sky130_fd_sc_hd__fa_4)
   0.93  177.71 v macaccnegator.C3_adder.adder_chain[4].adder/COUT (sky130_fd_sc_hd__fa_4)
   0.93  178.63 v macaccnegator.C3_adder.adder_chain[5].adder/COUT (sky130_fd_sc_hd__fa_4)
   0.93  179.56 v macaccnegator.C3_adder.adder_chain[6].adder/COUT (sky130_fd_sc_hd__fa_4)
   0.93  180.49 v macaccnegator.C3_adder.adder_chain[7].adder/COUT (sky130_fd_sc_hd__fa_4)
   0.93  181.41 v macaccnegator.C3_adder.adder_chain[8].adder/COUT (sky130_fd_sc_hd__fa_4)
   0.93  182.34 v macaccnegator.C3_adder.adder_chain[9].adder/COUT (sky130_fd_sc_hd__fa_4)
   0.93  183.27 v macaccnegator.C3_adder.adder_chain[10].adder/COUT (sky130_fd_sc_hd__fa_4)
   0.93  184.19 v macaccnegator.C3_adder.adder_chain[11].adder/COUT (sky130_fd_sc_hd__fa_4)
   0.93  185.12 v macaccnegator.C3_adder.adder_chain[12].adder/COUT (sky130_fd_sc_hd__fa_4)
   0.93  186.05 v macaccnegator.C3_adder.adder_chain[13].adder/COUT (sky130_fd_sc_hd__fa_4)
   0.93  186.98 v macaccnegator.C3_adder.adder_chain[14].adder/COUT (sky130_fd_sc_hd__fa_4)
   0.93  187.90 v macaccnegator.C3_adder.adder_chain[15].adder/COUT (sky130_fd_sc_hd__fa_4)
   0.93  188.83 v macaccnegator.C3_adder.adder_chain[16].adder/COUT (sky130_fd_sc_hd__fa_4)
   0.93  189.76 v macaccnegator.C3_adder.adder_chain[17].adder/COUT (sky130_fd_sc_hd__fa_4)
   0.92  190.68 v macaccnegator.C3_adder.adder_chain[18].adder/COUT (sky130_fd_sc_hd__fa_4)
   0.93  191.61 v macaccnegator.C3_adder.adder_chain[19].adder/COUT (sky130_fd_sc_hd__fa_4)
   0.92  192.53 v macaccnegator.C3_adder.adder_chain[20].adder/COUT (sky130_fd_sc_hd__fa_4)
   0.93  193.46 v macaccnegator.C3_adder.adder_chain[21].adder/COUT (sky130_fd_sc_hd__fa_4)
   0.93  194.38 v macaccnegator.C3_adder.adder_chain[22].adder/COUT (sky130_fd_sc_hd__fa_4)
   0.93  195.31 v macaccnegator.C3_adder.adder_chain[23].adder/COUT (sky130_fd_sc_hd__fa_4)
   0.93  196.24 v macaccnegator.C3_adder.adder_chain[24].adder/COUT (sky130_fd_sc_hd__fa_4)
   0.93  197.16 v macaccnegator.C3_adder.adder_chain[25].adder/COUT (sky130_fd_sc_hd__fa_4)
   0.92  198.09 v macaccnegator.C3_adder.adder_chain[26].adder/COUT (sky130_fd_sc_hd__fa_4)
   0.92  199.01 v macaccnegator.C3_adder.adder_chain[27].adder/COUT (sky130_fd_sc_hd__fa_4)
   0.92  199.93 v macaccnegator.C3_adder.adder_chain[28].adder/COUT (sky130_fd_sc_hd__fa_4)
   0.92  200.86 v macaccnegator.C3_adder.adder_chain[29].adder/COUT (sky130_fd_sc_hd__fa_4)
   0.92  201.78 v macaccnegator.C3_adder.adder_chain[30].adder/COUT (sky130_fd_sc_hd__fa_4)
   1.51  203.29 ^ macaccnegator.C3_adder.adder_chain[31].adder/SUM (sky130_fd_sc_hd__fa_4)
   0.27  203.56 ^ _07838_/X (sky130_fd_sc_hd__and2_4)
   0.25  203.81 ^ _07839_/X (sky130_fd_sc_hd__buf_1)
   0.46  204.27 v _10093_/X (sky130_fd_sc_hd__a2bb2o_4)
   0.29  204.56 v _10095_/X (sky130_fd_sc_hd__and2_4)
   0.15  204.71 ^ _10096_/Y (sky130_fd_sc_hd__nor3_4)
   0.00  204.71 ^ _10812_/D (sky130_fd_sc_hd__dfxtp_4)
         204.71   data arrival time

 250.00  250.00   clock clk (rise edge)
   0.00  250.00   clock network delay (ideal)
   0.00  250.00   clock reconvergence pessimism
         250.00 ^ _10812_/CLK (sky130_fd_sc_hd__dfxtp_4)
  -0.18  249.82   library setup time
         249.82   data required time
---------------------------------------------------------
         249.82   data required time
        -204.71   data arrival time
---------------------------------------------------------
          45.11   slack (MET)


