Startpoint: _10799_ (rising edge-triggered flip-flop clocked by clk)
Endpoint: _10799_ (rising edge-triggered flip-flop clocked by clk)
Path Group: clk
Path Type: min

  Delay    Time   Description
---------------------------------------------------------
   0.00    0.00   clock clk (rise edge)
   0.00    0.00   clock network delay (ideal)
   0.00    0.00 ^ _10799_/CLK (sky130_fd_sc_hd__dfxtp_4)
   0.21    0.21 ^ _10799_/Q (sky130_fd_sc_hd__dfxtp_4)
   0.09    0.30 ^ _07830_/X (sky130_fd_sc_hd__a21bo_4)
   0.07    0.36 ^ _07833_/X (sky130_fd_sc_hd__o21a_4)
   0.00    0.36 ^ _10799_/D (sky130_fd_sc_hd__dfxtp_4)
           0.36   data arrival time

   0.00    0.00   clock clk (rise edge)
   0.00    0.00   clock network delay (ideal)
   0.00    0.00   clock reconvergence pessimism
           0.00 ^ _10799_/CLK (sky130_fd_sc_hd__dfxtp_4)
  -0.02   -0.02   library hold time
          -0.02   data required time
---------------------------------------------------------
          -0.02   data required time
          -0.36   data arrival time
---------------------------------------------------------
           0.38   slack (MET)


Startpoint: cfg[1] (input port clocked by clk)
Endpoint: _10812_ (rising edge-triggered flip-flop clocked by clk)
Path Group: clk
Path Type: max

  Delay    Time   Description
---------------------------------------------------------
   0.00    0.00   clock clk (rise edge)
   0.00    0.00   clock network delay (ideal)
  50.00   50.00 v input external delay
   0.02   50.02 v cfg[1] (in)
   0.08   50.09 ^ _04698_/Y (sky130_fd_sc_hd__inv_8)
   0.19   50.28 ^ _04699_/X (sky130_fd_sc_hd__or2_4)
   0.55   50.83 ^ _04700_/X (sky130_fd_sc_hd__buf_1)
   0.71   51.54 ^ _04701_/X (sky130_fd_sc_hd__buf_1)
   0.71   52.25 ^ _04702_/X (sky130_fd_sc_hd__buf_1)
   0.61   52.86 ^ _04703_/X (sky130_fd_sc_hd__buf_1)
   0.67   53.54 ^ _04704_/X (sky130_fd_sc_hd__buf_1)
   0.78   54.32 ^ _04705_/X (sky130_fd_sc_hd__buf_1)
   0.81   55.12 ^ _04706_/X (sky130_fd_sc_hd__buf_1)
   0.67   55.80 ^ _04707_/X (sky130_fd_sc_hd__buf_1)
   0.65   56.45 ^ _04708_/X (sky130_fd_sc_hd__buf_1)
   0.63   57.08 ^ _04762_/X (sky130_fd_sc_hd__buf_1)
   0.60   57.68 ^ _04763_/X (sky130_fd_sc_hd__buf_1)
   0.59   58.26 ^ _04764_/X (sky130_fd_sc_hd__buf_1)
   0.67   58.93 ^ _04765_/X (sky130_fd_sc_hd__buf_1)
   0.79   59.72 ^ _04766_/X (sky130_fd_sc_hd__buf_1)
   0.94   60.67 ^ _04767_/X (sky130_fd_sc_hd__buf_1)
   0.88   61.54 ^ _04768_/X (sky130_fd_sc_hd__buf_1)
   0.65   62.20 ^ _04769_/X (sky130_fd_sc_hd__buf_1)
   0.54   62.74 ^ _04770_/X (sky130_fd_sc_hd__buf_1)
   0.58   63.32 ^ _07865_/X (sky130_fd_sc_hd__buf_1)
   0.42   63.74 ^ _08787_/X (sky130_fd_sc_hd__o22a_4)
   0.21   63.95 ^ _08788_/X (sky130_fd_sc_hd__o21a_4)
   0.18   64.13 ^ _08789_/X (sky130_fd_sc_hd__or2_4)
   0.61   64.74 ^ _08790_/X (sky130_fd_sc_hd__buf_1)
   0.20   64.95 v _08792_/Y (sky130_fd_sc_hd__inv_8)
   0.25   65.20 ^ _08816_/Y (sky130_fd_sc_hd__a22oi_4)
   0.56   65.76 ^ _08879_/X (sky130_fd_sc_hd__buf_1)
   1.01   66.77 ^ _10025_/X (sky130_fd_sc_hd__buf_1)
   0.27   67.04 v _10062_/Y (sky130_fd_sc_hd__nor2_4)
   1.35   68.39 v macmul0.A0B0_mul_block.array_multiplier.horizontal[1].vertical[0].multiplier_cell.adder/SUM (sky130_fd_sc_hd__fa_4)
   1.09   69.49 v macmul0.A0B0_mul_block.array_multiplier.horizontal[0].vertical[1].multiplier_cell.adder/COUT (sky130_fd_sc_hd__fa_4)
   0.93   70.41 v macmul0.A0B0_mul_block.array_multiplier.horizontal[1].vertical[1].multiplier_cell.adder/COUT (sky130_fd_sc_hd__fa_4)
   0.93   71.34 v macmul0.A0B0_mul_block.array_multiplier.horizontal[2].vertical[1].multiplier_cell.adder/COUT (sky130_fd_sc_hd__fa_4)
   1.56   72.90 ^ macmul0.A0B0_mul_block.array_multiplier.horizontal[3].vertical[1].multiplier_cell.adder/SUM (sky130_fd_sc_hd__fa_4)
   1.29   74.19 v macmul0.A0B0_mul_block.array_multiplier.horizontal[2].vertical[2].multiplier_cell.adder/SUM (sky130_fd_sc_hd__fa_4)
   1.09   75.28 v macmul0.A0B0_mul_block.array_multiplier.horizontal[1].vertical[3].multiplier_cell.adder/COUT (sky130_fd_sc_hd__fa_4)
   0.93   76.21 v macmul0.A0B0_mul_block.array_multiplier.horizontal[2].vertical[3].multiplier_cell.adder/COUT (sky130_fd_sc_hd__fa_4)
   0.93   77.14 v macmul0.A0B0_mul_block.array_multiplier.horizontal[3].vertical[3].multiplier_cell.adder/COUT (sky130_fd_sc_hd__fa_4)
   0.93   78.06 v macmul0.A0B0_mul_block.array_multiplier.horizontal[4].vertical[3].multiplier_cell.adder/COUT (sky130_fd_sc_hd__fa_4)
   1.55   79.62 ^ macmul0.A0B0_mul_block.array_multiplier.horizontal[5].vertical[3].multiplier_cell.adder/SUM (sky130_fd_sc_hd__fa_4)
   1.29   80.91 v macmul0.A0B0_mul_block.array_multiplier.horizontal[4].vertical[4].multiplier_cell.adder/SUM (sky130_fd_sc_hd__fa_4)
   1.09   82.00 v macmul0.A0B0_mul_block.array_multiplier.horizontal[3].vertical[5].multiplier_cell.adder/COUT (sky130_fd_sc_hd__fa_4)
   1.56   83.56 ^ macmul0.A0B0_mul_block.array_multiplier.horizontal[4].vertical[5].multiplier_cell.adder/SUM (sky130_fd_sc_hd__fa_4)
   1.29   84.85 v macmul0.A0B0_mul_block.array_multiplier.horizontal[3].vertical[6].multiplier_cell.adder/SUM (sky130_fd_sc_hd__fa_4)
   1.09   85.94 v macmul0.A0B0_mul_block.array_multiplier.horizontal[2].vertical[7].multiplier_cell.adder/COUT (sky130_fd_sc_hd__fa_4)
   0.93   86.87 v macmul0.A0B0_mul_block.array_multiplier.horizontal[3].vertical[7].multiplier_cell.adder/COUT (sky130_fd_sc_hd__fa_4)
   0.93   87.80 v macmul0.A0B0_mul_block.array_multiplier.horizontal[4].vertical[7].multiplier_cell.adder/COUT (sky130_fd_sc_hd__fa_4)
   0.93   88.72 v macmul0.A0B0_mul_block.array_multiplier.horizontal[5].vertical[7].multiplier_cell.adder/COUT (sky130_fd_sc_hd__fa_4)
   0.93   89.65 v macmul0.A0B0_mul_block.array_multiplier.horizontal[6].vertical[7].multiplier_cell.adder/COUT (sky130_fd_sc_hd__fa_4)
   1.68   91.33 ^ macmul0.A0B0_mul_block.array_multiplier.horizontal[7].vertical[7].multiplier_cell.adder/SUM (sky130_fd_sc_hd__fa_4)
   0.11   91.44 v _06236_/Y (sky130_fd_sc_hd__inv_8)
   0.39   91.82 v _06237_/X (sky130_fd_sc_hd__a2bb2o_4)
   0.49   92.31 v _06238_/X (sky130_fd_sc_hd__or2_4)
   0.37   92.68 ^ _06265_/Y (sky130_fd_sc_hd__nor3_4)
   0.15   92.83 v _06266_/Y (sky130_fd_sc_hd__a2111oi_4)
   0.35   93.18 ^ _06267_/Y (sky130_fd_sc_hd__nor3_4)
   0.37   93.56 ^ _06268_/X (sky130_fd_sc_hd__and2_4)
   0.44   94.00 ^ _06269_/X (sky130_fd_sc_hd__buf_1)
   0.41   94.42 ^ _06270_/X (sky130_fd_sc_hd__and2_4)
   0.48   94.90 ^ _06271_/X (sky130_fd_sc_hd__buf_1)
   0.12   95.02 v _06316_/Y (sky130_fd_sc_hd__inv_8)
   0.24   95.25 v _06317_/X (sky130_fd_sc_hd__o21a_4)
   0.42   95.68 v _06327_/X (sky130_fd_sc_hd__or2_4)
   0.35   96.03 ^ _06328_/X (sky130_fd_sc_hd__a21bo_4)
   0.43   96.47 v _06329_/X (sky130_fd_sc_hd__a2bb2o_4)
   0.50   96.97 v _06342_/X (sky130_fd_sc_hd__or2_4)
   0.56   97.52 v _06583_/X (sky130_fd_sc_hd__a32o_4)
   0.30   97.83 v _06584_/X (sky130_fd_sc_hd__and2_4)
   0.50   98.33 v _06586_/X (sky130_fd_sc_hd__or2_4)
   0.44   98.77 v _06970_/X (sky130_fd_sc_hd__a2bb2o_4)
   0.52   99.29 v _06972_/X (sky130_fd_sc_hd__or2_4)
   0.36   99.65 ^ _06974_/X (sky130_fd_sc_hd__a21bo_4)
   0.27   99.92 ^ _06978_/X (sky130_fd_sc_hd__a2bb2o_4)
   0.22  100.14 ^ _06993_/X (sky130_fd_sc_hd__or2_4)
   0.30  100.43 ^ _07522_/X (sky130_fd_sc_hd__and2_4)
   0.09  100.52 v _07523_/Y (sky130_fd_sc_hd__a2bb2oi_4)
   0.42  100.94 v _07524_/X (sky130_fd_sc_hd__or2_4)
   0.24  101.18 v _07525_/X (sky130_fd_sc_hd__buf_1)
   1.07  102.25 v macaccnegator.C0_adder.adder_chain[19].adder/COUT (sky130_fd_sc_hd__fa_4)
   0.93  103.17 v macaccnegator.C0_adder.adder_chain[20].adder/COUT (sky130_fd_sc_hd__fa_4)
   0.93  104.10 v macaccnegator.C0_adder.adder_chain[21].adder/COUT (sky130_fd_sc_hd__fa_4)
   0.93  105.03 v macaccnegator.C0_adder.adder_chain[22].adder/COUT (sky130_fd_sc_hd__fa_4)
   0.93  105.96 v macaccnegator.C0_adder.adder_chain[23].adder/COUT (sky130_fd_sc_hd__fa_4)
   0.93  106.89 v macaccnegator.C0_adder.adder_chain[24].adder/COUT (sky130_fd_sc_hd__fa_4)
   0.93  107.81 v macaccnegator.C0_adder.adder_chain[25].adder/COUT (sky130_fd_sc_hd__fa_4)
   0.93  108.74 v macaccnegator.C0_adder.adder_chain[26].adder/COUT (sky130_fd_sc_hd__fa_4)
   0.93  109.67 v macaccnegator.C0_adder.adder_chain[27].adder/COUT (sky130_fd_sc_hd__fa_4)
   0.93  110.59 v macaccnegator.C0_adder.adder_chain[28].adder/COUT (sky130_fd_sc_hd__fa_4)
   0.93  111.52 v macaccnegator.C0_adder.adder_chain[29].adder/COUT (sky130_fd_sc_hd__fa_4)
   0.92  112.44 v macaccnegator.C0_adder.adder_chain[30].adder/COUT (sky130_fd_sc_hd__fa_4)
   0.91  113.35 v macaccnegator.C0_adder.adder_chain[31].adder/COUT (sky130_fd_sc_hd__fa_4)
   0.50  113.85 v _07867_/X (sky130_fd_sc_hd__or2_4)
   0.90  114.75 v macaccnegator.C1_adder.adder_chain[0].adder/COUT (sky130_fd_sc_hd__fa_4)
   0.93  115.67 v macaccnegator.C1_adder.adder_chain[1].adder/COUT (sky130_fd_sc_hd__fa_4)
   0.93  116.60 v macaccnegator.C1_adder.adder_chain[2].adder/COUT (sky130_fd_sc_hd__fa_4)
   0.93  117.53 v macaccnegator.C1_adder.adder_chain[3].adder/COUT (sky130_fd_sc_hd__fa_4)
   0.93  118.45 v macaccnegator.C1_adder.adder_chain[4].adder/COUT (sky130_fd_sc_hd__fa_4)
   0.93  119.38 v macaccnegator.C1_adder.adder_chain[5].adder/COUT (sky130_fd_sc_hd__fa_4)
   0.93  120.31 v macaccnegator.C1_adder.adder_chain[6].adder/COUT (sky130_fd_sc_hd__fa_4)
   0.93  121.24 v macaccnegator.C1_adder.adder_chain[7].adder/COUT (sky130_fd_sc_hd__fa_4)
   0.93  122.16 v macaccnegator.C1_adder.adder_chain[8].adder/COUT (sky130_fd_sc_hd__fa_4)
   0.93  123.09 v macaccnegator.C1_adder.adder_chain[9].adder/COUT (sky130_fd_sc_hd__fa_4)
   0.93  124.02 v macaccnegator.C1_adder.adder_chain[10].adder/COUT (sky130_fd_sc_hd__fa_4)
   0.93  124.94 v macaccnegator.C1_adder.adder_chain[11].adder/COUT (sky130_fd_sc_hd__fa_4)
   0.93  125.87 v macaccnegator.C1_adder.adder_chain[12].adder/COUT (sky130_fd_sc_hd__fa_4)
   0.93  126.80 v macaccnegator.C1_adder.adder_chain[13].adder/COUT (sky130_fd_sc_hd__fa_4)
   0.93  127.72 v macaccnegator.C1_adder.adder_chain[14].adder/COUT (sky130_fd_sc_hd__fa_4)
   0.93  128.65 v macaccnegator.C1_adder.adder_chain[15].adder/COUT (sky130_fd_sc_hd__fa_4)
   0.93  129.58 v macaccnegator.C1_adder.adder_chain[16].adder/COUT (sky130_fd_sc_hd__fa_4)
   0.93  130.50 v macaccnegator.C1_adder.adder_chain[17].adder/COUT (sky130_fd_sc_hd__fa_4)
   0.93  131.43 v macaccnegator.C1_adder.adder_chain[18].adder/COUT (sky130_fd_sc_hd__fa_4)
   0.93  132.36 v macaccnegator.C1_adder.adder_chain[19].adder/COUT (sky130_fd_sc_hd__fa_4)
   0.93  133.29 v macaccnegator.C1_adder.adder_chain[20].adder/COUT (sky130_fd_sc_hd__fa_4)
   0.93  134.21 v macaccnegator.C1_adder.adder_chain[21].adder/COUT (sky130_fd_sc_hd__fa_4)
   0.92  135.14 v macaccnegator.C1_adder.adder_chain[22].adder/COUT (sky130_fd_sc_hd__fa_4)
   0.93  136.06 v macaccnegator.C1_adder.adder_chain[23].adder/COUT (sky130_fd_sc_hd__fa_4)
   0.93  136.99 v macaccnegator.C1_adder.adder_chain[24].adder/COUT (sky130_fd_sc_hd__fa_4)
   0.93  137.92 v macaccnegator.C1_adder.adder_chain[25].adder/COUT (sky130_fd_sc_hd__fa_4)
   0.93  138.85 v macaccnegator.C1_adder.adder_chain[26].adder/COUT (sky130_fd_sc_hd__fa_4)
   0.93  139.77 v macaccnegator.C1_adder.adder_chain[27].adder/COUT (sky130_fd_sc_hd__fa_4)
   0.93  140.70 v macaccnegator.C1_adder.adder_chain[28].adder/COUT (sky130_fd_sc_hd__fa_4)
   0.93  141.63 v macaccnegator.C1_adder.adder_chain[29].adder/COUT (sky130_fd_sc_hd__fa_4)
   0.93  142.56 v macaccnegator.C1_adder.adder_chain[30].adder/COUT (sky130_fd_sc_hd__fa_4)
   0.90  143.46 v macaccnegator.C1_adder.adder_chain[31].adder/COUT (sky130_fd_sc_hd__fa_4)
   0.50  143.96 v _07866_/X (sky130_fd_sc_hd__or2_4)
   0.90  144.86 v macaccnegator.C2_adder.adder_chain[0].adder/COUT (sky130_fd_sc_hd__fa_4)
   0.93  145.79 v macaccnegator.C2_adder.adder_chain[1].adder/COUT (sky130_fd_sc_hd__fa_4)
   0.93  146.72 v macaccnegator.C2_adder.adder_chain[2].adder/COUT (sky130_fd_sc_hd__fa_4)
   0.93  147.65 v macaccnegator.C2_adder.adder_chain[3].adder/COUT (sky130_fd_sc_hd__fa_4)
   0.93  148.57 v macaccnegator.C2_adder.adder_chain[4].adder/COUT (sky130_fd_sc_hd__fa_4)
   0.93  149.50 v macaccnegator.C2_adder.adder_chain[5].adder/COUT (sky130_fd_sc_hd__fa_4)
   0.93  150.43 v macaccnegator.C2_adder.adder_chain[6].adder/COUT (sky130_fd_sc_hd__fa_4)
   0.93  151.36 v macaccnegator.C2_adder.adder_chain[7].adder/COUT (sky130_fd_sc_hd__fa_4)
   0.93  152.28 v macaccnegator.C2_adder.adder_chain[8].adder/COUT (sky130_fd_sc_hd__fa_4)
   0.93  153.21 v macaccnegator.C2_adder.adder_chain[9].adder/COUT (sky130_fd_sc_hd__fa_4)
   0.93  154.14 v macaccnegator.C2_adder.adder_chain[10].adder/COUT (sky130_fd_sc_hd__fa_4)
   0.93  155.06 v macaccnegator.C2_adder.adder_chain[11].adder/COUT (sky130_fd_sc_hd__fa_4)
   0.93  155.99 v macaccnegator.C2_adder.adder_chain[12].adder/COUT (sky130_fd_sc_hd__fa_4)
   0.93  156.92 v macaccnegator.C2_adder.adder_chain[13].adder/COUT (sky130_fd_sc_hd__fa_4)
   0.93  157.84 v macaccnegator.C2_adder.adder_chain[14].adder/COUT (sky130_fd_sc_hd__fa_4)
   0.93  158.77 v macaccnegator.C2_adder.adder_chain[15].adder/COUT (sky130_fd_sc_hd__fa_4)
   0.93  159.70 v macaccnegator.C2_adder.adder_chain[16].adder/COUT (sky130_fd_sc_hd__fa_4)
   0.93  160.63 v macaccnegator.C2_adder.adder_chain[17].adder/COUT (sky130_fd_sc_hd__fa_4)
   0.93  161.55 v macaccnegator.C2_adder.adder_chain[18].adder/COUT (sky130_fd_sc_hd__fa_4)
   0.93  162.48 v macaccnegator.C2_adder.adder_chain[19].adder/COUT (sky130_fd_sc_hd__fa_4)
   0.93  163.41 v macaccnegator.C2_adder.adder_chain[20].adder/COUT (sky130_fd_sc_hd__fa_4)
   0.93  164.34 v macaccnegator.C2_adder.adder_chain[21].adder/COUT (sky130_fd_sc_hd__fa_4)
   0.93  165.26 v macaccnegator.C2_adder.adder_chain[22].adder/COUT (sky130_fd_sc_hd__fa_4)
   0.93  166.19 v macaccnegator.C2_adder.adder_chain[23].adder/COUT (sky130_fd_sc_hd__fa_4)
   0.93  167.12 v macaccnegator.C2_adder.adder_chain[24].adder/COUT (sky130_fd_sc_hd__fa_4)
   0.93  168.05 v macaccnegator.C2_adder.adder_chain[25].adder/COUT (sky130_fd_sc_hd__fa_4)
   0.93  168.97 v macaccnegator.C2_adder.adder_chain[26].adder/COUT (sky130_fd_sc_hd__fa_4)
   0.93  169.90 v macaccnegator.C2_adder.adder_chain[27].adder/COUT (sky130_fd_sc_hd__fa_4)
   0.93  170.83 v macaccnegator.C2_adder.adder_chain[28].adder/COUT (sky130_fd_sc_hd__fa_4)
   0.93  171.75 v macaccnegator.C2_adder.adder_chain[29].adder/COUT (sky130_fd_sc_hd__fa_4)
   0.93  172.68 v macaccnegator.C2_adder.adder_chain[30].adder/COUT (sky130_fd_sc_hd__fa_4)
   0.90  173.58 v macaccnegator.C2_adder.adder_chain[31].adder/COUT (sky130_fd_sc_hd__fa_4)
   0.50  174.08 v _07864_/X (sky130_fd_sc_hd__or2_4)
   0.90  174.98 v macaccnegator.C3_adder.adder_chain[0].adder/COUT (sky130_fd_sc_hd__fa_4)
   0.93  175.90 v macaccnegator.C3_adder.adder_chain[1].adder/COUT (sky130_fd_sc_hd__fa_4)
   0.93  176.83 v macaccnegator.C3_adder.adder_chain[2].adder/COUT (sky130_fd_sc_hd__fa_4)
   0.93  177.76 v macaccnegator.C3_adder.adder_chain[3].adder/COUT (sky130_fd_sc_hd__fa_4)
   0.93  178.68 v macaccnegator.C3_adder.adder_chain[4].adder/COUT (sky130_fd_sc_hd__fa_4)
   0.93  179.61 v macaccnegator.C3_adder.adder_chain[5].adder/COUT (sky130_fd_sc_hd__fa_4)
   0.93  180.54 v macaccnegator.C3_adder.adder_chain[6].adder/COUT (sky130_fd_sc_hd__fa_4)
   0.93  181.46 v macaccnegator.C3_adder.adder_chain[7].adder/COUT (sky130_fd_sc_hd__fa_4)
   0.93  182.39 v macaccnegator.C3_adder.adder_chain[8].adder/COUT (sky130_fd_sc_hd__fa_4)
   0.93  183.32 v macaccnegator.C3_adder.adder_chain[9].adder/COUT (sky130_fd_sc_hd__fa_4)
   0.93  184.24 v macaccnegator.C3_adder.adder_chain[10].adder/COUT (sky130_fd_sc_hd__fa_4)
   0.93  185.17 v macaccnegator.C3_adder.adder_chain[11].adder/COUT (sky130_fd_sc_hd__fa_4)
   0.93  186.10 v macaccnegator.C3_adder.adder_chain[12].adder/COUT (sky130_fd_sc_hd__fa_4)
   0.93  187.02 v macaccnegator.C3_adder.adder_chain[13].adder/COUT (sky130_fd_sc_hd__fa_4)
   0.93  187.95 v macaccnegator.C3_adder.adder_chain[14].adder/COUT (sky130_fd_sc_hd__fa_4)
   0.93  188.88 v macaccnegator.C3_adder.adder_chain[15].adder/COUT (sky130_fd_sc_hd__fa_4)
   0.93  189.81 v macaccnegator.C3_adder.adder_chain[16].adder/COUT (sky130_fd_sc_hd__fa_4)
   0.93  190.73 v macaccnegator.C3_adder.adder_chain[17].adder/COUT (sky130_fd_sc_hd__fa_4)
   0.92  191.66 v macaccnegator.C3_adder.adder_chain[18].adder/COUT (sky130_fd_sc_hd__fa_4)
   0.93  192.58 v macaccnegator.C3_adder.adder_chain[19].adder/COUT (sky130_fd_sc_hd__fa_4)
   0.92  193.51 v macaccnegator.C3_adder.adder_chain[20].adder/COUT (sky130_fd_sc_hd__fa_4)
   0.93  194.43 v macaccnegator.C3_adder.adder_chain[21].adder/COUT (sky130_fd_sc_hd__fa_4)
   0.93  195.36 v macaccnegator.C3_adder.adder_chain[22].adder/COUT (sky130_fd_sc_hd__fa_4)
   0.93  196.29 v macaccnegator.C3_adder.adder_chain[23].adder/COUT (sky130_fd_sc_hd__fa_4)
   0.93  197.22 v macaccnegator.C3_adder.adder_chain[24].adder/COUT (sky130_fd_sc_hd__fa_4)
   0.93  198.15 v macaccnegator.C3_adder.adder_chain[25].adder/COUT (sky130_fd_sc_hd__fa_4)
   0.92  199.07 v macaccnegator.C3_adder.adder_chain[26].adder/COUT (sky130_fd_sc_hd__fa_4)
   0.92  199.99 v macaccnegator.C3_adder.adder_chain[27].adder/COUT (sky130_fd_sc_hd__fa_4)
   0.92  200.92 v macaccnegator.C3_adder.adder_chain[28].adder/COUT (sky130_fd_sc_hd__fa_4)
   0.92  201.84 v macaccnegator.C3_adder.adder_chain[29].adder/COUT (sky130_fd_sc_hd__fa_4)
   0.92  202.76 v macaccnegator.C3_adder.adder_chain[30].adder/COUT (sky130_fd_sc_hd__fa_4)
   1.51  204.27 ^ macaccnegator.C3_adder.adder_chain[31].adder/SUM (sky130_fd_sc_hd__fa_4)
   0.27  204.54 ^ _07838_/X (sky130_fd_sc_hd__and2_4)
   0.25  204.79 ^ _07839_/X (sky130_fd_sc_hd__buf_1)
   0.47  205.25 v _10093_/X (sky130_fd_sc_hd__a2bb2o_4)
   0.29  205.55 v _10095_/X (sky130_fd_sc_hd__and2_4)
   0.15  205.69 ^ _10096_/Y (sky130_fd_sc_hd__nor3_4)
   0.00  205.69 ^ _10812_/D (sky130_fd_sc_hd__dfxtp_4)
         205.69   data arrival time

 250.00  250.00   clock clk (rise edge)
   0.00  250.00   clock network delay (ideal)
   0.00  250.00   clock reconvergence pessimism
         250.00 ^ _10812_/CLK (sky130_fd_sc_hd__dfxtp_4)
  -0.18  249.82   library setup time
         249.82   data required time
---------------------------------------------------------
         249.82   data required time
        -205.69   data arrival time
---------------------------------------------------------
          44.12   slack (MET)


