Startpoint: _10590_ (rising edge-triggered flip-flop clocked by clk)
Endpoint: _10455_ (rising edge-triggered flip-flop clocked by clk)
Path Group: clk
Path Type: min

  Delay    Time   Description
---------------------------------------------------------
   0.00    0.00   clock clk (rise edge)
   0.00    0.00   clock network delay (ideal)
   0.00    0.00 ^ _10590_/CLK (sky130_fd_sc_hd__dfxtp_4)
   0.19    0.19 ^ _10590_/Q (sky130_fd_sc_hd__dfxtp_4)
   0.00    0.19 ^ _10455_/D (sky130_fd_sc_hd__dfxtp_4)
           0.19   data arrival time

   0.00    0.00   clock clk (rise edge)
   0.00    0.00   clock network delay (ideal)
   0.00    0.00   clock reconvergence pessimism
           0.00 ^ _10455_/CLK (sky130_fd_sc_hd__dfxtp_4)
  -0.02   -0.02   library hold time
          -0.02   data required time
---------------------------------------------------------
          -0.02   data required time
          -0.19   data arrival time
---------------------------------------------------------
           0.20   slack (MET)


Startpoint: _10633_ (rising edge-triggered flip-flop clocked by clk)
Endpoint: _10512_ (rising edge-triggered flip-flop clocked by clk)
Path Group: clk
Path Type: max

  Delay    Time   Description
---------------------------------------------------------
   0.00    0.00   clock clk (rise edge)
   0.00    0.00   clock network delay (ideal)
   0.00    0.00 ^ _10633_/CLK (sky130_fd_sc_hd__dfxtp_4)
   0.65    0.65 v _10633_/Q (sky130_fd_sc_hd__dfxtp_4)
   0.08    0.73 ^ _07618_/Y (sky130_fd_sc_hd__inv_8)
   0.56    1.29 ^ _07619_/X (sky130_fd_sc_hd__buf_1)
   0.73    2.01 ^ _07620_/X (sky130_fd_sc_hd__buf_1)
   0.18    2.20 v _07663_/Y (sky130_fd_sc_hd__nor2_2)
   0.68    2.88 v macmul0.A0B0_mul_block.array_multiplier.ha_5/SUM (sky130_fd_sc_hd__ha_1)
   1.17    4.04 v macmul0.A0B0_mul_block.array_multiplier.fa_24/SUM (sky130_fd_sc_hd__fa_1)
   1.04    5.09 v macmul0.A0B0_mul_block.array_multiplier.fa_36/COUT (sky130_fd_sc_hd__fa_4)
   0.94    6.02 v macmul0.A0B0_mul_block.array_multiplier.fa_37/COUT (sky130_fd_sc_hd__fa_4)
   0.94    6.96 v macmul0.A0B0_mul_block.array_multiplier.fa_38/COUT (sky130_fd_sc_hd__fa_4)
   0.93    7.89 v macmul0.A0B0_mul_block.array_multiplier.fa_39/COUT (sky130_fd_sc_hd__fa_4)
   0.93    8.82 v macmul0.A0B0_mul_block.array_multiplier.fa_40/COUT (sky130_fd_sc_hd__fa_4)
   0.94    9.76 v macmul0.A0B0_mul_block.array_multiplier.fa_41/COUT (sky130_fd_sc_hd__fa_4)
   1.59   11.36 ^ macmul0.A0B0_mul_block.array_multiplier.fa_42/SUM (sky130_fd_sc_hd__fa_4)
   1.26   12.61 v macmul0.block_1_adder.adder_chain[1].adder/SUM (sky130_fd_sc_hd__fa_4)
   0.41   13.02 v _06888_/X (sky130_fd_sc_hd__and2_2)
   0.67   13.70 v _06889_/X (sky130_fd_sc_hd__or2_2)
   1.06   14.76 v maccombiner.partial0_upper_partial1_full_adder.adder_chain[1].adder/COUT (sky130_fd_sc_hd__fa_4)
   0.93   15.69 v maccombiner.partial0_upper_partial1_full_adder.adder_chain[2].adder/COUT (sky130_fd_sc_hd__fa_4)
   0.93   16.62 v maccombiner.partial0_upper_partial1_full_adder.adder_chain[3].adder/COUT (sky130_fd_sc_hd__fa_4)
   0.94   17.56 v maccombiner.partial0_upper_partial1_full_adder.adder_chain[4].adder/COUT (sky130_fd_sc_hd__fa_4)
   0.93   18.49 v maccombiner.partial0_upper_partial1_full_adder.adder_chain[5].adder/COUT (sky130_fd_sc_hd__fa_4)
   0.95   19.45 v maccombiner.partial0_upper_partial1_full_adder.adder_chain[6].adder/COUT (sky130_fd_sc_hd__fa_4)
   0.97   20.42 v maccombiner.partial0_upper_partial1_full_adder.adder_chain[7].adder/COUT (sky130_fd_sc_hd__fa_4)
   0.94   21.36 v maccombiner.partial0_upper_partial1_full_adder.adder_chain[8].adder/COUT (sky130_fd_sc_hd__fa_4)
   0.93   22.29 v maccombiner.partial0_upper_partial1_full_adder.adder_chain[9].adder/COUT (sky130_fd_sc_hd__fa_4)
   0.93   23.22 v maccombiner.partial0_upper_partial1_full_adder.adder_chain[10].adder/COUT (sky130_fd_sc_hd__fa_4)
   0.94   24.16 v maccombiner.partial0_upper_partial1_full_adder.adder_chain[11].adder/COUT (sky130_fd_sc_hd__fa_4)
   0.96   25.12 v maccombiner.partial0_upper_partial1_full_adder.adder_chain[12].adder/COUT (sky130_fd_sc_hd__fa_4)
   0.95   26.07 v maccombiner.partial0_upper_partial1_full_adder.adder_chain[13].adder/COUT (sky130_fd_sc_hd__fa_4)
   0.93   27.00 v maccombiner.partial0_upper_partial1_full_adder.adder_chain[14].adder/COUT (sky130_fd_sc_hd__fa_4)
   0.93   27.93 v maccombiner.partial0_upper_partial1_full_adder.adder_chain[15].adder/COUT (sky130_fd_sc_hd__fa_4)
   0.93   28.87 v maccombiner.partial0_upper_partial1_full_adder.adder_chain[16].adder/COUT (sky130_fd_sc_hd__fa_4)
   0.93   29.80 v maccombiner.partial0_upper_partial1_full_adder.adder_chain[17].adder/COUT (sky130_fd_sc_hd__fa_4)
   0.95   30.75 v maccombiner.partial0_upper_partial1_full_adder.adder_chain[18].adder/COUT (sky130_fd_sc_hd__fa_4)
   0.94   31.69 v maccombiner.partial0_upper_partial1_full_adder.adder_chain[19].adder/COUT (sky130_fd_sc_hd__fa_4)
   0.93   32.62 v maccombiner.partial0_upper_partial1_full_adder.adder_chain[20].adder/COUT (sky130_fd_sc_hd__fa_4)
   0.93   33.55 v maccombiner.partial0_upper_partial1_full_adder.adder_chain[21].adder/COUT (sky130_fd_sc_hd__fa_4)
   0.94   34.49 v maccombiner.partial0_upper_partial1_full_adder.adder_chain[22].adder/COUT (sky130_fd_sc_hd__fa_4)
   0.94   35.43 v maccombiner.partial0_upper_partial1_full_adder.adder_chain[23].adder/COUT (sky130_fd_sc_hd__fa_4)
   0.93   36.36 v maccombiner.partial0_upper_partial1_full_adder.adder_chain[24].adder/COUT (sky130_fd_sc_hd__fa_4)
   0.93   37.30 v maccombiner.partial0_upper_partial1_full_adder.adder_chain[25].adder/COUT (sky130_fd_sc_hd__fa_4)
   0.93   38.23 v maccombiner.partial0_upper_partial1_full_adder.adder_chain[26].adder/COUT (sky130_fd_sc_hd__fa_4)
   0.94   39.17 v maccombiner.partial0_upper_partial1_full_adder.adder_chain[27].adder/COUT (sky130_fd_sc_hd__fa_4)
   0.93   40.10 v maccombiner.partial0_upper_partial1_full_adder.adder_chain[28].adder/COUT (sky130_fd_sc_hd__fa_4)
   0.93   41.03 v maccombiner.partial0_upper_partial1_full_adder.adder_chain[29].adder/COUT (sky130_fd_sc_hd__fa_4)
   0.93   41.97 v maccombiner.partial0_upper_partial1_full_adder.adder_chain[30].adder/COUT (sky130_fd_sc_hd__fa_4)
   0.98   42.95 v maccombiner.partial0_upper_partial1_full_adder.adder_chain[31].adder/COUT (sky130_fd_sc_hd__fa_4)
   0.95   43.90 v maccombiner.partial0_upper_partial1_full_adder.adder_chain[32].adder/COUT (sky130_fd_sc_hd__fa_4)
   0.94   44.83 v maccombiner.partial0_upper_partial1_full_adder.adder_chain[33].adder/COUT (sky130_fd_sc_hd__fa_4)
   0.94   45.78 v maccombiner.partial0_upper_partial1_full_adder.adder_chain[34].adder/COUT (sky130_fd_sc_hd__fa_4)
   1.04   46.81 v maccombiner.partial0_upper_partial1_full_adder.adder_chain[35].adder/COUT (sky130_fd_sc_hd__fa_4)
   0.96   47.77 v maccombiner.partial0_upper_partial1_full_adder.adder_chain[36].adder/COUT (sky130_fd_sc_hd__fa_4)
   0.94   48.71 v maccombiner.partial0_upper_partial1_full_adder.adder_chain[37].adder/COUT (sky130_fd_sc_hd__fa_4)
   0.94   49.66 v maccombiner.partial0_upper_partial1_full_adder.adder_chain[38].adder/COUT (sky130_fd_sc_hd__fa_4)
   1.36   51.01 v maccombiner.partial0_upper_partial1_full_adder.adder_chain[39].adder/SUM (sky130_fd_sc_hd__fa_4)
   1.10   52.11 v maccombiner.quad_full_adder.adder_chain[31].adder/COUT (sky130_fd_sc_hd__fa_4)
   0.95   53.07 v maccombiner.quad_full_adder.adder_chain[32].adder/COUT (sky130_fd_sc_hd__fa_4)
   0.94   54.01 v maccombiner.quad_full_adder.adder_chain[33].adder/COUT (sky130_fd_sc_hd__fa_4)
   0.94   54.95 v maccombiner.quad_full_adder.adder_chain[34].adder/COUT (sky130_fd_sc_hd__fa_4)
   0.94   55.89 v maccombiner.quad_full_adder.adder_chain[35].adder/COUT (sky130_fd_sc_hd__fa_4)
   0.94   56.82 v maccombiner.quad_full_adder.adder_chain[36].adder/COUT (sky130_fd_sc_hd__fa_4)
   0.93   57.75 v maccombiner.quad_full_adder.adder_chain[37].adder/COUT (sky130_fd_sc_hd__fa_4)
   0.93   58.69 v maccombiner.quad_full_adder.adder_chain[38].adder/COUT (sky130_fd_sc_hd__fa_4)
   0.94   59.62 v maccombiner.quad_full_adder.adder_chain[39].adder/COUT (sky130_fd_sc_hd__fa_4)
   0.94   60.56 v maccombiner.quad_full_adder.adder_chain[40].adder/COUT (sky130_fd_sc_hd__fa_4)
   0.94   61.50 v maccombiner.quad_full_adder.adder_chain[41].adder/COUT (sky130_fd_sc_hd__fa_4)
   0.93   62.43 v maccombiner.quad_full_adder.adder_chain[42].adder/COUT (sky130_fd_sc_hd__fa_4)
   0.94   63.37 v maccombiner.quad_full_adder.adder_chain[43].adder/COUT (sky130_fd_sc_hd__fa_4)
   0.93   64.30 v maccombiner.quad_full_adder.adder_chain[44].adder/COUT (sky130_fd_sc_hd__fa_4)
   0.93   65.23 v maccombiner.quad_full_adder.adder_chain[45].adder/COUT (sky130_fd_sc_hd__fa_4)
   0.94   66.17 v maccombiner.quad_full_adder.adder_chain[46].adder/COUT (sky130_fd_sc_hd__fa_4)
   0.94   67.11 v maccombiner.quad_full_adder.adder_chain[47].adder/COUT (sky130_fd_sc_hd__fa_4)
   1.25   68.36 v maccombiner.quad_full_adder.adder_chain[48].adder/SUM (sky130_fd_sc_hd__fa_4)
   0.40   68.76 v _05847_/X (sky130_fd_sc_hd__and2_2)
   0.68   69.44 v _05848_/X (sky130_fd_sc_hd__or2_2)
   0.40   69.84 v _05849_/X (sky130_fd_sc_hd__buf_1)
   1.03   70.87 v _07000_/X (sky130_fd_sc_hd__or3_2)
   1.32   72.19 v _07001_/X (sky130_fd_sc_hd__or4_2)
   1.16   73.35 v _07012_/X (sky130_fd_sc_hd__or3_2)
   0.22   73.57 v _07013_/X (sky130_fd_sc_hd__buf_1)
   0.33   73.90 ^ _07021_/Y (sky130_fd_sc_hd__nor3_2)
   0.32   74.21 ^ _07022_/X (sky130_fd_sc_hd__or2_2)
   0.44   74.65 ^ _07023_/X (sky130_fd_sc_hd__buf_1)
   0.12   74.77 v _08650_/Y (sky130_fd_sc_hd__inv_8)
   0.67   75.44 v _08671_/X (sky130_fd_sc_hd__or2_2)
   0.19   75.63 v _08672_/X (sky130_fd_sc_hd__buf_1)
   0.63   76.26 v _08676_/X (sky130_fd_sc_hd__or2_2)
   0.37   76.63 v _08677_/X (sky130_fd_sc_hd__buf_1)
   0.72   77.35 v _08691_/X (sky130_fd_sc_hd__or2_2)
   0.17   77.52 v _08692_/X (sky130_fd_sc_hd__buf_1)
   0.15   77.68 ^ _08694_/Y (sky130_fd_sc_hd__nor2_2)
   1.32   78.99 v macaccnegator.C3_adder.adder.adders[0].adder.adders[2].adder.adders[2].adder/SUM (sky130_fd_sc_hd__fa_4)
   0.25   79.24 ^ _06419_/Y (sky130_fd_sc_hd__nor2_2)
   0.10   79.35 v _06426_/Y (sky130_fd_sc_hd__nor3_2)
   0.00   79.35 v _10512_/D (sky130_fd_sc_hd__dfxtp_4)
          79.35   data arrival time

  80.00   80.00   clock clk (rise edge)
   0.00   80.00   clock network delay (ideal)
   0.00   80.00   clock reconvergence pessimism
          80.00 ^ _10512_/CLK (sky130_fd_sc_hd__dfxtp_4)
  -0.30   79.70   library setup time
          79.70   data required time
---------------------------------------------------------
          79.70   data required time
         -79.35   data arrival time
---------------------------------------------------------
           0.35   slack (MET)


