
34. Printing statistics.

=== mac_cluster ===

   Number of wires:               8598
   Number of wire bits:           8909
   Number of public wires:        3794
   Number of public wire bits:    4105
   Number of memories:               0
   Number of memory bits:            0
   Number of processes:              0
   Number of cells:               7492
     sky130_fd_sc_hd__a21bo_4        1
     sky130_fd_sc_hd__a21o_4        17
     sky130_fd_sc_hd__a21oi_4        2
     sky130_fd_sc_hd__and2_2       383
     sky130_fd_sc_hd__and3_2        69
     sky130_fd_sc_hd__buf_1        837
     sky130_fd_sc_hd__conb_1       274
     sky130_fd_sc_hd__dfxtp_4      456
     sky130_fd_sc_hd__fa_1         560
     sky130_fd_sc_hd__fa_4         785
     sky130_fd_sc_hd__ha_1         112
     sky130_fd_sc_hd__ha_4          16
     sky130_fd_sc_hd__inv_8        429
     sky130_fd_sc_hd__nand2_2      156
     sky130_fd_sc_hd__nor2_2      2365
     sky130_fd_sc_hd__nor3_2       393
     sky130_fd_sc_hd__nor4_2         6
     sky130_fd_sc_hd__o21a_4        17
     sky130_fd_sc_hd__o21ai_4       11
     sky130_fd_sc_hd__o22a_4       142
     sky130_fd_sc_hd__or2_2        334
     sky130_fd_sc_hd__or3_2         97
     sky130_fd_sc_hd__or4_2         26
     sky130_fd_sc_hd__xor2_2         4

   Chip area for module '\mac_cluster': 83971.785600

