Startpoint: _10799_ (rising edge-triggered flip-flop clocked by clk)
Endpoint: _10799_ (rising edge-triggered flip-flop clocked by clk)
Path Group: clk
Path Type: min

  Delay    Time   Description
---------------------------------------------------------
   0.00    0.00   clock clk (rise edge)
   0.00    0.00   clock network delay (ideal)
   0.00    0.00 ^ _10799_/CLK (sky130_fd_sc_hd__dfxtp_4)
   0.25    0.25 ^ _10799_/Q (sky130_fd_sc_hd__dfxtp_4)
   0.09    0.33 ^ _07830_/X (sky130_fd_sc_hd__a21bo_4)
   0.07    0.41 ^ _07833_/X (sky130_fd_sc_hd__o21a_4)
   0.00    0.41 ^ _10799_/D (sky130_fd_sc_hd__dfxtp_4)
           0.41   data arrival time

   0.00    0.00   clock clk (rise edge)
   0.00    0.00   clock network delay (ideal)
   0.00    0.00   clock reconvergence pessimism
           0.00 ^ _10799_/CLK (sky130_fd_sc_hd__dfxtp_4)
  -0.01   -0.01   library hold time
          -0.01   data required time
---------------------------------------------------------
          -0.01   data required time
          -0.41   data arrival time
---------------------------------------------------------
           0.42   slack (MET)


Startpoint: cfg[1] (input port clocked by clk)
Endpoint: _10812_ (rising edge-triggered flip-flop clocked by clk)
Path Group: clk
Path Type: max

  Delay    Time   Description
---------------------------------------------------------
   0.00    0.00   clock clk (rise edge)
   0.00    0.00   clock network delay (ideal)
  50.00   50.00 v input external delay
   0.02   50.02 v cfg[1] (in)
   0.07   50.10 ^ _04698_/Y (sky130_fd_sc_hd__inv_8)
   0.19   50.29 ^ _04699_/X (sky130_fd_sc_hd__or2_4)
   0.54   50.83 ^ _04700_/X (sky130_fd_sc_hd__buf_1)
   0.72   51.55 ^ _04701_/X (sky130_fd_sc_hd__buf_1)
   0.72   52.26 ^ _04702_/X (sky130_fd_sc_hd__buf_1)
   0.61   52.88 ^ _04703_/X (sky130_fd_sc_hd__buf_1)
   0.66   53.54 ^ _04704_/X (sky130_fd_sc_hd__buf_1)
   0.76   54.30 ^ _04705_/X (sky130_fd_sc_hd__buf_1)
   0.81   55.11 ^ _04706_/X (sky130_fd_sc_hd__buf_1)
   0.68   55.78 ^ _04707_/X (sky130_fd_sc_hd__buf_1)
   0.64   56.42 ^ _04708_/X (sky130_fd_sc_hd__buf_1)
   0.63   57.05 ^ _04762_/X (sky130_fd_sc_hd__buf_1)
   0.59   57.64 ^ _04763_/X (sky130_fd_sc_hd__buf_1)
   0.58   58.23 ^ _04764_/X (sky130_fd_sc_hd__buf_1)
   0.66   58.89 ^ _04765_/X (sky130_fd_sc_hd__buf_1)
   0.78   59.67 ^ _04766_/X (sky130_fd_sc_hd__buf_1)
   0.93   60.60 ^ _04767_/X (sky130_fd_sc_hd__buf_1)
   0.88   61.48 ^ _04768_/X (sky130_fd_sc_hd__buf_1)
   0.66   62.14 ^ _04769_/X (sky130_fd_sc_hd__buf_1)
   0.53   62.67 ^ _04770_/X (sky130_fd_sc_hd__buf_1)
   0.56   63.23 ^ _07865_/X (sky130_fd_sc_hd__buf_1)
   0.42   63.65 ^ _08787_/X (sky130_fd_sc_hd__o22a_4)
   0.21   63.86 ^ _08788_/X (sky130_fd_sc_hd__o21a_4)
   0.17   64.04 ^ _08789_/X (sky130_fd_sc_hd__or2_4)
   0.60   64.64 ^ _08790_/X (sky130_fd_sc_hd__buf_1)
   0.22   64.85 v _08792_/Y (sky130_fd_sc_hd__inv_8)
   0.27   65.12 ^ _08816_/Y (sky130_fd_sc_hd__a22oi_4)
   0.57   65.69 ^ _08879_/X (sky130_fd_sc_hd__buf_1)
   1.01   66.70 ^ _10025_/X (sky130_fd_sc_hd__buf_1)
   0.30   67.01 v _10062_/Y (sky130_fd_sc_hd__nor2_4)
   1.36   68.37 v macmul0.A0B0_mul_block.array_multiplier.horizontal[1].vertical[0].multiplier_cell.adder/SUM (sky130_fd_sc_hd__fa_4)
   1.09   69.46 v macmul0.A0B0_mul_block.array_multiplier.horizontal[0].vertical[1].multiplier_cell.adder/COUT (sky130_fd_sc_hd__fa_4)
   0.93   70.38 v macmul0.A0B0_mul_block.array_multiplier.horizontal[1].vertical[1].multiplier_cell.adder/COUT (sky130_fd_sc_hd__fa_4)
   0.93   71.31 v macmul0.A0B0_mul_block.array_multiplier.horizontal[2].vertical[1].multiplier_cell.adder/COUT (sky130_fd_sc_hd__fa_4)
   1.56   72.87 ^ macmul0.A0B0_mul_block.array_multiplier.horizontal[3].vertical[1].multiplier_cell.adder/SUM (sky130_fd_sc_hd__fa_4)
   1.29   74.16 v macmul0.A0B0_mul_block.array_multiplier.horizontal[2].vertical[2].multiplier_cell.adder/SUM (sky130_fd_sc_hd__fa_4)
   1.09   75.25 v macmul0.A0B0_mul_block.array_multiplier.horizontal[1].vertical[3].multiplier_cell.adder/COUT (sky130_fd_sc_hd__fa_4)
   1.56   76.81 ^ macmul0.A0B0_mul_block.array_multiplier.horizontal[2].vertical[3].multiplier_cell.adder/SUM (sky130_fd_sc_hd__fa_4)
   1.29   78.11 v macmul0.A0B0_mul_block.array_multiplier.horizontal[1].vertical[4].multiplier_cell.adder/SUM (sky130_fd_sc_hd__fa_4)
   1.09   79.20 v macmul0.A0B0_mul_block.array_multiplier.horizontal[0].vertical[5].multiplier_cell.adder/COUT (sky130_fd_sc_hd__fa_4)
   0.93   80.13 v macmul0.A0B0_mul_block.array_multiplier.horizontal[1].vertical[5].multiplier_cell.adder/COUT (sky130_fd_sc_hd__fa_4)
   0.93   81.06 v macmul0.A0B0_mul_block.array_multiplier.horizontal[2].vertical[5].multiplier_cell.adder/COUT (sky130_fd_sc_hd__fa_4)
   0.93   81.98 v macmul0.A0B0_mul_block.array_multiplier.horizontal[3].vertical[5].multiplier_cell.adder/COUT (sky130_fd_sc_hd__fa_4)
   1.55   83.54 ^ macmul0.A0B0_mul_block.array_multiplier.horizontal[4].vertical[5].multiplier_cell.adder/SUM (sky130_fd_sc_hd__fa_4)
   1.30   84.84 v macmul0.A0B0_mul_block.array_multiplier.horizontal[3].vertical[6].multiplier_cell.adder/SUM (sky130_fd_sc_hd__fa_4)
   1.09   85.93 v macmul0.A0B0_mul_block.array_multiplier.horizontal[2].vertical[7].multiplier_cell.adder/COUT (sky130_fd_sc_hd__fa_4)
   0.93   86.86 v macmul0.A0B0_mul_block.array_multiplier.horizontal[3].vertical[7].multiplier_cell.adder/COUT (sky130_fd_sc_hd__fa_4)
   0.93   87.79 v macmul0.A0B0_mul_block.array_multiplier.horizontal[4].vertical[7].multiplier_cell.adder/COUT (sky130_fd_sc_hd__fa_4)
   0.93   88.71 v macmul0.A0B0_mul_block.array_multiplier.horizontal[5].vertical[7].multiplier_cell.adder/COUT (sky130_fd_sc_hd__fa_4)
   0.93   89.64 v macmul0.A0B0_mul_block.array_multiplier.horizontal[6].vertical[7].multiplier_cell.adder/COUT (sky130_fd_sc_hd__fa_4)
   1.67   91.31 ^ macmul0.A0B0_mul_block.array_multiplier.horizontal[7].vertical[7].multiplier_cell.adder/SUM (sky130_fd_sc_hd__fa_4)
   0.13   91.44 v _06236_/Y (sky130_fd_sc_hd__inv_8)
   0.39   91.83 v _06237_/X (sky130_fd_sc_hd__a2bb2o_4)
   0.49   92.31 v _06238_/X (sky130_fd_sc_hd__or2_4)
   0.38   92.69 ^ _06265_/Y (sky130_fd_sc_hd__nor3_4)
   0.15   92.84 v _06266_/Y (sky130_fd_sc_hd__a2111oi_4)
   0.36   93.21 ^ _06267_/Y (sky130_fd_sc_hd__nor3_4)
   0.38   93.59 ^ _06268_/X (sky130_fd_sc_hd__and2_4)
   0.44   94.02 ^ _06269_/X (sky130_fd_sc_hd__buf_1)
   0.44   94.47 ^ _06270_/X (sky130_fd_sc_hd__and2_4)
   0.48   94.94 ^ _06271_/X (sky130_fd_sc_hd__buf_1)
   0.14   95.09 v _06316_/Y (sky130_fd_sc_hd__inv_8)
   0.24   95.33 v _06317_/X (sky130_fd_sc_hd__o21a_4)
   0.42   95.75 v _06327_/X (sky130_fd_sc_hd__or2_4)
   0.35   96.10 ^ _06328_/X (sky130_fd_sc_hd__a21bo_4)
   0.44   96.54 v _06329_/X (sky130_fd_sc_hd__a2bb2o_4)
   0.50   97.04 v _06342_/X (sky130_fd_sc_hd__or2_4)
   0.56   97.60 v _06583_/X (sky130_fd_sc_hd__a32o_4)
   0.31   97.91 v _06584_/X (sky130_fd_sc_hd__and2_4)
   0.50   98.42 v _06586_/X (sky130_fd_sc_hd__or2_4)
   0.44   98.86 v _06970_/X (sky130_fd_sc_hd__a2bb2o_4)
   0.52   99.38 v _06972_/X (sky130_fd_sc_hd__or2_4)
   0.36   99.74 ^ _06974_/X (sky130_fd_sc_hd__a21bo_4)
   0.28  100.02 ^ _06978_/X (sky130_fd_sc_hd__a2bb2o_4)
   0.22  100.24 ^ _06993_/X (sky130_fd_sc_hd__or2_4)
   0.30  100.54 ^ _07522_/X (sky130_fd_sc_hd__and2_4)
   0.10  100.63 v _07523_/Y (sky130_fd_sc_hd__a2bb2oi_4)
   0.43  101.06 v _07524_/X (sky130_fd_sc_hd__or2_4)
   0.24  101.30 v _07525_/X (sky130_fd_sc_hd__buf_1)
   1.07  102.37 v macaccnegator.C0_adder.adder_chain[19].adder/COUT (sky130_fd_sc_hd__fa_4)
   0.93  103.30 v macaccnegator.C0_adder.adder_chain[20].adder/COUT (sky130_fd_sc_hd__fa_4)
   0.93  104.23 v macaccnegator.C0_adder.adder_chain[21].adder/COUT (sky130_fd_sc_hd__fa_4)
   0.93  105.16 v macaccnegator.C0_adder.adder_chain[22].adder/COUT (sky130_fd_sc_hd__fa_4)
   0.93  106.08 v macaccnegator.C0_adder.adder_chain[23].adder/COUT (sky130_fd_sc_hd__fa_4)
   0.93  107.01 v macaccnegator.C0_adder.adder_chain[24].adder/COUT (sky130_fd_sc_hd__fa_4)
   0.93  107.94 v macaccnegator.C0_adder.adder_chain[25].adder/COUT (sky130_fd_sc_hd__fa_4)
   0.93  108.87 v macaccnegator.C0_adder.adder_chain[26].adder/COUT (sky130_fd_sc_hd__fa_4)
   0.93  109.79 v macaccnegator.C0_adder.adder_chain[27].adder/COUT (sky130_fd_sc_hd__fa_4)
   0.93  110.72 v macaccnegator.C0_adder.adder_chain[28].adder/COUT (sky130_fd_sc_hd__fa_4)
   0.93  111.65 v macaccnegator.C0_adder.adder_chain[29].adder/COUT (sky130_fd_sc_hd__fa_4)
   0.93  112.58 v macaccnegator.C0_adder.adder_chain[30].adder/COUT (sky130_fd_sc_hd__fa_4)
   0.91  113.48 v macaccnegator.C0_adder.adder_chain[31].adder/COUT (sky130_fd_sc_hd__fa_4)
   0.50  113.98 v _07867_/X (sky130_fd_sc_hd__or2_4)
   0.90  114.88 v macaccnegator.C1_adder.adder_chain[0].adder/COUT (sky130_fd_sc_hd__fa_4)
   0.93  115.81 v macaccnegator.C1_adder.adder_chain[1].adder/COUT (sky130_fd_sc_hd__fa_4)
   0.93  116.74 v macaccnegator.C1_adder.adder_chain[2].adder/COUT (sky130_fd_sc_hd__fa_4)
   0.93  117.67 v macaccnegator.C1_adder.adder_chain[3].adder/COUT (sky130_fd_sc_hd__fa_4)
   0.93  118.59 v macaccnegator.C1_adder.adder_chain[4].adder/COUT (sky130_fd_sc_hd__fa_4)
   0.93  119.52 v macaccnegator.C1_adder.adder_chain[5].adder/COUT (sky130_fd_sc_hd__fa_4)
   0.93  120.45 v macaccnegator.C1_adder.adder_chain[6].adder/COUT (sky130_fd_sc_hd__fa_4)
   0.93  121.38 v macaccnegator.C1_adder.adder_chain[7].adder/COUT (sky130_fd_sc_hd__fa_4)
   0.93  122.30 v macaccnegator.C1_adder.adder_chain[8].adder/COUT (sky130_fd_sc_hd__fa_4)
   0.93  123.23 v macaccnegator.C1_adder.adder_chain[9].adder/COUT (sky130_fd_sc_hd__fa_4)
   0.93  124.16 v macaccnegator.C1_adder.adder_chain[10].adder/COUT (sky130_fd_sc_hd__fa_4)
   0.93  125.09 v macaccnegator.C1_adder.adder_chain[11].adder/COUT (sky130_fd_sc_hd__fa_4)
   0.93  126.02 v macaccnegator.C1_adder.adder_chain[12].adder/COUT (sky130_fd_sc_hd__fa_4)
   0.93  126.95 v macaccnegator.C1_adder.adder_chain[13].adder/COUT (sky130_fd_sc_hd__fa_4)
   0.93  127.88 v macaccnegator.C1_adder.adder_chain[14].adder/COUT (sky130_fd_sc_hd__fa_4)
   0.93  128.80 v macaccnegator.C1_adder.adder_chain[15].adder/COUT (sky130_fd_sc_hd__fa_4)
   0.93  129.73 v macaccnegator.C1_adder.adder_chain[16].adder/COUT (sky130_fd_sc_hd__fa_4)
   0.93  130.66 v macaccnegator.C1_adder.adder_chain[17].adder/COUT (sky130_fd_sc_hd__fa_4)
   0.93  131.58 v macaccnegator.C1_adder.adder_chain[18].adder/COUT (sky130_fd_sc_hd__fa_4)
   0.93  132.51 v macaccnegator.C1_adder.adder_chain[19].adder/COUT (sky130_fd_sc_hd__fa_4)
   0.93  133.44 v macaccnegator.C1_adder.adder_chain[20].adder/COUT (sky130_fd_sc_hd__fa_4)
   0.93  134.37 v macaccnegator.C1_adder.adder_chain[21].adder/COUT (sky130_fd_sc_hd__fa_4)
   0.93  135.30 v macaccnegator.C1_adder.adder_chain[22].adder/COUT (sky130_fd_sc_hd__fa_4)
   0.93  136.22 v macaccnegator.C1_adder.adder_chain[23].adder/COUT (sky130_fd_sc_hd__fa_4)
   0.93  137.15 v macaccnegator.C1_adder.adder_chain[24].adder/COUT (sky130_fd_sc_hd__fa_4)
   0.93  138.08 v macaccnegator.C1_adder.adder_chain[25].adder/COUT (sky130_fd_sc_hd__fa_4)
   0.93  139.01 v macaccnegator.C1_adder.adder_chain[26].adder/COUT (sky130_fd_sc_hd__fa_4)
   0.93  139.94 v macaccnegator.C1_adder.adder_chain[27].adder/COUT (sky130_fd_sc_hd__fa_4)
   0.93  140.86 v macaccnegator.C1_adder.adder_chain[28].adder/COUT (sky130_fd_sc_hd__fa_4)
   0.93  141.79 v macaccnegator.C1_adder.adder_chain[29].adder/COUT (sky130_fd_sc_hd__fa_4)
   0.93  142.72 v macaccnegator.C1_adder.adder_chain[30].adder/COUT (sky130_fd_sc_hd__fa_4)
   0.90  143.62 v macaccnegator.C1_adder.adder_chain[31].adder/COUT (sky130_fd_sc_hd__fa_4)
   0.50  144.13 v _07866_/X (sky130_fd_sc_hd__or2_4)
   0.90  145.03 v macaccnegator.C2_adder.adder_chain[0].adder/COUT (sky130_fd_sc_hd__fa_4)
   0.93  145.96 v macaccnegator.C2_adder.adder_chain[1].adder/COUT (sky130_fd_sc_hd__fa_4)
   0.93  146.88 v macaccnegator.C2_adder.adder_chain[2].adder/COUT (sky130_fd_sc_hd__fa_4)
   0.93  147.81 v macaccnegator.C2_adder.adder_chain[3].adder/COUT (sky130_fd_sc_hd__fa_4)
   0.93  148.74 v macaccnegator.C2_adder.adder_chain[4].adder/COUT (sky130_fd_sc_hd__fa_4)
   0.93  149.67 v macaccnegator.C2_adder.adder_chain[5].adder/COUT (sky130_fd_sc_hd__fa_4)
   0.93  150.59 v macaccnegator.C2_adder.adder_chain[6].adder/COUT (sky130_fd_sc_hd__fa_4)
   0.93  151.52 v macaccnegator.C2_adder.adder_chain[7].adder/COUT (sky130_fd_sc_hd__fa_4)
   0.93  152.45 v macaccnegator.C2_adder.adder_chain[8].adder/COUT (sky130_fd_sc_hd__fa_4)
   0.93  153.38 v macaccnegator.C2_adder.adder_chain[9].adder/COUT (sky130_fd_sc_hd__fa_4)
   0.93  154.31 v macaccnegator.C2_adder.adder_chain[10].adder/COUT (sky130_fd_sc_hd__fa_4)
   0.93  155.24 v macaccnegator.C2_adder.adder_chain[11].adder/COUT (sky130_fd_sc_hd__fa_4)
   0.93  156.16 v macaccnegator.C2_adder.adder_chain[12].adder/COUT (sky130_fd_sc_hd__fa_4)
   0.93  157.09 v macaccnegator.C2_adder.adder_chain[13].adder/COUT (sky130_fd_sc_hd__fa_4)
   0.93  158.02 v macaccnegator.C2_adder.adder_chain[14].adder/COUT (sky130_fd_sc_hd__fa_4)
   0.93  158.95 v macaccnegator.C2_adder.adder_chain[15].adder/COUT (sky130_fd_sc_hd__fa_4)
   0.93  159.88 v macaccnegator.C2_adder.adder_chain[16].adder/COUT (sky130_fd_sc_hd__fa_4)
   0.93  160.81 v macaccnegator.C2_adder.adder_chain[17].adder/COUT (sky130_fd_sc_hd__fa_4)
   0.93  161.73 v macaccnegator.C2_adder.adder_chain[18].adder/COUT (sky130_fd_sc_hd__fa_4)
   0.93  162.66 v macaccnegator.C2_adder.adder_chain[19].adder/COUT (sky130_fd_sc_hd__fa_4)
   0.93  163.59 v macaccnegator.C2_adder.adder_chain[20].adder/COUT (sky130_fd_sc_hd__fa_4)
   0.93  164.52 v macaccnegator.C2_adder.adder_chain[21].adder/COUT (sky130_fd_sc_hd__fa_4)
   0.93  165.45 v macaccnegator.C2_adder.adder_chain[22].adder/COUT (sky130_fd_sc_hd__fa_4)
   0.93  166.38 v macaccnegator.C2_adder.adder_chain[23].adder/COUT (sky130_fd_sc_hd__fa_4)
   0.93  167.31 v macaccnegator.C2_adder.adder_chain[24].adder/COUT (sky130_fd_sc_hd__fa_4)
   0.93  168.24 v macaccnegator.C2_adder.adder_chain[25].adder/COUT (sky130_fd_sc_hd__fa_4)
   0.93  169.16 v macaccnegator.C2_adder.adder_chain[26].adder/COUT (sky130_fd_sc_hd__fa_4)
   0.93  170.09 v macaccnegator.C2_adder.adder_chain[27].adder/COUT (sky130_fd_sc_hd__fa_4)
   0.93  171.02 v macaccnegator.C2_adder.adder_chain[28].adder/COUT (sky130_fd_sc_hd__fa_4)
   0.93  171.95 v macaccnegator.C2_adder.adder_chain[29].adder/COUT (sky130_fd_sc_hd__fa_4)
   0.93  172.88 v macaccnegator.C2_adder.adder_chain[30].adder/COUT (sky130_fd_sc_hd__fa_4)
   0.90  173.78 v macaccnegator.C2_adder.adder_chain[31].adder/COUT (sky130_fd_sc_hd__fa_4)
   0.50  174.28 v _07864_/X (sky130_fd_sc_hd__or2_4)
   0.90  175.18 v macaccnegator.C3_adder.adder_chain[0].adder/COUT (sky130_fd_sc_hd__fa_4)
   0.93  176.11 v macaccnegator.C3_adder.adder_chain[1].adder/COUT (sky130_fd_sc_hd__fa_4)
   0.93  177.04 v macaccnegator.C3_adder.adder_chain[2].adder/COUT (sky130_fd_sc_hd__fa_4)
   0.93  177.96 v macaccnegator.C3_adder.adder_chain[3].adder/COUT (sky130_fd_sc_hd__fa_4)
   0.93  178.89 v macaccnegator.C3_adder.adder_chain[4].adder/COUT (sky130_fd_sc_hd__fa_4)
   0.93  179.82 v macaccnegator.C3_adder.adder_chain[5].adder/COUT (sky130_fd_sc_hd__fa_4)
   0.93  180.75 v macaccnegator.C3_adder.adder_chain[6].adder/COUT (sky130_fd_sc_hd__fa_4)
   0.93  181.68 v macaccnegator.C3_adder.adder_chain[7].adder/COUT (sky130_fd_sc_hd__fa_4)
   0.93  182.60 v macaccnegator.C3_adder.adder_chain[8].adder/COUT (sky130_fd_sc_hd__fa_4)
   0.93  183.53 v macaccnegator.C3_adder.adder_chain[9].adder/COUT (sky130_fd_sc_hd__fa_4)
   0.93  184.46 v macaccnegator.C3_adder.adder_chain[10].adder/COUT (sky130_fd_sc_hd__fa_4)
   0.93  185.39 v macaccnegator.C3_adder.adder_chain[11].adder/COUT (sky130_fd_sc_hd__fa_4)
   0.93  186.31 v macaccnegator.C3_adder.adder_chain[12].adder/COUT (sky130_fd_sc_hd__fa_4)
   0.93  187.24 v macaccnegator.C3_adder.adder_chain[13].adder/COUT (sky130_fd_sc_hd__fa_4)
   0.93  188.17 v macaccnegator.C3_adder.adder_chain[14].adder/COUT (sky130_fd_sc_hd__fa_4)
   0.93  189.10 v macaccnegator.C3_adder.adder_chain[15].adder/COUT (sky130_fd_sc_hd__fa_4)
   0.93  190.03 v macaccnegator.C3_adder.adder_chain[16].adder/COUT (sky130_fd_sc_hd__fa_4)
   0.93  190.96 v macaccnegator.C3_adder.adder_chain[17].adder/COUT (sky130_fd_sc_hd__fa_4)
   0.92  191.88 v macaccnegator.C3_adder.adder_chain[18].adder/COUT (sky130_fd_sc_hd__fa_4)
   0.93  192.81 v macaccnegator.C3_adder.adder_chain[19].adder/COUT (sky130_fd_sc_hd__fa_4)
   0.92  193.73 v macaccnegator.C3_adder.adder_chain[20].adder/COUT (sky130_fd_sc_hd__fa_4)
   0.93  194.66 v macaccnegator.C3_adder.adder_chain[21].adder/COUT (sky130_fd_sc_hd__fa_4)
   0.93  195.59 v macaccnegator.C3_adder.adder_chain[22].adder/COUT (sky130_fd_sc_hd__fa_4)
   0.93  196.51 v macaccnegator.C3_adder.adder_chain[23].adder/COUT (sky130_fd_sc_hd__fa_4)
   0.93  197.45 v macaccnegator.C3_adder.adder_chain[24].adder/COUT (sky130_fd_sc_hd__fa_4)
   0.93  198.37 v macaccnegator.C3_adder.adder_chain[25].adder/COUT (sky130_fd_sc_hd__fa_4)
   0.92  199.30 v macaccnegator.C3_adder.adder_chain[26].adder/COUT (sky130_fd_sc_hd__fa_4)
   0.93  200.22 v macaccnegator.C3_adder.adder_chain[27].adder/COUT (sky130_fd_sc_hd__fa_4)
   0.92  201.15 v macaccnegator.C3_adder.adder_chain[28].adder/COUT (sky130_fd_sc_hd__fa_4)
   0.92  202.07 v macaccnegator.C3_adder.adder_chain[29].adder/COUT (sky130_fd_sc_hd__fa_4)
   0.92  203.00 v macaccnegator.C3_adder.adder_chain[30].adder/COUT (sky130_fd_sc_hd__fa_4)
   1.51  204.51 ^ macaccnegator.C3_adder.adder_chain[31].adder/SUM (sky130_fd_sc_hd__fa_4)
   0.27  204.77 ^ _07838_/X (sky130_fd_sc_hd__and2_4)
   0.25  205.02 ^ _07839_/X (sky130_fd_sc_hd__buf_1)
   0.47  205.49 v _10093_/X (sky130_fd_sc_hd__a2bb2o_4)
   0.29  205.79 v _10095_/X (sky130_fd_sc_hd__and2_4)
   0.15  205.94 ^ _10096_/Y (sky130_fd_sc_hd__nor3_4)
   0.00  205.94 ^ _10812_/D (sky130_fd_sc_hd__dfxtp_4)
         205.94   data arrival time

 250.00  250.00   clock clk (rise edge)
   0.00  250.00   clock network delay (ideal)
   0.00  250.00   clock reconvergence pessimism
         250.00 ^ _10812_/CLK (sky130_fd_sc_hd__dfxtp_4)
  -0.15  249.85   library setup time
         249.85   data required time
---------------------------------------------------------
         249.85   data required time
        -205.94   data arrival time
---------------------------------------------------------
          43.90   slack (MET)


