
22. Executing CHECK pass (checking for obvious problems).
checking module mac_cluster..
Warning: Wire mac_cluster.\out3 [31] is used but has no driver.
Warning: Wire mac_cluster.\out3 [30] is used but has no driver.
Warning: Wire mac_cluster.\out3 [29] is used but has no driver.
Warning: Wire mac_cluster.\out3 [28] is used but has no driver.
Warning: Wire mac_cluster.\out3 [27] is used but has no driver.
Warning: Wire mac_cluster.\out3 [26] is used but has no driver.
Warning: Wire mac_cluster.\out3 [25] is used but has no driver.
Warning: Wire mac_cluster.\out3 [24] is used but has no driver.
Warning: Wire mac_cluster.\out3 [23] is used but has no driver.
Warning: Wire mac_cluster.\out3 [22] is used but has no driver.
Warning: Wire mac_cluster.\out3 [21] is used but has no driver.
Warning: Wire mac_cluster.\out3 [20] is used but has no driver.
Warning: Wire mac_cluster.\out3 [19] is used but has no driver.
Warning: Wire mac_cluster.\out3 [18] is used but has no driver.
Warning: Wire mac_cluster.\out3 [17] is used but has no driver.
Warning: Wire mac_cluster.\out3 [16] is used but has no driver.
Warning: Wire mac_cluster.\out3 [15] is used but has no driver.
Warning: Wire mac_cluster.\out3 [14] is used but has no driver.
Warning: Wire mac_cluster.\out3 [13] is used but has no driver.
Warning: Wire mac_cluster.\out3 [12] is used but has no driver.
Warning: Wire mac_cluster.\out3 [11] is used but has no driver.
Warning: Wire mac_cluster.\out3 [10] is used but has no driver.
Warning: Wire mac_cluster.\out3 [9] is used but has no driver.
Warning: Wire mac_cluster.\out3 [8] is used but has no driver.
Warning: Wire mac_cluster.\out3 [7] is used but has no driver.
Warning: Wire mac_cluster.\out3 [6] is used but has no driver.
Warning: Wire mac_cluster.\out3 [5] is used but has no driver.
Warning: Wire mac_cluster.\out3 [4] is used but has no driver.
Warning: Wire mac_cluster.\out3 [3] is used but has no driver.
Warning: Wire mac_cluster.\out3 [2] is used but has no driver.
Warning: Wire mac_cluster.\out3 [1] is used but has no driver.
Warning: Wire mac_cluster.\out3 [0] is used but has no driver.
Warning: Wire mac_cluster.\out2 [31] is used but has no driver.
Warning: Wire mac_cluster.\out2 [30] is used but has no driver.
Warning: Wire mac_cluster.\out2 [29] is used but has no driver.
Warning: Wire mac_cluster.\out2 [28] is used but has no driver.
Warning: Wire mac_cluster.\out2 [27] is used but has no driver.
Warning: Wire mac_cluster.\out2 [26] is used but has no driver.
Warning: Wire mac_cluster.\out2 [25] is used but has no driver.
Warning: Wire mac_cluster.\out2 [24] is used but has no driver.
Warning: Wire mac_cluster.\out2 [23] is used but has no driver.
Warning: Wire mac_cluster.\out2 [22] is used but has no driver.
Warning: Wire mac_cluster.\out2 [21] is used but has no driver.
Warning: Wire mac_cluster.\out2 [20] is used but has no driver.
Warning: Wire mac_cluster.\out2 [19] is used but has no driver.
Warning: Wire mac_cluster.\out2 [18] is used but has no driver.
Warning: Wire mac_cluster.\out2 [17] is used but has no driver.
Warning: Wire mac_cluster.\out2 [16] is used but has no driver.
Warning: Wire mac_cluster.\out2 [15] is used but has no driver.
Warning: Wire mac_cluster.\out2 [14] is used but has no driver.
Warning: Wire mac_cluster.\out2 [13] is used but has no driver.
Warning: Wire mac_cluster.\out2 [12] is used but has no driver.
Warning: Wire mac_cluster.\out2 [11] is used but has no driver.
Warning: Wire mac_cluster.\out2 [10] is used but has no driver.
Warning: Wire mac_cluster.\out2 [9] is used but has no driver.
Warning: Wire mac_cluster.\out2 [8] is used but has no driver.
Warning: Wire mac_cluster.\out2 [7] is used but has no driver.
Warning: Wire mac_cluster.\out2 [6] is used but has no driver.
Warning: Wire mac_cluster.\out2 [5] is used but has no driver.
Warning: Wire mac_cluster.\out2 [4] is used but has no driver.
Warning: Wire mac_cluster.\out2 [3] is used but has no driver.
Warning: Wire mac_cluster.\out2 [2] is used but has no driver.
Warning: Wire mac_cluster.\out2 [1] is used but has no driver.
Warning: Wire mac_cluster.\out2 [0] is used but has no driver.
Warning: Wire mac_cluster.\out1 [31] is used but has no driver.
Warning: Wire mac_cluster.\out1 [30] is used but has no driver.
Warning: Wire mac_cluster.\out1 [29] is used but has no driver.
Warning: Wire mac_cluster.\out1 [28] is used but has no driver.
Warning: Wire mac_cluster.\out1 [27] is used but has no driver.
Warning: Wire mac_cluster.\out1 [26] is used but has no driver.
Warning: Wire mac_cluster.\out1 [25] is used but has no driver.
Warning: Wire mac_cluster.\out1 [24] is used but has no driver.
Warning: Wire mac_cluster.\out1 [23] is used but has no driver.
Warning: Wire mac_cluster.\out1 [22] is used but has no driver.
Warning: Wire mac_cluster.\out1 [21] is used but has no driver.
Warning: Wire mac_cluster.\out1 [20] is used but has no driver.
Warning: Wire mac_cluster.\out1 [19] is used but has no driver.
Warning: Wire mac_cluster.\out1 [18] is used but has no driver.
Warning: Wire mac_cluster.\out1 [17] is used but has no driver.
Warning: Wire mac_cluster.\out1 [16] is used but has no driver.
Warning: Wire mac_cluster.\out1 [15] is used but has no driver.
Warning: Wire mac_cluster.\out1 [14] is used but has no driver.
Warning: Wire mac_cluster.\out1 [13] is used but has no driver.
Warning: Wire mac_cluster.\out1 [12] is used but has no driver.
Warning: Wire mac_cluster.\out1 [11] is used but has no driver.
Warning: Wire mac_cluster.\out1 [10] is used but has no driver.
Warning: Wire mac_cluster.\out1 [9] is used but has no driver.
Warning: Wire mac_cluster.\out1 [8] is used but has no driver.
Warning: Wire mac_cluster.\out1 [7] is used but has no driver.
Warning: Wire mac_cluster.\out1 [6] is used but has no driver.
Warning: Wire mac_cluster.\out1 [5] is used but has no driver.
Warning: Wire mac_cluster.\out1 [4] is used but has no driver.
Warning: Wire mac_cluster.\out1 [3] is used but has no driver.
Warning: Wire mac_cluster.\out1 [2] is used but has no driver.
Warning: Wire mac_cluster.\out1 [1] is used but has no driver.
Warning: Wire mac_cluster.\out1 [0] is used but has no driver.
Warning: Wire mac_cluster.\out0 [31] is used but has no driver.
Warning: Wire mac_cluster.\out0 [30] is used but has no driver.
Warning: Wire mac_cluster.\out0 [29] is used but has no driver.
Warning: Wire mac_cluster.\out0 [28] is used but has no driver.
Warning: Wire mac_cluster.\out0 [27] is used but has no driver.
Warning: Wire mac_cluster.\out0 [26] is used but has no driver.
Warning: Wire mac_cluster.\out0 [25] is used but has no driver.
Warning: Wire mac_cluster.\out0 [24] is used but has no driver.
Warning: Wire mac_cluster.\out0 [23] is used but has no driver.
Warning: Wire mac_cluster.\out0 [22] is used but has no driver.
Warning: Wire mac_cluster.\out0 [21] is used but has no driver.
Warning: Wire mac_cluster.\out0 [20] is used but has no driver.
Warning: Wire mac_cluster.\out0 [19] is used but has no driver.
Warning: Wire mac_cluster.\out0 [18] is used but has no driver.
Warning: Wire mac_cluster.\out0 [17] is used but has no driver.
Warning: Wire mac_cluster.\out0 [16] is used but has no driver.
Warning: Wire mac_cluster.\out0 [15] is used but has no driver.
Warning: Wire mac_cluster.\out0 [14] is used but has no driver.
Warning: Wire mac_cluster.\out0 [13] is used but has no driver.
Warning: Wire mac_cluster.\out0 [12] is used but has no driver.
Warning: Wire mac_cluster.\out0 [11] is used but has no driver.
Warning: Wire mac_cluster.\out0 [10] is used but has no driver.
Warning: Wire mac_cluster.\out0 [9] is used but has no driver.
Warning: Wire mac_cluster.\out0 [8] is used but has no driver.
Warning: Wire mac_cluster.\out0 [7] is used but has no driver.
Warning: Wire mac_cluster.\out0 [6] is used but has no driver.
Warning: Wire mac_cluster.\out0 [5] is used but has no driver.
Warning: Wire mac_cluster.\out0 [4] is used but has no driver.
Warning: Wire mac_cluster.\out0 [3] is used but has no driver.
Warning: Wire mac_cluster.\out0 [2] is used but has no driver.
Warning: Wire mac_cluster.\out0 [1] is used but has no driver.
Warning: Wire mac_cluster.\out0 [0] is used but has no driver.
found and reported 128 problems.
