Startpoint: _10144_ (rising edge-triggered flip-flop clocked by clk)
Endpoint: _10016_ (rising edge-triggered flip-flop clocked by clk)
Path Group: clk
Path Type: min

  Delay    Time   Description
---------------------------------------------------------
   0.00    0.00   clock clk (rise edge)
   0.00    0.00   clock network delay (ideal)
   0.00    0.00 ^ _10144_/CLK (sky130_fd_sc_hd__dfxtp_4)
   0.20    0.20 ^ _10144_/Q (sky130_fd_sc_hd__dfxtp_4)
   0.00    0.20 ^ _10016_/D (sky130_fd_sc_hd__dfxtp_4)
           0.20   data arrival time

   0.00    0.00   clock clk (rise edge)
   0.00    0.00   clock network delay (ideal)
   0.00    0.00   clock reconvergence pessimism
           0.00 ^ _10016_/CLK (sky130_fd_sc_hd__dfxtp_4)
  -0.02   -0.02   library hold time
          -0.02   data required time
---------------------------------------------------------
          -0.02   data required time
          -0.20   data arrival time
---------------------------------------------------------
           0.22   slack (MET)


Startpoint: _10290_ (rising edge-triggered flip-flop clocked by clk)
Endpoint: _10235_ (rising edge-triggered flip-flop clocked by clk)
Path Group: clk
Path Type: max

  Delay    Time   Description
---------------------------------------------------------
   0.00    0.00   clock clk (rise edge)
   0.00    0.00   clock network delay (ideal)
   0.00    0.00 ^ _10290_/CLK (sky130_fd_sc_hd__dfxtp_4)
   0.65    0.65 v _10290_/Q (sky130_fd_sc_hd__dfxtp_4)
   0.08    0.73 ^ _06478_/Y (sky130_fd_sc_hd__inv_8)
   0.39    1.12 ^ _06479_/X (sky130_fd_sc_hd__buf_1)
   0.65    1.77 ^ _07977_/X (sky130_fd_sc_hd__buf_1)
   0.22    1.99 v _07983_/Y (sky130_fd_sc_hd__nor2_2)
   0.69    2.68 v macmul2.A0B2_mul_block.array_multiplier.ha_3/SUM (sky130_fd_sc_hd__ha_1)
   1.13    3.81 v macmul2.A0B2_mul_block.array_multiplier.fa_15/SUM (sky130_fd_sc_hd__fa_1)
   1.11    4.93 v macmul2.A0B2_mul_block.array_multiplier.fa_25/SUM (sky130_fd_sc_hd__fa_1)
   1.02    5.95 v macmul2.A0B2_mul_block.array_multiplier.fa_37/COUT (sky130_fd_sc_hd__fa_4)
   0.93    6.87 v macmul2.A0B2_mul_block.array_multiplier.fa_38/COUT (sky130_fd_sc_hd__fa_4)
   0.93    7.80 v macmul2.A0B2_mul_block.array_multiplier.fa_39/COUT (sky130_fd_sc_hd__fa_4)
   0.93    8.73 v macmul2.A0B2_mul_block.array_multiplier.fa_40/COUT (sky130_fd_sc_hd__fa_4)
   1.30   10.03 v macmul2.A0B2_mul_block.array_multiplier.fa_41/SUM (sky130_fd_sc_hd__fa_4)
   1.09   11.12 v macmul2.block_1_adder.adder_chain[0].adder/COUT (sky130_fd_sc_hd__fa_4)
   0.93   12.05 v macmul2.block_1_adder.adder_chain[1].adder/COUT (sky130_fd_sc_hd__fa_4)
   0.93   12.98 v macmul2.block_1_adder.adder_chain[2].adder/COUT (sky130_fd_sc_hd__fa_4)
   0.93   13.91 v macmul2.block_1_adder.adder_chain[3].adder/COUT (sky130_fd_sc_hd__fa_4)
   0.93   14.83 v macmul2.block_1_adder.adder_chain[4].adder/COUT (sky130_fd_sc_hd__fa_4)
   0.93   15.76 v macmul2.block_1_adder.adder_chain[5].adder/COUT (sky130_fd_sc_hd__fa_4)
   0.93   16.69 v macmul2.block_1_adder.adder_chain[6].adder/COUT (sky130_fd_sc_hd__fa_4)
   0.93   17.61 v macmul2.block_1_adder.adder_chain[7].adder/COUT (sky130_fd_sc_hd__fa_4)
   0.93   18.54 v macmul2.block_2_adder.adder_chain[0].adder/COUT (sky130_fd_sc_hd__fa_4)
   0.93   19.47 v macmul2.block_2_adder.adder_chain[1].adder/COUT (sky130_fd_sc_hd__fa_4)
   0.93   20.40 v macmul2.block_2_adder.adder_chain[2].adder/COUT (sky130_fd_sc_hd__fa_4)
   0.93   21.32 v macmul2.block_2_adder.adder_chain[3].adder/COUT (sky130_fd_sc_hd__fa_4)
   0.93   22.25 v macmul2.block_2_adder.adder_chain[4].adder/COUT (sky130_fd_sc_hd__fa_4)
   0.93   23.18 v macmul2.block_2_adder.adder_chain[5].adder/COUT (sky130_fd_sc_hd__fa_4)
   0.93   24.10 v macmul2.block_2_adder.adder_chain[6].adder/COUT (sky130_fd_sc_hd__fa_4)
   0.89   24.99 v macmul2.block_2_adder.adder_chain[7].adder/COUT (sky130_fd_sc_hd__fa_4)
   0.40   25.39 v _08061_/X (sky130_fd_sc_hd__and2_2)
   1.26   26.65 v macmul2.block_3_adder.adder_chain[0].adder/SUM (sky130_fd_sc_hd__fa_4)
   0.24   26.89 ^ _06500_/Y (sky130_fd_sc_hd__nor2_2)
   0.08   26.98 v _06501_/Y (sky130_fd_sc_hd__nor3_2)
   0.67   27.65 v _06502_/X (sky130_fd_sc_hd__or2_2)
   1.06   28.71 v maccombiner.partial2_upper_partial3_full_adder.adder_chain[0].adder/COUT (sky130_fd_sc_hd__fa_4)
   0.93   29.64 v maccombiner.partial2_upper_partial3_full_adder.adder_chain[1].adder/COUT (sky130_fd_sc_hd__fa_4)
   0.93   30.56 v maccombiner.partial2_upper_partial3_full_adder.adder_chain[2].adder/COUT (sky130_fd_sc_hd__fa_4)
   0.93   31.49 v maccombiner.partial2_upper_partial3_full_adder.adder_chain[3].adder/COUT (sky130_fd_sc_hd__fa_4)
   0.93   32.42 v maccombiner.partial2_upper_partial3_full_adder.adder_chain[4].adder/COUT (sky130_fd_sc_hd__fa_4)
   0.93   33.35 v maccombiner.partial2_upper_partial3_full_adder.adder_chain[5].adder/COUT (sky130_fd_sc_hd__fa_4)
   0.93   34.27 v maccombiner.partial2_upper_partial3_full_adder.adder_chain[6].adder/COUT (sky130_fd_sc_hd__fa_4)
   0.93   35.20 v maccombiner.partial2_upper_partial3_full_adder.adder_chain[7].adder/COUT (sky130_fd_sc_hd__fa_4)
   0.93   36.13 v maccombiner.partial2_upper_partial3_full_adder.adder_chain[8].adder/COUT (sky130_fd_sc_hd__fa_4)
   0.93   37.06 v maccombiner.partial2_upper_partial3_full_adder.adder_chain[9].adder/COUT (sky130_fd_sc_hd__fa_4)
   0.93   37.98 v maccombiner.partial2_upper_partial3_full_adder.adder_chain[10].adder/COUT (sky130_fd_sc_hd__fa_4)
   0.93   38.91 v maccombiner.partial2_upper_partial3_full_adder.adder_chain[11].adder/COUT (sky130_fd_sc_hd__fa_4)
   0.93   39.84 v maccombiner.partial2_upper_partial3_full_adder.adder_chain[12].adder/COUT (sky130_fd_sc_hd__fa_4)
   0.93   40.76 v maccombiner.partial2_upper_partial3_full_adder.adder_chain[13].adder/COUT (sky130_fd_sc_hd__fa_4)
   0.93   41.69 v maccombiner.partial2_upper_partial3_full_adder.adder_chain[14].adder/COUT (sky130_fd_sc_hd__fa_4)
   0.93   42.62 v maccombiner.partial2_upper_partial3_full_adder.adder_chain[15].adder/COUT (sky130_fd_sc_hd__fa_4)
   0.93   43.55 v maccombiner.partial2_upper_partial3_full_adder.adder_chain[16].adder/COUT (sky130_fd_sc_hd__fa_4)
   0.93   44.47 v maccombiner.partial2_upper_partial3_full_adder.adder_chain[17].adder/COUT (sky130_fd_sc_hd__fa_4)
   0.93   45.40 v maccombiner.partial2_upper_partial3_full_adder.adder_chain[18].adder/COUT (sky130_fd_sc_hd__fa_4)
   0.93   46.33 v maccombiner.partial2_upper_partial3_full_adder.adder_chain[19].adder/COUT (sky130_fd_sc_hd__fa_4)
   0.93   47.25 v maccombiner.partial2_upper_partial3_full_adder.adder_chain[20].adder/COUT (sky130_fd_sc_hd__fa_4)
   0.93   48.18 v maccombiner.partial2_upper_partial3_full_adder.adder_chain[21].adder/COUT (sky130_fd_sc_hd__fa_4)
   0.93   49.11 v maccombiner.partial2_upper_partial3_full_adder.adder_chain[22].adder/COUT (sky130_fd_sc_hd__fa_4)
   0.93   50.04 v maccombiner.partial2_upper_partial3_full_adder.adder_chain[23].adder/COUT (sky130_fd_sc_hd__fa_4)
   0.93   50.96 v maccombiner.partial2_upper_partial3_full_adder.adder_chain[24].adder/COUT (sky130_fd_sc_hd__fa_4)
   0.93   51.89 v maccombiner.partial2_upper_partial3_full_adder.adder_chain[25].adder/COUT (sky130_fd_sc_hd__fa_4)
   0.93   52.82 v maccombiner.partial2_upper_partial3_full_adder.adder_chain[26].adder/COUT (sky130_fd_sc_hd__fa_4)
   0.93   53.75 v maccombiner.partial2_upper_partial3_full_adder.adder_chain[27].adder/COUT (sky130_fd_sc_hd__fa_4)
   0.93   54.67 v maccombiner.partial2_upper_partial3_full_adder.adder_chain[28].adder/COUT (sky130_fd_sc_hd__fa_4)
   0.93   55.60 v maccombiner.partial2_upper_partial3_full_adder.adder_chain[29].adder/COUT (sky130_fd_sc_hd__fa_4)
   0.93   56.53 v maccombiner.partial2_upper_partial3_full_adder.adder_chain[30].adder/COUT (sky130_fd_sc_hd__fa_4)
   0.93   57.45 v maccombiner.partial2_upper_partial3_full_adder.adder_chain[31].adder/COUT (sky130_fd_sc_hd__fa_4)
   0.93   58.38 v maccombiner.partial2_upper_partial3_full_adder.adder_chain[32].adder/COUT (sky130_fd_sc_hd__fa_4)
   0.93   59.31 v maccombiner.partial2_upper_partial3_full_adder.adder_chain[33].adder/COUT (sky130_fd_sc_hd__fa_4)
   0.93   60.24 v maccombiner.partial2_upper_partial3_full_adder.adder_chain[34].adder/COUT (sky130_fd_sc_hd__fa_4)
   0.93   61.16 v maccombiner.partial2_upper_partial3_full_adder.adder_chain[35].adder/COUT (sky130_fd_sc_hd__fa_4)
   0.93   62.09 v maccombiner.partial2_upper_partial3_full_adder.adder_chain[36].adder/COUT (sky130_fd_sc_hd__fa_4)
   0.93   63.02 v maccombiner.partial2_upper_partial3_full_adder.adder_chain[37].adder/COUT (sky130_fd_sc_hd__fa_4)
   0.93   63.95 v maccombiner.partial2_upper_partial3_full_adder.adder_chain[38].adder/COUT (sky130_fd_sc_hd__fa_4)
   1.56   65.50 ^ maccombiner.partial2_upper_partial3_full_adder.adder_chain[39].adder/SUM (sky130_fd_sc_hd__fa_4)
   1.29   66.79 v maccombiner.quad_full_adder.adder_chain[47].adder/SUM (sky130_fd_sc_hd__fa_4)
   0.41   67.20 v _05650_/X (sky130_fd_sc_hd__and3_2)
   0.32   67.52 v _05651_/X (sky130_fd_sc_hd__buf_1)
   1.58   69.09 v _06768_/X (sky130_fd_sc_hd__or4_2)
   1.50   70.60 v _06771_/X (sky130_fd_sc_hd__or4_2)
   0.16   70.76 ^ _06772_/Y (sky130_fd_sc_hd__nor2_2)
   0.18   70.94 ^ _06773_/X (sky130_fd_sc_hd__or2_2)
   0.45   71.39 ^ _06774_/X (sky130_fd_sc_hd__buf_1)
   0.11   71.50 v _06775_/Y (sky130_fd_sc_hd__inv_8)
   0.94   72.45 v _06776_/X (sky130_fd_sc_hd__or3_2)
   0.36   72.81 v _06777_/X (sky130_fd_sc_hd__buf_1)
   0.82   73.63 v _08424_/X (sky130_fd_sc_hd__or2_2)
   0.80   74.43 v _08426_/X (sky130_fd_sc_hd__or2_2)
   0.80   75.23 v _08428_/X (sky130_fd_sc_hd__or2_2)
   0.65   75.88 v _08430_/X (sky130_fd_sc_hd__or2_2)
   0.34   76.22 v _08431_/X (sky130_fd_sc_hd__buf_1)
   0.68   76.90 v _08433_/X (sky130_fd_sc_hd__or2_2)
   0.33   77.23 v _08434_/X (sky130_fd_sc_hd__buf_1)
   0.26   77.48 ^ _08450_/Y (sky130_fd_sc_hd__nor2_2)
   0.43   77.91 v macaccnegator.C2_adder.adder.adders[1].adder.adders[2].adder.adders[2].adder/SUM (sky130_fd_sc_hd__ha_4)
   0.18   78.09 ^ _05455_/Y (sky130_fd_sc_hd__nor2_2)
   0.10   78.19 v _05459_/Y (sky130_fd_sc_hd__nor3_2)
   0.00   78.19 v _10235_/D (sky130_fd_sc_hd__dfxtp_4)
          78.19   data arrival time

  80.00   80.00   clock clk (rise edge)
   0.00   80.00   clock network delay (ideal)
   0.00   80.00   clock reconvergence pessimism
          80.00 ^ _10235_/CLK (sky130_fd_sc_hd__dfxtp_4)
  -0.31   79.69   library setup time
          79.69   data required time
---------------------------------------------------------
          79.69   data required time
         -78.19   data arrival time
---------------------------------------------------------
           1.50   slack (MET)


