Startpoint: _10499_ (rising edge-triggered flip-flop clocked by clk)
Endpoint: _10378_ (rising edge-triggered flip-flop clocked by clk)
Path Group: clk
Path Type: min

  Delay    Time   Description
---------------------------------------------------------
   0.00    0.00   clock clk (rise edge)
   0.00    0.00   clock network delay (ideal)
   0.00    0.00 ^ _10499_/CLK (sky130_fd_sc_hd__dfxtp_4)
   0.19    0.19 ^ _10499_/Q (sky130_fd_sc_hd__dfxtp_4)
   0.00    0.19 ^ _10378_/D (sky130_fd_sc_hd__dfxtp_4)
           0.19   data arrival time

   0.00    0.00   clock clk (rise edge)
   0.00    0.00   clock network delay (ideal)
   0.00    0.00   clock reconvergence pessimism
           0.00 ^ _10378_/CLK (sky130_fd_sc_hd__dfxtp_4)
  -0.02   -0.02   library hold time
          -0.02   data required time
---------------------------------------------------------
          -0.02   data required time
          -0.19   data arrival time
---------------------------------------------------------
           0.20   slack (MET)


Startpoint: _10591_ (rising edge-triggered flip-flop clocked by clk)
Endpoint: _10565_ (rising edge-triggered flip-flop clocked by clk)
Path Group: clk
Path Type: max

  Delay    Time   Description
---------------------------------------------------------
   0.00    0.00   clock clk (rise edge)
   0.00    0.00   clock network delay (ideal)
   0.00    0.00 ^ _10591_/CLK (sky130_fd_sc_hd__dfxtp_4)
   0.65    0.65 v _10591_/Q (sky130_fd_sc_hd__dfxtp_4)
   0.07    0.72 ^ _07526_/Y (sky130_fd_sc_hd__inv_8)
   0.59    1.32 ^ _07527_/X (sky130_fd_sc_hd__buf_1)
   0.80    2.11 ^ _07528_/X (sky130_fd_sc_hd__buf_1)
   0.20    2.32 v _07570_/Y (sky130_fd_sc_hd__nor2_2)
   0.69    3.01 v macmul0.A0B0_mul_block.array_multiplier.ha_3/SUM (sky130_fd_sc_hd__ha_1)
   1.15    4.16 v macmul0.A0B0_mul_block.array_multiplier.fa_15/SUM (sky130_fd_sc_hd__fa_1)
   1.12    5.28 v macmul0.A0B0_mul_block.array_multiplier.fa_25/SUM (sky130_fd_sc_hd__fa_1)
   1.04    6.32 v macmul0.A0B0_mul_block.array_multiplier.fa_37/COUT (sky130_fd_sc_hd__fa_4)
   0.94    7.25 v macmul0.A0B0_mul_block.array_multiplier.fa_38/COUT (sky130_fd_sc_hd__fa_4)
   0.93    8.19 v macmul0.A0B0_mul_block.array_multiplier.fa_39/COUT (sky130_fd_sc_hd__fa_4)
   0.94    9.12 v macmul0.A0B0_mul_block.array_multiplier.fa_40/COUT (sky130_fd_sc_hd__fa_4)
   0.93   10.05 v macmul0.A0B0_mul_block.array_multiplier.fa_41/COUT (sky130_fd_sc_hd__fa_4)
   0.94   10.99 v macmul0.A0B0_mul_block.array_multiplier.fa_42/COUT (sky130_fd_sc_hd__fa_4)
   0.94   11.93 v macmul0.A0B0_mul_block.array_multiplier.fa_43/COUT (sky130_fd_sc_hd__fa_4)
   0.94   12.87 v macmul0.A0B0_mul_block.array_multiplier.fa_44/COUT (sky130_fd_sc_hd__fa_4)
   0.93   13.80 v macmul0.A0B0_mul_block.array_multiplier.fa_45/COUT (sky130_fd_sc_hd__fa_4)
   0.95   14.75 v macmul0.A0B0_mul_block.array_multiplier.fa_46/COUT (sky130_fd_sc_hd__fa_4)
   1.59   16.34 ^ macmul0.A0B0_mul_block.array_multiplier.fa_47/SUM (sky130_fd_sc_hd__fa_4)
   1.26   17.60 v macmul0.block_1_adder.adder_chain[6].adder/SUM (sky130_fd_sc_hd__fa_4)
   0.40   18.00 v _06761_/X (sky130_fd_sc_hd__and2_2)
   0.66   18.66 v _06762_/X (sky130_fd_sc_hd__or2_2)
   1.06   19.73 v maccombiner.partial0_upper_partial1_full_adder.adder_chain[6].adder/COUT (sky130_fd_sc_hd__fa_4)
   0.97   20.69 v maccombiner.partial0_upper_partial1_full_adder.adder_chain[7].adder/COUT (sky130_fd_sc_hd__fa_4)
   0.94   21.63 v maccombiner.partial0_upper_partial1_full_adder.adder_chain[8].adder/COUT (sky130_fd_sc_hd__fa_4)
   0.93   22.57 v maccombiner.partial0_upper_partial1_full_adder.adder_chain[9].adder/COUT (sky130_fd_sc_hd__fa_4)
   0.94   23.51 v maccombiner.partial0_upper_partial1_full_adder.adder_chain[10].adder/COUT (sky130_fd_sc_hd__fa_4)
   0.93   24.44 v maccombiner.partial0_upper_partial1_full_adder.adder_chain[11].adder/COUT (sky130_fd_sc_hd__fa_4)
   0.93   25.38 v maccombiner.partial0_upper_partial1_full_adder.adder_chain[12].adder/COUT (sky130_fd_sc_hd__fa_4)
   0.97   26.34 v maccombiner.partial0_upper_partial1_full_adder.adder_chain[13].adder/COUT (sky130_fd_sc_hd__fa_4)
   0.94   27.29 v maccombiner.partial0_upper_partial1_full_adder.adder_chain[14].adder/COUT (sky130_fd_sc_hd__fa_4)
   0.93   28.22 v maccombiner.partial0_upper_partial1_full_adder.adder_chain[15].adder/COUT (sky130_fd_sc_hd__fa_4)
   0.93   29.15 v maccombiner.partial0_upper_partial1_full_adder.adder_chain[16].adder/COUT (sky130_fd_sc_hd__fa_4)
   0.94   30.09 v maccombiner.partial0_upper_partial1_full_adder.adder_chain[17].adder/COUT (sky130_fd_sc_hd__fa_4)
   0.93   31.02 v maccombiner.partial0_upper_partial1_full_adder.adder_chain[18].adder/COUT (sky130_fd_sc_hd__fa_4)
   0.93   31.95 v maccombiner.partial0_upper_partial1_full_adder.adder_chain[19].adder/COUT (sky130_fd_sc_hd__fa_4)
   0.94   32.89 v maccombiner.partial0_upper_partial1_full_adder.adder_chain[20].adder/COUT (sky130_fd_sc_hd__fa_4)
   0.94   33.83 v maccombiner.partial0_upper_partial1_full_adder.adder_chain[21].adder/COUT (sky130_fd_sc_hd__fa_4)
   0.93   34.76 v maccombiner.partial0_upper_partial1_full_adder.adder_chain[22].adder/COUT (sky130_fd_sc_hd__fa_4)
   0.97   35.73 v maccombiner.partial0_upper_partial1_full_adder.adder_chain[23].adder/COUT (sky130_fd_sc_hd__fa_4)
   0.94   36.67 v maccombiner.partial0_upper_partial1_full_adder.adder_chain[24].adder/COUT (sky130_fd_sc_hd__fa_4)
   0.93   37.60 v maccombiner.partial0_upper_partial1_full_adder.adder_chain[25].adder/COUT (sky130_fd_sc_hd__fa_4)
   0.93   38.54 v maccombiner.partial0_upper_partial1_full_adder.adder_chain[26].adder/COUT (sky130_fd_sc_hd__fa_4)
   0.94   39.47 v maccombiner.partial0_upper_partial1_full_adder.adder_chain[27].adder/COUT (sky130_fd_sc_hd__fa_4)
   0.94   40.41 v maccombiner.partial0_upper_partial1_full_adder.adder_chain[28].adder/COUT (sky130_fd_sc_hd__fa_4)
   0.93   41.35 v maccombiner.partial0_upper_partial1_full_adder.adder_chain[29].adder/COUT (sky130_fd_sc_hd__fa_4)
   0.93   42.28 v maccombiner.partial0_upper_partial1_full_adder.adder_chain[30].adder/COUT (sky130_fd_sc_hd__fa_4)
   1.01   43.29 v maccombiner.partial0_upper_partial1_full_adder.adder_chain[31].adder/COUT (sky130_fd_sc_hd__fa_4)
   0.95   44.24 v maccombiner.partial0_upper_partial1_full_adder.adder_chain[32].adder/COUT (sky130_fd_sc_hd__fa_4)
   0.94   45.18 v maccombiner.partial0_upper_partial1_full_adder.adder_chain[33].adder/COUT (sky130_fd_sc_hd__fa_4)
   0.94   46.13 v maccombiner.partial0_upper_partial1_full_adder.adder_chain[34].adder/COUT (sky130_fd_sc_hd__fa_4)
   1.05   47.17 v maccombiner.partial0_upper_partial1_full_adder.adder_chain[35].adder/COUT (sky130_fd_sc_hd__fa_4)
   0.97   48.14 v maccombiner.partial0_upper_partial1_full_adder.adder_chain[36].adder/COUT (sky130_fd_sc_hd__fa_4)
   1.36   49.50 v maccombiner.partial0_upper_partial1_full_adder.adder_chain[37].adder/SUM (sky130_fd_sc_hd__fa_4)
   1.10   50.60 v maccombiner.quad_full_adder.adder_chain[29].adder/COUT (sky130_fd_sc_hd__fa_4)
   0.94   51.55 v maccombiner.quad_full_adder.adder_chain[30].adder/COUT (sky130_fd_sc_hd__fa_4)
   0.94   52.49 v maccombiner.quad_full_adder.adder_chain[31].adder/COUT (sky130_fd_sc_hd__fa_4)
   0.95   53.44 v maccombiner.quad_full_adder.adder_chain[32].adder/COUT (sky130_fd_sc_hd__fa_4)
   0.94   54.38 v maccombiner.quad_full_adder.adder_chain[33].adder/COUT (sky130_fd_sc_hd__fa_4)
   0.94   55.32 v maccombiner.quad_full_adder.adder_chain[34].adder/COUT (sky130_fd_sc_hd__fa_4)
   0.95   56.27 v maccombiner.quad_full_adder.adder_chain[35].adder/COUT (sky130_fd_sc_hd__fa_4)
   0.94   57.20 v maccombiner.quad_full_adder.adder_chain[36].adder/COUT (sky130_fd_sc_hd__fa_4)
   0.93   58.13 v maccombiner.quad_full_adder.adder_chain[37].adder/COUT (sky130_fd_sc_hd__fa_4)
   0.94   59.07 v maccombiner.quad_full_adder.adder_chain[38].adder/COUT (sky130_fd_sc_hd__fa_4)
   0.94   60.01 v maccombiner.quad_full_adder.adder_chain[39].adder/COUT (sky130_fd_sc_hd__fa_4)
   0.93   60.94 v maccombiner.quad_full_adder.adder_chain[40].adder/COUT (sky130_fd_sc_hd__fa_4)
   0.94   61.88 v maccombiner.quad_full_adder.adder_chain[41].adder/COUT (sky130_fd_sc_hd__fa_4)
   0.94   62.82 v maccombiner.quad_full_adder.adder_chain[42].adder/COUT (sky130_fd_sc_hd__fa_4)
   0.93   63.75 v maccombiner.quad_full_adder.adder_chain[43].adder/COUT (sky130_fd_sc_hd__fa_4)
   0.93   64.68 v maccombiner.quad_full_adder.adder_chain[44].adder/COUT (sky130_fd_sc_hd__fa_4)
   0.93   65.62 v maccombiner.quad_full_adder.adder_chain[45].adder/COUT (sky130_fd_sc_hd__fa_4)
   0.93   66.55 v maccombiner.quad_full_adder.adder_chain[46].adder/COUT (sky130_fd_sc_hd__fa_4)
   0.94   67.49 v maccombiner.quad_full_adder.adder_chain[47].adder/COUT (sky130_fd_sc_hd__fa_4)
   1.24   68.73 v maccombiner.quad_full_adder.adder_chain[48].adder/SUM (sky130_fd_sc_hd__fa_4)
   0.40   69.13 v _05831_/X (sky130_fd_sc_hd__and2_2)
   0.68   69.81 v _05832_/X (sky130_fd_sc_hd__or2_2)
   0.40   70.21 v _05833_/X (sky130_fd_sc_hd__buf_1)
   1.03   71.24 v _06896_/X (sky130_fd_sc_hd__or3_2)
   1.30   72.53 v _06897_/X (sky130_fd_sc_hd__or4_2)
   1.16   73.69 v _06911_/X (sky130_fd_sc_hd__or3_2)
   0.34   74.04 v _06912_/X (sky130_fd_sc_hd__buf_1)
   1.60   75.63 v _06916_/X (sky130_fd_sc_hd__or4_2)
   0.78   76.41 v _06920_/X (sky130_fd_sc_hd__or2_2)
   0.35   76.77 v _06921_/X (sky130_fd_sc_hd__buf_1)
   0.66   77.43 ^ _06922_/Y (sky130_fd_sc_hd__nor4_2)
   0.44   77.87 ^ _06923_/X (sky130_fd_sc_hd__or2_2)
   0.12   77.99 ^ _06924_/X (sky130_fd_sc_hd__buf_1)
   0.04   78.03 v _08551_/Y (sky130_fd_sc_hd__inv_8)
   0.64   78.67 v _08571_/X (sky130_fd_sc_hd__or2_2)
   0.36   79.03 v _08572_/X (sky130_fd_sc_hd__buf_1)
   0.71   79.74 v _08576_/X (sky130_fd_sc_hd__or2_2)
   0.37   80.11 v _08577_/X (sky130_fd_sc_hd__buf_1)
   0.71   80.81 v _08591_/X (sky130_fd_sc_hd__or2_2)
   0.30   81.12 v _08592_/X (sky130_fd_sc_hd__buf_1)
   0.22   81.33 ^ _08594_/Y (sky130_fd_sc_hd__nor2_2)
   1.32   82.65 v macaccnegator.C3_adder.adder.adders[0].adder.adders[2].adder.adders[2].adder/SUM (sky130_fd_sc_hd__fa_4)
   0.24   82.89 ^ _05551_/Y (sky130_fd_sc_hd__nor2_2)
   0.11   83.00 v _05558_/Y (sky130_fd_sc_hd__nor3_2)
   0.00   83.00 v _10565_/D (sky130_fd_sc_hd__dfxtp_4)
          83.00   data arrival time

  83.00   83.00   clock clk (rise edge)
   0.00   83.00   clock network delay (ideal)
   0.00   83.00   clock reconvergence pessimism
          83.00 ^ _10565_/CLK (sky130_fd_sc_hd__dfxtp_4)
  -0.28   82.72   library setup time
          82.72   data required time
---------------------------------------------------------
          82.72   data required time
         -83.00   data arrival time
---------------------------------------------------------
          -0.28   slack (VIOLATED)


